Starting cluster.
Starting standalonesession daemon on host cx03.
Starting taskexecutor daemon on host cx03.
Script has working directory /sc/home/magnus.menger
Experiment #0/15
Configuration: {'data_generator.data_source': 'Debs2013', 'benchmark.operator': 'Baseline', 'query_generator.max_parallelism': 1, 'query_generator.ending_per_batch': 0}
Configuration file: /sc/home/magnus.menger/repos/mt-flink-1-20/out/configs/1760010133337.yml

Running command: /sc/home/magnus.menger/repos/mt-flink-1-20/flink-1.20.2/bin/flink run /sc/home/magnus.menger/repos/mt-flink-1-20/target/mt-flink-1-20-1.0-SNAPSHOT-fat.jar /sc/home/magnus.menger/repos/mt-flink-1-20/out/configs/1760010133337.yml
STDOUT:
 Job has been submitted with JobID ad8b31d0964c10e6ffb64da7ad8a9669
Program execution finished
Job with JobID ad8b31d0964c10e6ffb64da7ad8a9669 has finished.
Job Runtime: 301415 ms


STDERR:
 

-------

Experiment #1/15
Configuration: {'data_generator.data_source': 'Debs2013', 'benchmark.operator': 'AStream', 'query_generator.max_parallelism': 1, 'query_generator.ending_per_batch': 0}
Configuration file: /sc/home/magnus.menger/repos/mt-flink-1-20/out/configs/1760010440941.yml

Running command: /sc/home/magnus.menger/repos/mt-flink-1-20/flink-1.20.2/bin/flink run /sc/home/magnus.menger/repos/mt-flink-1-20/target/mt-flink-1-20-1.0-SNAPSHOT-fat.jar /sc/home/magnus.menger/repos/mt-flink-1-20/out/configs/1760010440941.yml
STDOUT:
 Job has been submitted with JobID 31f7661f9efe40993d28859b94827f05
Program execution finished
Job with JobID 31f7661f9efe40993d28859b94827f05 has finished.
Job Runtime: 300552 ms


STDERR:
 

-------

Experiment #2/15
Configuration: {'data_generator.data_source': 'Debs2013', 'benchmark.operator': 'Optimized', 'query_generator.max_parallelism': 1, 'query_generator.ending_per_batch': 0, 'query_generator.aggregations': ['min', 'max', 'count', 'sum', 'avg_shared']}
Configuration file: /sc/home/magnus.menger/repos/mt-flink-1-20/out/configs/1760010747714.yml

Running command: /sc/home/magnus.menger/repos/mt-flink-1-20/flink-1.20.2/bin/flink run /sc/home/magnus.menger/repos/mt-flink-1-20/target/mt-flink-1-20-1.0-SNAPSHOT-fat.jar /sc/home/magnus.menger/repos/mt-flink-1-20/out/configs/1760010747714.yml
STDOUT:
 Job has been submitted with JobID 267fcc181a04008dd517fd4c6b114906
Program execution finished
Job with JobID 267fcc181a04008dd517fd4c6b114906 has finished.
Job Runtime: 305563 ms


STDERR:
 

-------

Experiment #3/15
Configuration: {'data_generator.data_source': 'Debs2013', 'benchmark.operator': 'Baseline', 'query_generator.max_parallelism': 50, 'query_generator.ending_per_batch': 5}
Configuration file: /sc/home/magnus.menger/repos/mt-flink-1-20/out/configs/1760011058107.yml

Running command: /sc/home/magnus.menger/repos/mt-flink-1-20/flink-1.20.2/bin/flink run /sc/home/magnus.menger/repos/mt-flink-1-20/target/mt-flink-1-20-1.0-SNAPSHOT-fat.jar /sc/home/magnus.menger/repos/mt-flink-1-20/out/configs/1760011058107.yml
STDOUT:
 Job has been submitted with JobID b266d0f07fa03880198c6b75c07103f4
Program execution finished
Job with JobID b266d0f07fa03880198c6b75c07103f4 has finished.
Job Runtime: 300592 ms


STDERR:
 

-------

Experiment #4/15
Configuration: {'data_generator.data_source': 'Debs2013', 'benchmark.operator': 'AStream', 'query_generator.max_parallelism': 50, 'query_generator.ending_per_batch': 5}
Configuration file: /sc/home/magnus.menger/repos/mt-flink-1-20/out/configs/1760011364419.yml

Running command: /sc/home/magnus.menger/repos/mt-flink-1-20/flink-1.20.2/bin/flink run /sc/home/magnus.menger/repos/mt-flink-1-20/target/mt-flink-1-20-1.0-SNAPSHOT-fat.jar /sc/home/magnus.menger/repos/mt-flink-1-20/out/configs/1760011364419.yml
STDOUT:
 Job has been submitted with JobID dde609c2432e065d1176ff057a4fe7ba
Program execution finished
Job with JobID dde609c2432e065d1176ff057a4fe7ba has finished.
Job Runtime: 300729 ms


STDERR:
 

-------

Experiment #5/15
Configuration: {'data_generator.data_source': 'Debs2013', 'benchmark.operator': 'Optimized', 'query_generator.max_parallelism': 50, 'query_generator.ending_per_batch': 5, 'query_generator.aggregations': ['min', 'max', 'count', 'sum', 'avg_shared']}
Configuration file: /sc/home/magnus.menger/repos/mt-flink-1-20/out/configs/1760011670608.yml

Running command: /sc/home/magnus.menger/repos/mt-flink-1-20/flink-1.20.2/bin/flink run /sc/home/magnus.menger/repos/mt-flink-1-20/target/mt-flink-1-20-1.0-SNAPSHOT-fat.jar /sc/home/magnus.menger/repos/mt-flink-1-20/out/configs/1760011670608.yml
STDOUT:
 Job has been submitted with JobID e55b4f98f55e29f2240a65cbdf2b1490
Program execution finished
Job with JobID e55b4f98f55e29f2240a65cbdf2b1490 has finished.
Job Runtime: 300603 ms


STDERR:
 

-------

Experiment #6/15
Configuration: {'data_generator.data_source': 'Debs2013', 'benchmark.operator': 'Baseline', 'query_generator.max_parallelism': 200, 'query_generator.ending_per_batch': 20}
Configuration file: /sc/home/magnus.menger/repos/mt-flink-1-20/out/configs/1760011976843.yml

Running command: /sc/home/magnus.menger/repos/mt-flink-1-20/flink-1.20.2/bin/flink run /sc/home/magnus.menger/repos/mt-flink-1-20/target/mt-flink-1-20-1.0-SNAPSHOT-fat.jar /sc/home/magnus.menger/repos/mt-flink-1-20/out/configs/1760011976843.yml
STDOUT:
 Job has been submitted with JobID 86b5fd1c677b7dddcb8611f962ecb588
Program execution finished
Job with JobID 86b5fd1c677b7dddcb8611f962ecb588 has finished.
Job Runtime: 300693 ms


STDERR:
 

-------

Experiment #7/15
Configuration: {'data_generator.data_source': 'Debs2013', 'benchmark.operator': 'AStream', 'query_generator.max_parallelism': 200, 'query_generator.ending_per_batch': 20}
Configuration file: /sc/home/magnus.menger/repos/mt-flink-1-20/out/configs/1760012283402.yml

Running command: /sc/home/magnus.menger/repos/mt-flink-1-20/flink-1.20.2/bin/flink run /sc/home/magnus.menger/repos/mt-flink-1-20/target/mt-flink-1-20-1.0-SNAPSHOT-fat.jar /sc/home/magnus.menger/repos/mt-flink-1-20/out/configs/1760012283402.yml
STDOUT:
 Job has been submitted with JobID 06cca519f749b5a76be833c7e2dfd6db
Program execution finished
Job with JobID 06cca519f749b5a76be833c7e2dfd6db has finished.
Job Runtime: 300573 ms


STDERR:
 

-------

Experiment #8/15
Configuration: {'data_generator.data_source': 'Debs2013', 'benchmark.operator': 'Optimized', 'query_generator.max_parallelism': 200, 'query_generator.ending_per_batch': 20, 'query_generator.aggregations': ['min', 'max', 'count', 'sum', 'avg_shared']}
Configuration file: /sc/home/magnus.menger/repos/mt-flink-1-20/out/configs/1760012589891.yml

Running command: /sc/home/magnus.menger/repos/mt-flink-1-20/flink-1.20.2/bin/flink run /sc/home/magnus.menger/repos/mt-flink-1-20/target/mt-flink-1-20-1.0-SNAPSHOT-fat.jar /sc/home/magnus.menger/repos/mt-flink-1-20/out/configs/1760012589891.yml
STDOUT:
 Job has been submitted with JobID d641eac319ae282bdb3bf6af6ad98db3
Program execution finished
Job with JobID d641eac319ae282bdb3bf6af6ad98db3 has finished.
Job Runtime: 300597 ms


STDERR:
 

-------

Experiment #9/15
Configuration: {'data_generator.data_source': 'Debs2013', 'benchmark.operator': 'Baseline', 'query_generator.max_parallelism': 1000, 'query_generator.ending_per_batch': 100}
Configuration file: /sc/home/magnus.menger/repos/mt-flink-1-20/out/configs/1760012896091.yml

Running command: /sc/home/magnus.menger/repos/mt-flink-1-20/flink-1.20.2/bin/flink run /sc/home/magnus.menger/repos/mt-flink-1-20/target/mt-flink-1-20-1.0-SNAPSHOT-fat.jar /sc/home/magnus.menger/repos/mt-flink-1-20/out/configs/1760012896091.yml
STDOUT:
 Job has been submitted with JobID ac6882e564f0a691e60e06471c0a51ef
Program execution finished
Job with JobID ac6882e564f0a691e60e06471c0a51ef has finished.
Job Runtime: 300873 ms


STDERR:
 

-------

Experiment #10/15
Configuration: {'data_generator.data_source': 'Debs2013', 'benchmark.operator': 'AStream', 'query_generator.max_parallelism': 1000, 'query_generator.ending_per_batch': 100}
Configuration file: /sc/home/magnus.menger/repos/mt-flink-1-20/out/configs/1760013202218.yml

Running command: /sc/home/magnus.menger/repos/mt-flink-1-20/flink-1.20.2/bin/flink run /sc/home/magnus.menger/repos/mt-flink-1-20/target/mt-flink-1-20-1.0-SNAPSHOT-fat.jar /sc/home/magnus.menger/repos/mt-flink-1-20/out/configs/1760013202218.yml
STDOUT:
 Job has been submitted with JobID 3cbe22747e793d5a284f2134147602f8
Program execution finished
Job with JobID 3cbe22747e793d5a284f2134147602f8 has finished.
Job Runtime: 300870 ms


STDERR:
 

-------

Experiment #11/15
Configuration: {'data_generator.data_source': 'Debs2013', 'benchmark.operator': 'Optimized', 'query_generator.max_parallelism': 1000, 'query_generator.ending_per_batch': 100, 'query_generator.aggregations': ['min', 'max', 'count', 'sum', 'avg_shared']}
Configuration file: /sc/home/magnus.menger/repos/mt-flink-1-20/out/configs/1760013508237.yml

Running command: /sc/home/magnus.menger/repos/mt-flink-1-20/flink-1.20.2/bin/flink run /sc/home/magnus.menger/repos/mt-flink-1-20/target/mt-flink-1-20-1.0-SNAPSHOT-fat.jar /sc/home/magnus.menger/repos/mt-flink-1-20/out/configs/1760013508237.yml
STDOUT:
 Job has been submitted with JobID 2195180eda311535a55e7a68c8ceda14
Program execution finished
Job with JobID 2195180eda311535a55e7a68c8ceda14 has finished.
Job Runtime: 300796 ms


STDERR:
 

-------

Experiment #12/15
Configuration: {'data_generator.data_source': 'Debs2013', 'benchmark.operator': 'Baseline', 'query_generator.max_parallelism': 5000, 'query_generator.ending_per_batch': 500}
Configuration file: /sc/home/magnus.menger/repos/mt-flink-1-20/out/configs/1760013814375.yml

Running command: /sc/home/magnus.menger/repos/mt-flink-1-20/flink-1.20.2/bin/flink run /sc/home/magnus.menger/repos/mt-flink-1-20/target/mt-flink-1-20-1.0-SNAPSHOT-fat.jar /sc/home/magnus.menger/repos/mt-flink-1-20/out/configs/1760013814375.yml
STDOUT:
 Job has been submitted with JobID c69ea75c91240db728ae4ed1594e2898
Program execution finished
Job with JobID c69ea75c91240db728ae4ed1594e2898 has finished.
Job Runtime: 307419 ms


STDERR:
 

-------

Experiment #13/15
Configuration: {'data_generator.data_source': 'Debs2013', 'benchmark.operator': 'AStream', 'query_generator.max_parallelism': 5000, 'query_generator.ending_per_batch': 500}
Configuration file: /sc/home/magnus.menger/repos/mt-flink-1-20/out/configs/1760014126551.yml

Running command: /sc/home/magnus.menger/repos/mt-flink-1-20/flink-1.20.2/bin/flink run /sc/home/magnus.menger/repos/mt-flink-1-20/target/mt-flink-1-20-1.0-SNAPSHOT-fat.jar /sc/home/magnus.menger/repos/mt-flink-1-20/out/configs/1760014126551.yml
STDOUT:
 Job has been submitted with JobID 11a5689c743e60feeeb2f091aca4ab4c
Program execution finished
Job with JobID 11a5689c743e60feeeb2f091aca4ab4c has finished.
Job Runtime: 301297 ms


STDERR:
 

-------

Experiment #14/15
Configuration: {'data_generator.data_source': 'Debs2013', 'benchmark.operator': 'Optimized', 'query_generator.max_parallelism': 5000, 'query_generator.ending_per_batch': 500, 'query_generator.aggregations': ['min', 'max', 'count', 'sum', 'avg_shared']}
Configuration file: /sc/home/magnus.menger/repos/mt-flink-1-20/out/configs/1760014432576.yml

Running command: /sc/home/magnus.menger/repos/mt-flink-1-20/flink-1.20.2/bin/flink run /sc/home/magnus.menger/repos/mt-flink-1-20/target/mt-flink-1-20-1.0-SNAPSHOT-fat.jar /sc/home/magnus.menger/repos/mt-flink-1-20/out/configs/1760014432576.yml
STDOUT:
 Job has been submitted with JobID fc57a4333aa708c8c1a978bc6302332d
Program execution finished
Job with JobID fc57a4333aa708c8c1a978bc6302332d has finished.
Job Runtime: 301596 ms


STDERR:
 

-------

Stopping taskexecutor daemon (pid: 125982) on host cx03.
Stopping standalonesession daemon (pid: 125436) on host cx03.
