Starting cluster.
Starting standalonesession daemon on host cx16.
Starting taskexecutor daemon on host cx16.
Script has working directory /sc/home/magnus.menger
Experiment #0/86
Configuration: {'benchmark.operator': 'Baseline', 'query_generator.max_parallelism': 1, 'query_generator.ending_per_batch': 0}
Configuration file: /sc/home/magnus.menger/repos/mt-flink-1-20/out/configs/1760800064142.yml

Running command: /sc/home/magnus.menger/repos/mt-flink-1-20/flink-1.20.2/bin/flink run /sc/home/magnus.menger/repos/mt-flink-1-20/target/mt-flink-1-20-1.0-SNAPSHOT-fat.jar /sc/home/magnus.menger/repos/mt-flink-1-20/out/configs/1760800064142.yml
STDOUT:
 Job has been submitted with JobID e33994752a4b650b2d0a7007e4330fd9
Program execution finished
Job with JobID e33994752a4b650b2d0a7007e4330fd9 has finished.
Job Runtime: 297454 ms


STDERR:
 

-------

Experiment #1/86
Configuration: {'benchmark.operator': 'AStream', 'query_generator.max_parallelism': 1, 'query_generator.ending_per_batch': 0}
Configuration file: /sc/home/magnus.menger/repos/mt-flink-1-20/out/configs/1760800368356.yml

Running command: /sc/home/magnus.menger/repos/mt-flink-1-20/flink-1.20.2/bin/flink run /sc/home/magnus.menger/repos/mt-flink-1-20/target/mt-flink-1-20-1.0-SNAPSHOT-fat.jar /sc/home/magnus.menger/repos/mt-flink-1-20/out/configs/1760800368356.yml
STDOUT:
 Job has been submitted with JobID bd6d6baf8b32546cdd70bf6b7c0bd042
Program execution finished
Job with JobID bd6d6baf8b32546cdd70bf6b7c0bd042 has finished.
Job Runtime: 385058 ms


STDERR:
 

-------

Experiment #2/86
Configuration: {'benchmark.operator': 'Optimized', 'query_generator.max_parallelism': 1, 'query_generator.ending_per_batch': 0}
Configuration file: /sc/home/magnus.menger/repos/mt-flink-1-20/out/configs/1760800759400.yml

Running command: /sc/home/magnus.menger/repos/mt-flink-1-20/flink-1.20.2/bin/flink run /sc/home/magnus.menger/repos/mt-flink-1-20/target/mt-flink-1-20-1.0-SNAPSHOT-fat.jar /sc/home/magnus.menger/repos/mt-flink-1-20/out/configs/1760800759400.yml
STDOUT:
 Job has been submitted with JobID 8457500d568d3c07c143da37fcb7c41d
Program execution finished
Job with JobID 8457500d568d3c07c143da37fcb7c41d has finished.
Job Runtime: 371582 ms


STDERR:
 

-------

Experiment #3/86
Configuration: {'benchmark.operator': 'Optimized', 'query_generator.max_parallelism': 1, 'query_generator.ending_per_batch': 0, 'query_generator.aggregations': ['min', 'max', 'count', 'sum', 'avg_shared']}
Configuration file: /sc/home/magnus.menger/repos/mt-flink-1-20/out/configs/1760801135860.yml

Running command: /sc/home/magnus.menger/repos/mt-flink-1-20/flink-1.20.2/bin/flink run /sc/home/magnus.menger/repos/mt-flink-1-20/target/mt-flink-1-20-1.0-SNAPSHOT-fat.jar /sc/home/magnus.menger/repos/mt-flink-1-20/out/configs/1760801135860.yml
STDOUT:
 Job has been submitted with JobID 79595fc3abd7c3ff35cdca25059fa454
Program execution finished
Job with JobID 79595fc3abd7c3ff35cdca25059fa454 has finished.
Job Runtime: 376830 ms


STDERR:
 

-------

Experiment #4/86
Configuration: {'benchmark.operator': 'Baseline', 'query_generator.max_parallelism': 50, 'query_generator.ending_per_batch': 5}
Configuration file: /sc/home/magnus.menger/repos/mt-flink-1-20/out/configs/1760801518571.yml

Running command: /sc/home/magnus.menger/repos/mt-flink-1-20/flink-1.20.2/bin/flink run /sc/home/magnus.menger/repos/mt-flink-1-20/target/mt-flink-1-20-1.0-SNAPSHOT-fat.jar /sc/home/magnus.menger/repos/mt-flink-1-20/out/configs/1760801518571.yml
STDOUT:
 Job has been submitted with JobID a0e16df681468ddc55bab3ad3e56f984
Program execution finished
Job with JobID a0e16df681468ddc55bab3ad3e56f984 has finished.
Job Runtime: 332772 ms


STDERR:
 

-------

Experiment #5/86
Configuration: {'benchmark.operator': 'AStream', 'query_generator.max_parallelism': 50, 'query_generator.ending_per_batch': 5}
Configuration file: /sc/home/magnus.menger/repos/mt-flink-1-20/out/configs/1760801857138.yml

Running command: /sc/home/magnus.menger/repos/mt-flink-1-20/flink-1.20.2/bin/flink run /sc/home/magnus.menger/repos/mt-flink-1-20/target/mt-flink-1-20-1.0-SNAPSHOT-fat.jar /sc/home/magnus.menger/repos/mt-flink-1-20/out/configs/1760801857138.yml
STDOUT:
 Job has been submitted with JobID 9a6afec27b8f526578d0118fc28d9aa7
Program execution finished
Job with JobID 9a6afec27b8f526578d0118fc28d9aa7 has finished.
Job Runtime: 335173 ms


STDERR:
 

-------

Experiment #6/86
Configuration: {'benchmark.operator': 'Optimized', 'query_generator.max_parallelism': 50, 'query_generator.ending_per_batch': 5}
Configuration file: /sc/home/magnus.menger/repos/mt-flink-1-20/out/configs/1760802197522.yml

Running command: /sc/home/magnus.menger/repos/mt-flink-1-20/flink-1.20.2/bin/flink run /sc/home/magnus.menger/repos/mt-flink-1-20/target/mt-flink-1-20-1.0-SNAPSHOT-fat.jar /sc/home/magnus.menger/repos/mt-flink-1-20/out/configs/1760802197522.yml
STDOUT:
 Job has been submitted with JobID 48df69c2ec61cea3df32233235251f66
Program execution finished
Job with JobID 48df69c2ec61cea3df32233235251f66 has finished.
Job Runtime: 310572 ms


STDERR:
 

-------

Experiment #7/86
Configuration: {'benchmark.operator': 'Optimized', 'query_generator.max_parallelism': 50, 'query_generator.ending_per_batch': 5, 'query_generator.aggregations': ['min', 'max', 'count', 'sum', 'avg_shared']}
Configuration file: /sc/home/magnus.menger/repos/mt-flink-1-20/out/configs/1760802513794.yml

Running command: /sc/home/magnus.menger/repos/mt-flink-1-20/flink-1.20.2/bin/flink run /sc/home/magnus.menger/repos/mt-flink-1-20/target/mt-flink-1-20-1.0-SNAPSHOT-fat.jar /sc/home/magnus.menger/repos/mt-flink-1-20/out/configs/1760802513794.yml
STDOUT:
 Job has been submitted with JobID f5f9d931055875a716bdb2dfef9b4324
Program execution finished
Job with JobID f5f9d931055875a716bdb2dfef9b4324 has finished.
Job Runtime: 308421 ms


STDERR:
 

-------

Experiment #8/86
Configuration: {'benchmark.operator': 'Baseline', 'query_generator.max_parallelism': 200, 'query_generator.ending_per_batch': 20}
Configuration file: /sc/home/magnus.menger/repos/mt-flink-1-20/out/configs/1760802828070.yml

Running command: /sc/home/magnus.menger/repos/mt-flink-1-20/flink-1.20.2/bin/flink run /sc/home/magnus.menger/repos/mt-flink-1-20/target/mt-flink-1-20-1.0-SNAPSHOT-fat.jar /sc/home/magnus.menger/repos/mt-flink-1-20/out/configs/1760802828070.yml
STDOUT:
 Job has been submitted with JobID 4c9a447c2f852a0d562fd2f3ea292409
Program execution finished
Job with JobID 4c9a447c2f852a0d562fd2f3ea292409 has finished.
Job Runtime: 396977 ms


STDERR:
 

-------

Experiment #9/86
Configuration: {'benchmark.operator': 'AStream', 'query_generator.max_parallelism': 200, 'query_generator.ending_per_batch': 20}
Configuration file: /sc/home/magnus.menger/repos/mt-flink-1-20/out/configs/1760803230608.yml

Running command: /sc/home/magnus.menger/repos/mt-flink-1-20/flink-1.20.2/bin/flink run /sc/home/magnus.menger/repos/mt-flink-1-20/target/mt-flink-1-20-1.0-SNAPSHOT-fat.jar /sc/home/magnus.menger/repos/mt-flink-1-20/out/configs/1760803230608.yml
STDOUT:
 Job has been submitted with JobID b99bf4b3c261249b55d532cf276f68dc
Program execution finished
Job with JobID b99bf4b3c261249b55d532cf276f68dc has finished.
Job Runtime: 378835 ms


STDERR:
 

-------

Experiment #10/86
Configuration: {'benchmark.operator': 'Optimized', 'query_generator.max_parallelism': 200, 'query_generator.ending_per_batch': 20}
Configuration file: /sc/home/magnus.menger/repos/mt-flink-1-20/out/configs/1760803614898.yml

Running command: /sc/home/magnus.menger/repos/mt-flink-1-20/flink-1.20.2/bin/flink run /sc/home/magnus.menger/repos/mt-flink-1-20/target/mt-flink-1-20-1.0-SNAPSHOT-fat.jar /sc/home/magnus.menger/repos/mt-flink-1-20/out/configs/1760803614898.yml
STDOUT:
 Job has been submitted with JobID 878a70aeba18d446870efae4a59a7ef6
Program execution finished
Job with JobID 878a70aeba18d446870efae4a59a7ef6 has finished.
Job Runtime: 304749 ms


STDERR:
 

-------

Experiment #11/86
Configuration: {'benchmark.operator': 'Optimized', 'query_generator.max_parallelism': 200, 'query_generator.ending_per_batch': 20, 'query_generator.aggregations': ['min', 'max', 'count', 'sum', 'avg_shared']}
Configuration file: /sc/home/magnus.menger/repos/mt-flink-1-20/out/configs/1760803925040.yml

Running command: /sc/home/magnus.menger/repos/mt-flink-1-20/flink-1.20.2/bin/flink run /sc/home/magnus.menger/repos/mt-flink-1-20/target/mt-flink-1-20-1.0-SNAPSHOT-fat.jar /sc/home/magnus.menger/repos/mt-flink-1-20/out/configs/1760803925040.yml
STDOUT:
 Job has been submitted with JobID 6b9afbff5a830cc0335a845f5cdbf1c9
Program execution finished
Job with JobID 6b9afbff5a830cc0335a845f5cdbf1c9 has finished.
Job Runtime: 307182 ms


STDERR:
 

-------

Experiment #12/86
Configuration: {'benchmark.operator': 'Baseline', 'query_generator.max_parallelism': 1000, 'query_generator.ending_per_batch': 100}
Configuration file: /sc/home/magnus.menger/repos/mt-flink-1-20/out/configs/1760804237199.yml

Running command: /sc/home/magnus.menger/repos/mt-flink-1-20/flink-1.20.2/bin/flink run /sc/home/magnus.menger/repos/mt-flink-1-20/target/mt-flink-1-20-1.0-SNAPSHOT-fat.jar /sc/home/magnus.menger/repos/mt-flink-1-20/out/configs/1760804237199.yml
STDOUT:
 Job has been submitted with JobID c0c7ecab4674f2c5685ebeffd6eaf2d8
Program execution finished
Job with JobID c0c7ecab4674f2c5685ebeffd6eaf2d8 has finished.
Job Runtime: 451586 ms


STDERR:
 

-------

Experiment #13/86
Configuration: {'benchmark.operator': 'AStream', 'query_generator.max_parallelism': 1000, 'query_generator.ending_per_batch': 100}
Configuration file: /sc/home/magnus.menger/repos/mt-flink-1-20/out/configs/1760804693564.yml

Running command: /sc/home/magnus.menger/repos/mt-flink-1-20/flink-1.20.2/bin/flink run /sc/home/magnus.menger/repos/mt-flink-1-20/target/mt-flink-1-20-1.0-SNAPSHOT-fat.jar /sc/home/magnus.menger/repos/mt-flink-1-20/out/configs/1760804693564.yml
STDOUT:
 Job has been submitted with JobID 4c314ccd2bf3fee9e5c3e4e1c76b50d1
Program execution finished
Job with JobID 4c314ccd2bf3fee9e5c3e4e1c76b50d1 has finished.
Job Runtime: 386660 ms


STDERR:
 

-------

Experiment #14/86
Configuration: {'benchmark.operator': 'Optimized', 'query_generator.max_parallelism': 1000, 'query_generator.ending_per_batch': 100}
Configuration file: /sc/home/magnus.menger/repos/mt-flink-1-20/out/configs/1760805085780.yml

Running command: /sc/home/magnus.menger/repos/mt-flink-1-20/flink-1.20.2/bin/flink run /sc/home/magnus.menger/repos/mt-flink-1-20/target/mt-flink-1-20-1.0-SNAPSHOT-fat.jar /sc/home/magnus.menger/repos/mt-flink-1-20/out/configs/1760805085780.yml
STDOUT:
 Job has been submitted with JobID 93a6beb169cc2482ee0112de81ce1c11
Program execution finished
Job with JobID 93a6beb169cc2482ee0112de81ce1c11 has finished.
Job Runtime: 416411 ms


STDERR:
 

-------

Experiment #15/86
Configuration: {'benchmark.operator': 'Optimized', 'query_generator.max_parallelism': 1000, 'query_generator.ending_per_batch': 100, 'query_generator.aggregations': ['min', 'max', 'count', 'sum', 'avg_shared']}
Configuration file: /sc/home/magnus.menger/repos/mt-flink-1-20/out/configs/1760805508122.yml

Running command: /sc/home/magnus.menger/repos/mt-flink-1-20/flink-1.20.2/bin/flink run /sc/home/magnus.menger/repos/mt-flink-1-20/target/mt-flink-1-20-1.0-SNAPSHOT-fat.jar /sc/home/magnus.menger/repos/mt-flink-1-20/out/configs/1760805508122.yml
STDOUT:
 Job has been submitted with JobID bc0067b63c27cc544e5aa5c299b99b9e
Program execution finished
Job with JobID bc0067b63c27cc544e5aa5c299b99b9e has finished.
Job Runtime: 354632 ms


STDERR:
 

-------

Experiment #16/86
Configuration: {'benchmark.operator': 'Baseline', 'query_generator.max_parallelism': 5000, 'query_generator.ending_per_batch': 500}
Configuration file: /sc/home/magnus.menger/repos/mt-flink-1-20/out/configs/1760805868229.yml

Running command: /sc/home/magnus.menger/repos/mt-flink-1-20/flink-1.20.2/bin/flink run /sc/home/magnus.menger/repos/mt-flink-1-20/target/mt-flink-1-20-1.0-SNAPSHOT-fat.jar /sc/home/magnus.menger/repos/mt-flink-1-20/out/configs/1760805868229.yml
STDOUT:
 Job has been submitted with JobID 58d2722e0971ef98da16aa149d4be3d8
Program execution finished
Job with JobID 58d2722e0971ef98da16aa149d4be3d8 has finished.
Job Runtime: 424502 ms


STDERR:
 

-------

Experiment #17/86
Configuration: {'benchmark.operator': 'AStream', 'query_generator.max_parallelism': 5000, 'query_generator.ending_per_batch': 500}
Configuration file: /sc/home/magnus.menger/repos/mt-flink-1-20/out/configs/1760806298426.yml

Running command: /sc/home/magnus.menger/repos/mt-flink-1-20/flink-1.20.2/bin/flink run /sc/home/magnus.menger/repos/mt-flink-1-20/target/mt-flink-1-20-1.0-SNAPSHOT-fat.jar /sc/home/magnus.menger/repos/mt-flink-1-20/out/configs/1760806298426.yml
STDOUT:
 Job has been submitted with JobID 611373880a83c8aae077c462025ad9a6
Program execution finished
Job with JobID 611373880a83c8aae077c462025ad9a6 has finished.
Job Runtime: 386679 ms


STDERR:
 

-------

Experiment #18/86
Configuration: {'benchmark.operator': 'Optimized', 'query_generator.max_parallelism': 5000, 'query_generator.ending_per_batch': 500}
Configuration file: /sc/home/magnus.menger/repos/mt-flink-1-20/out/configs/1760806690476.yml

Running command: /sc/home/magnus.menger/repos/mt-flink-1-20/flink-1.20.2/bin/flink run /sc/home/magnus.menger/repos/mt-flink-1-20/target/mt-flink-1-20-1.0-SNAPSHOT-fat.jar /sc/home/magnus.menger/repos/mt-flink-1-20/out/configs/1760806690476.yml
STDOUT:
 Job has been submitted with JobID 0a8826b1ea5e52381733b6d233d51fff
Program execution finished
Job with JobID 0a8826b1ea5e52381733b6d233d51fff has finished.
Job Runtime: 461689 ms


STDERR:
 

-------

Experiment #19/86
Configuration: {'benchmark.operator': 'Optimized', 'query_generator.max_parallelism': 5000, 'query_generator.ending_per_batch': 500, 'query_generator.aggregations': ['min', 'max', 'count', 'sum', 'avg_shared']}
Configuration file: /sc/home/magnus.menger/repos/mt-flink-1-20/out/configs/1760807156932.yml

Running command: /sc/home/magnus.menger/repos/mt-flink-1-20/flink-1.20.2/bin/flink run /sc/home/magnus.menger/repos/mt-flink-1-20/target/mt-flink-1-20-1.0-SNAPSHOT-fat.jar /sc/home/magnus.menger/repos/mt-flink-1-20/out/configs/1760807156932.yml
STDOUT:
 Job has been submitted with JobID 29d5cee202fca0651d67db46d1aaac39
Program execution finished
Job with JobID 29d5cee202fca0651d67db46d1aaac39 has finished.
Job Runtime: 818483 ms


STDERR:
 

-------

Experiment #20/86
Configuration: {'benchmark.operator': 'Baseline', 'query_generator.filter_generation_mode': 'EquallySpacedOverlapping', 'query_generator.overlap_ratio': 0.0}
Configuration file: /sc/home/magnus.menger/repos/mt-flink-1-20/out/configs/1760807980622.yml

Running command: /sc/home/magnus.menger/repos/mt-flink-1-20/flink-1.20.2/bin/flink run /sc/home/magnus.menger/repos/mt-flink-1-20/target/mt-flink-1-20-1.0-SNAPSHOT-fat.jar /sc/home/magnus.menger/repos/mt-flink-1-20/out/configs/1760807980622.yml
STDOUT:
 Job has been submitted with JobID 97f03dc37f1dfcc704841cfde2fee6ca
Program execution finished
Job with JobID 97f03dc37f1dfcc704841cfde2fee6ca has finished.
Job Runtime: 361196 ms


STDERR:
 

-------

Experiment #21/86
Configuration: {'benchmark.operator': 'AStream', 'query_generator.filter_generation_mode': 'EquallySpacedOverlapping', 'query_generator.overlap_ratio': 0.0}
Configuration file: /sc/home/magnus.menger/repos/mt-flink-1-20/out/configs/1760808347808.yml

Running command: /sc/home/magnus.menger/repos/mt-flink-1-20/flink-1.20.2/bin/flink run /sc/home/magnus.menger/repos/mt-flink-1-20/target/mt-flink-1-20-1.0-SNAPSHOT-fat.jar /sc/home/magnus.menger/repos/mt-flink-1-20/out/configs/1760808347808.yml
STDOUT:
 Job has been submitted with JobID d49512c6c2134da22b9c256dab947d18
Program execution finished
Job with JobID d49512c6c2134da22b9c256dab947d18 has finished.
Job Runtime: 341729 ms


STDERR:
 

-------

Experiment #22/86
Configuration: {'benchmark.operator': 'Optimized', 'query_generator.filter_generation_mode': 'EquallySpacedOverlapping', 'query_generator.overlap_ratio': 0.0, 'query_generator.aggregations': ['min', 'max', 'count', 'sum', 'avg_shared']}
Configuration file: /sc/home/magnus.menger/repos/mt-flink-1-20/out/configs/1760808694703.yml

Running command: /sc/home/magnus.menger/repos/mt-flink-1-20/flink-1.20.2/bin/flink run /sc/home/magnus.menger/repos/mt-flink-1-20/target/mt-flink-1-20-1.0-SNAPSHOT-fat.jar /sc/home/magnus.menger/repos/mt-flink-1-20/out/configs/1760808694703.yml
STDOUT:
 Job has been submitted with JobID cb3d1490819f8c275e5d2d0455928d3a
Program execution finished
Job with JobID cb3d1490819f8c275e5d2d0455928d3a has finished.
Job Runtime: 367516 ms


STDERR:
 

-------

Experiment #23/86
Configuration: {'benchmark.operator': 'Baseline', 'query_generator.filter_generation_mode': 'EquallySpacedOverlapping', 'query_generator.overlap_ratio': 0.1}
Configuration file: /sc/home/magnus.menger/repos/mt-flink-1-20/out/configs/1760809067895.yml

Running command: /sc/home/magnus.menger/repos/mt-flink-1-20/flink-1.20.2/bin/flink run /sc/home/magnus.menger/repos/mt-flink-1-20/target/mt-flink-1-20-1.0-SNAPSHOT-fat.jar /sc/home/magnus.menger/repos/mt-flink-1-20/out/configs/1760809067895.yml
STDOUT:
 Job has been submitted with JobID 78449bf983319d8abe490aa060bd452b
Program execution finished
Job with JobID 78449bf983319d8abe490aa060bd452b has finished.
Job Runtime: 470052 ms


STDERR:
 

-------

Experiment #24/86
Configuration: {'benchmark.operator': 'AStream', 'query_generator.filter_generation_mode': 'EquallySpacedOverlapping', 'query_generator.overlap_ratio': 0.1}
Configuration file: /sc/home/magnus.menger/repos/mt-flink-1-20/out/configs/1760809543470.yml

Running command: /sc/home/magnus.menger/repos/mt-flink-1-20/flink-1.20.2/bin/flink run /sc/home/magnus.menger/repos/mt-flink-1-20/target/mt-flink-1-20-1.0-SNAPSHOT-fat.jar /sc/home/magnus.menger/repos/mt-flink-1-20/out/configs/1760809543470.yml
STDOUT:
 Job has been submitted with JobID 4a07ae77f8145d480c1ec57cb52b8247
Program execution finished
Job with JobID 4a07ae77f8145d480c1ec57cb52b8247 has finished.
Job Runtime: 354051 ms


STDERR:
 

-------

Experiment #25/86
Configuration: {'benchmark.operator': 'Optimized', 'query_generator.filter_generation_mode': 'EquallySpacedOverlapping', 'query_generator.overlap_ratio': 0.1, 'query_generator.aggregations': ['min', 'max', 'count', 'sum', 'avg_shared']}
Configuration file: /sc/home/magnus.menger/repos/mt-flink-1-20/out/configs/1760809904562.yml

Running command: /sc/home/magnus.menger/repos/mt-flink-1-20/flink-1.20.2/bin/flink run /sc/home/magnus.menger/repos/mt-flink-1-20/target/mt-flink-1-20-1.0-SNAPSHOT-fat.jar /sc/home/magnus.menger/repos/mt-flink-1-20/out/configs/1760809904562.yml
STDOUT:
 Job has been submitted with JobID 6e20ee424709967c6d8cb77a06cf6c4d
Program execution finished
Job with JobID 6e20ee424709967c6d8cb77a06cf6c4d has finished.
Job Runtime: 372758 ms


STDERR:
 

-------

Experiment #26/86
Configuration: {'benchmark.operator': 'Baseline', 'query_generator.filter_generation_mode': 'EquallySpacedOverlapping', 'query_generator.overlap_ratio': 0.25}
Configuration file: /sc/home/magnus.menger/repos/mt-flink-1-20/out/configs/1760810283764.yml

Running command: /sc/home/magnus.menger/repos/mt-flink-1-20/flink-1.20.2/bin/flink run /sc/home/magnus.menger/repos/mt-flink-1-20/target/mt-flink-1-20-1.0-SNAPSHOT-fat.jar /sc/home/magnus.menger/repos/mt-flink-1-20/out/configs/1760810283764.yml
STDOUT:
 Job has been submitted with JobID c6846f0b3beaff61b74fee8253bbbb64
Program execution finished
Job with JobID c6846f0b3beaff61b74fee8253bbbb64 has finished.
Job Runtime: 400679 ms


STDERR:
 

-------

Experiment #27/86
Configuration: {'benchmark.operator': 'AStream', 'query_generator.filter_generation_mode': 'EquallySpacedOverlapping', 'query_generator.overlap_ratio': 0.25}
Configuration file: /sc/home/magnus.menger/repos/mt-flink-1-20/out/configs/1760810690909.yml

Running command: /sc/home/magnus.menger/repos/mt-flink-1-20/flink-1.20.2/bin/flink run /sc/home/magnus.menger/repos/mt-flink-1-20/target/mt-flink-1-20-1.0-SNAPSHOT-fat.jar /sc/home/magnus.menger/repos/mt-flink-1-20/out/configs/1760810690909.yml
STDOUT:
 Job has been submitted with JobID 43e325accf18caf1c24e4d61b66993ba
Program execution finished
Job with JobID 43e325accf18caf1c24e4d61b66993ba has finished.
Job Runtime: 346556 ms


STDERR:
 

-------

Experiment #28/86
Configuration: {'benchmark.operator': 'Optimized', 'query_generator.filter_generation_mode': 'EquallySpacedOverlapping', 'query_generator.overlap_ratio': 0.25, 'query_generator.aggregations': ['min', 'max', 'count', 'sum', 'avg_shared']}
Configuration file: /sc/home/magnus.menger/repos/mt-flink-1-20/out/configs/1760811043861.yml

Running command: /sc/home/magnus.menger/repos/mt-flink-1-20/flink-1.20.2/bin/flink run /sc/home/magnus.menger/repos/mt-flink-1-20/target/mt-flink-1-20-1.0-SNAPSHOT-fat.jar /sc/home/magnus.menger/repos/mt-flink-1-20/out/configs/1760811043861.yml
STDOUT:
 Job has been submitted with JobID 5952e687fa4dd0fb31b0f2b7e3762f3d
Program execution finished
Job with JobID 5952e687fa4dd0fb31b0f2b7e3762f3d has finished.
Job Runtime: 324106 ms


STDERR:
 

-------

Experiment #29/86
Configuration: {'benchmark.operator': 'Baseline', 'query_generator.filter_generation_mode': 'EquallySpacedOverlapping', 'query_generator.overlap_ratio': 0.5}
Configuration file: /sc/home/magnus.menger/repos/mt-flink-1-20/out/configs/1760811374902.yml

Running command: /sc/home/magnus.menger/repos/mt-flink-1-20/flink-1.20.2/bin/flink run /sc/home/magnus.menger/repos/mt-flink-1-20/target/mt-flink-1-20-1.0-SNAPSHOT-fat.jar /sc/home/magnus.menger/repos/mt-flink-1-20/out/configs/1760811374902.yml
STDOUT:
 Job has been submitted with JobID eb42210617d1ca0ea29e968c6fa170c2
Program execution finished
Job with JobID eb42210617d1ca0ea29e968c6fa170c2 has finished.
Job Runtime: 405212 ms


STDERR:
 

-------

Experiment #30/86
Configuration: {'benchmark.operator': 'AStream', 'query_generator.filter_generation_mode': 'EquallySpacedOverlapping', 'query_generator.overlap_ratio': 0.5}
Configuration file: /sc/home/magnus.menger/repos/mt-flink-1-20/out/configs/1760811786255.yml

Running command: /sc/home/magnus.menger/repos/mt-flink-1-20/flink-1.20.2/bin/flink run /sc/home/magnus.menger/repos/mt-flink-1-20/target/mt-flink-1-20-1.0-SNAPSHOT-fat.jar /sc/home/magnus.menger/repos/mt-flink-1-20/out/configs/1760811786255.yml
STDOUT:
 Job has been submitted with JobID c13ba52b523b5394c2e9089ce6710a92
Program execution finished
Job with JobID c13ba52b523b5394c2e9089ce6710a92 has finished.
Job Runtime: 352979 ms


STDERR:
 

-------

Experiment #31/86
Configuration: {'benchmark.operator': 'Optimized', 'query_generator.filter_generation_mode': 'EquallySpacedOverlapping', 'query_generator.overlap_ratio': 0.5, 'query_generator.aggregations': ['min', 'max', 'count', 'sum', 'avg_shared']}
Configuration file: /sc/home/magnus.menger/repos/mt-flink-1-20/out/configs/1760812145379.yml

Running command: /sc/home/magnus.menger/repos/mt-flink-1-20/flink-1.20.2/bin/flink run /sc/home/magnus.menger/repos/mt-flink-1-20/target/mt-flink-1-20-1.0-SNAPSHOT-fat.jar /sc/home/magnus.menger/repos/mt-flink-1-20/out/configs/1760812145379.yml
STDOUT:
 Job has been submitted with JobID a244fd4dc1dd1c2015dec9a15709a3a5
Program execution finished
Job with JobID a244fd4dc1dd1c2015dec9a15709a3a5 has finished.
Job Runtime: 420824 ms


STDERR:
 

-------

Experiment #32/86
Configuration: {'benchmark.operator': 'Baseline', 'query_generator.filter_generation_mode': 'EquallySpacedOverlapping', 'query_generator.overlap_ratio': 0.75}
Configuration file: /sc/home/magnus.menger/repos/mt-flink-1-20/out/configs/1760812572623.yml

Running command: /sc/home/magnus.menger/repos/mt-flink-1-20/flink-1.20.2/bin/flink run /sc/home/magnus.menger/repos/mt-flink-1-20/target/mt-flink-1-20-1.0-SNAPSHOT-fat.jar /sc/home/magnus.menger/repos/mt-flink-1-20/out/configs/1760812572623.yml
STDOUT:
 Job has been submitted with JobID 2e00bd77d9dd24fc21db4941cf8b0350
Program execution finished
Job with JobID 2e00bd77d9dd24fc21db4941cf8b0350 has finished.
Job Runtime: 390795 ms


STDERR:
 

-------

Experiment #33/86
Configuration: {'benchmark.operator': 'AStream', 'query_generator.filter_generation_mode': 'EquallySpacedOverlapping', 'query_generator.overlap_ratio': 0.75}
Configuration file: /sc/home/magnus.menger/repos/mt-flink-1-20/out/configs/1760812969817.yml

Running command: /sc/home/magnus.menger/repos/mt-flink-1-20/flink-1.20.2/bin/flink run /sc/home/magnus.menger/repos/mt-flink-1-20/target/mt-flink-1-20-1.0-SNAPSHOT-fat.jar /sc/home/magnus.menger/repos/mt-flink-1-20/out/configs/1760812969817.yml
STDOUT:
 Job has been submitted with JobID ed8cc4d3bb40047be9a84ecd9faa4cb4
Program execution finished
Job with JobID ed8cc4d3bb40047be9a84ecd9faa4cb4 has finished.
Job Runtime: 373281 ms


STDERR:
 

-------

Experiment #34/86
Configuration: {'benchmark.operator': 'Optimized', 'query_generator.filter_generation_mode': 'EquallySpacedOverlapping', 'query_generator.overlap_ratio': 0.75, 'query_generator.aggregations': ['min', 'max', 'count', 'sum', 'avg_shared']}
Configuration file: /sc/home/magnus.menger/repos/mt-flink-1-20/out/configs/1760813348800.yml

Running command: /sc/home/magnus.menger/repos/mt-flink-1-20/flink-1.20.2/bin/flink run /sc/home/magnus.menger/repos/mt-flink-1-20/target/mt-flink-1-20-1.0-SNAPSHOT-fat.jar /sc/home/magnus.menger/repos/mt-flink-1-20/out/configs/1760813348800.yml
STDOUT:
 Job has been submitted with JobID 80cf9fd8b834bbec81c699561fb677fd
Program execution finished
Job with JobID 80cf9fd8b834bbec81c699561fb677fd has finished.
Job Runtime: 311711 ms


STDERR:
 

-------

Experiment #35/86
Configuration: {'benchmark.operator': 'Baseline', 'query_generator.filter_generation_mode': 'EquallySpacedOverlapping', 'query_generator.overlap_ratio': 1.0}
Configuration file: /sc/home/magnus.menger/repos/mt-flink-1-20/out/configs/1760813665459.yml

Running command: /sc/home/magnus.menger/repos/mt-flink-1-20/flink-1.20.2/bin/flink run /sc/home/magnus.menger/repos/mt-flink-1-20/target/mt-flink-1-20-1.0-SNAPSHOT-fat.jar /sc/home/magnus.menger/repos/mt-flink-1-20/out/configs/1760813665459.yml
STDOUT:
 Job has been submitted with JobID 6a14f1338e1b17e6c907661e6f1d8ea9
Program execution finished
Job with JobID 6a14f1338e1b17e6c907661e6f1d8ea9 has finished.
Job Runtime: 456635 ms


STDERR:
 

-------

Experiment #36/86
Configuration: {'benchmark.operator': 'AStream', 'query_generator.filter_generation_mode': 'EquallySpacedOverlapping', 'query_generator.overlap_ratio': 1.0}
Configuration file: /sc/home/magnus.menger/repos/mt-flink-1-20/out/configs/1760814128626.yml

Running command: /sc/home/magnus.menger/repos/mt-flink-1-20/flink-1.20.2/bin/flink run /sc/home/magnus.menger/repos/mt-flink-1-20/target/mt-flink-1-20-1.0-SNAPSHOT-fat.jar /sc/home/magnus.menger/repos/mt-flink-1-20/out/configs/1760814128626.yml
STDOUT:
 Job has been submitted with JobID 0aec2ef06663f6b9060eb1a4e03a681c
Program execution finished
Job with JobID 0aec2ef06663f6b9060eb1a4e03a681c has finished.
Job Runtime: 358691 ms


STDERR:
 

-------

Experiment #37/86
Configuration: {'benchmark.operator': 'Optimized', 'query_generator.filter_generation_mode': 'EquallySpacedOverlapping', 'query_generator.overlap_ratio': 1.0, 'query_generator.aggregations': ['min', 'max', 'count', 'sum', 'avg_shared']}
Configuration file: /sc/home/magnus.menger/repos/mt-flink-1-20/out/configs/1760814493300.yml

Running command: /sc/home/magnus.menger/repos/mt-flink-1-20/flink-1.20.2/bin/flink run /sc/home/magnus.menger/repos/mt-flink-1-20/target/mt-flink-1-20-1.0-SNAPSHOT-fat.jar /sc/home/magnus.menger/repos/mt-flink-1-20/out/configs/1760814493300.yml
STDOUT:
 Job has been submitted with JobID 317e86d8a3d7d3fa64400da0d2db5f36
Program execution finished
Job with JobID 317e86d8a3d7d3fa64400da0d2db5f36 has finished.
Job Runtime: 302813 ms


STDERR:
 

-------

Experiment #38/86
Configuration: {'benchmark.operator': 'Baseline', 'query_generator.different_filters': 50}
Configuration file: /sc/home/magnus.menger/repos/mt-flink-1-20/out/configs/1760814801889.yml

Running command: /sc/home/magnus.menger/repos/mt-flink-1-20/flink-1.20.2/bin/flink run /sc/home/magnus.menger/repos/mt-flink-1-20/target/mt-flink-1-20-1.0-SNAPSHOT-fat.jar /sc/home/magnus.menger/repos/mt-flink-1-20/out/configs/1760814801889.yml
STDOUT:
 Job has been submitted with JobID bca6dd4f043adc3fcd08d691434d50cc
Program execution finished
Job with JobID bca6dd4f043adc3fcd08d691434d50cc has finished.
Job Runtime: 409338 ms


STDERR:
 

-------

Experiment #39/86
Configuration: {'benchmark.operator': 'AStream', 'query_generator.different_filters': 50}
Configuration file: /sc/home/magnus.menger/repos/mt-flink-1-20/out/configs/1760815216874.yml

Running command: /sc/home/magnus.menger/repos/mt-flink-1-20/flink-1.20.2/bin/flink run /sc/home/magnus.menger/repos/mt-flink-1-20/target/mt-flink-1-20-1.0-SNAPSHOT-fat.jar /sc/home/magnus.menger/repos/mt-flink-1-20/out/configs/1760815216874.yml
STDOUT:
 Job has been submitted with JobID 76a414a27d347e2ecb18f6d76f046a89
Program execution finished
Job with JobID 76a414a27d347e2ecb18f6d76f046a89 has finished.
Job Runtime: 372583 ms


STDERR:
 

-------

Experiment #40/86
Configuration: {'benchmark.operator': 'Optimized', 'query_generator.different_filters': 50, 'query_generator.aggregations': ['min', 'max', 'count', 'sum', 'avg_shared']}
Configuration file: /sc/home/magnus.menger/repos/mt-flink-1-20/out/configs/1760815595606.yml

Running command: /sc/home/magnus.menger/repos/mt-flink-1-20/flink-1.20.2/bin/flink run /sc/home/magnus.menger/repos/mt-flink-1-20/target/mt-flink-1-20-1.0-SNAPSHOT-fat.jar /sc/home/magnus.menger/repos/mt-flink-1-20/out/configs/1760815595606.yml
STDOUT:
 Job has been submitted with JobID 709ccfba1482d7a43b2f02e205d1ecbe
Program execution finished
Job with JobID 709ccfba1482d7a43b2f02e205d1ecbe has finished.
Job Runtime: 447456 ms


STDERR:
 

-------

Experiment #41/86
Configuration: {'benchmark.operator': 'Baseline', 'query_generator.different_filters': 200}
Configuration file: /sc/home/magnus.menger/repos/mt-flink-1-20/out/configs/1760816048489.yml

Running command: /sc/home/magnus.menger/repos/mt-flink-1-20/flink-1.20.2/bin/flink run /sc/home/magnus.menger/repos/mt-flink-1-20/target/mt-flink-1-20-1.0-SNAPSHOT-fat.jar /sc/home/magnus.menger/repos/mt-flink-1-20/out/configs/1760816048489.yml
STDOUT:
 Job has been submitted with JobID 7dd641743e656aeffbe9e531e0267db8
Program execution finished
Job with JobID 7dd641743e656aeffbe9e531e0267db8 has finished.
Job Runtime: 392508 ms


STDERR:
 

-------

Experiment #42/86
Configuration: {'benchmark.operator': 'AStream', 'query_generator.different_filters': 200}
Configuration file: /sc/home/magnus.menger/repos/mt-flink-1-20/out/configs/1760816447420.yml

Running command: /sc/home/magnus.menger/repos/mt-flink-1-20/flink-1.20.2/bin/flink run /sc/home/magnus.menger/repos/mt-flink-1-20/target/mt-flink-1-20-1.0-SNAPSHOT-fat.jar /sc/home/magnus.menger/repos/mt-flink-1-20/out/configs/1760816447420.yml
STDOUT:
 Job has been submitted with JobID ba3450e0e5344a2b5c14e17058007e2a
Program execution finished
Job with JobID ba3450e0e5344a2b5c14e17058007e2a has finished.
Job Runtime: 360086 ms


STDERR:
 

-------

Experiment #43/86
Configuration: {'benchmark.operator': 'Optimized', 'query_generator.different_filters': 200, 'query_generator.aggregations': ['min', 'max', 'count', 'sum', 'avg_shared']}
Configuration file: /sc/home/magnus.menger/repos/mt-flink-1-20/out/configs/1760816814065.yml

Running command: /sc/home/magnus.menger/repos/mt-flink-1-20/flink-1.20.2/bin/flink run /sc/home/magnus.menger/repos/mt-flink-1-20/target/mt-flink-1-20-1.0-SNAPSHOT-fat.jar /sc/home/magnus.menger/repos/mt-flink-1-20/out/configs/1760816814065.yml
STDOUT:
 Job has been submitted with JobID 712bfcfb41bcfc778cbd23f042b54b07
Program execution finished
Job with JobID 712bfcfb41bcfc778cbd23f042b54b07 has finished.
Job Runtime: 379446 ms


STDERR:
 

-------

Experiment #44/86
Configuration: {'benchmark.operator': 'Baseline', 'query_generator.different_aggregations': 1}
Configuration file: /sc/home/magnus.menger/repos/mt-flink-1-20/out/configs/1760817198983.yml

Running command: /sc/home/magnus.menger/repos/mt-flink-1-20/flink-1.20.2/bin/flink run /sc/home/magnus.menger/repos/mt-flink-1-20/target/mt-flink-1-20-1.0-SNAPSHOT-fat.jar /sc/home/magnus.menger/repos/mt-flink-1-20/out/configs/1760817198983.yml
STDOUT:
 Job has been submitted with JobID 6e21fe18f0cd159c6dff3753aab42513
Program execution finished
Job with JobID 6e21fe18f0cd159c6dff3753aab42513 has finished.
Job Runtime: 387190 ms


STDERR:
 

-------

Experiment #45/86
Configuration: {'benchmark.operator': 'AStream', 'query_generator.different_aggregations': 1}
Configuration file: /sc/home/magnus.menger/repos/mt-flink-1-20/out/configs/1760817591696.yml

Running command: /sc/home/magnus.menger/repos/mt-flink-1-20/flink-1.20.2/bin/flink run /sc/home/magnus.menger/repos/mt-flink-1-20/target/mt-flink-1-20-1.0-SNAPSHOT-fat.jar /sc/home/magnus.menger/repos/mt-flink-1-20/out/configs/1760817591696.yml
STDOUT:
 Job has been submitted with JobID b6ca4d2b666810402388c93fcce147d8
Program execution finished
Job with JobID b6ca4d2b666810402388c93fcce147d8 has finished.
Job Runtime: 364366 ms


STDERR:
 

-------

Experiment #46/86
Configuration: {'benchmark.operator': 'Optimized', 'query_generator.different_aggregations': 1, 'query_generator.aggregations': ['min', 'max', 'count', 'sum', 'avg_shared']}
Configuration file: /sc/home/magnus.menger/repos/mt-flink-1-20/out/configs/1760817962575.yml

Running command: /sc/home/magnus.menger/repos/mt-flink-1-20/flink-1.20.2/bin/flink run /sc/home/magnus.menger/repos/mt-flink-1-20/target/mt-flink-1-20-1.0-SNAPSHOT-fat.jar /sc/home/magnus.menger/repos/mt-flink-1-20/out/configs/1760817962575.yml
STDOUT:
 Job has been submitted with JobID 8f96f85fb7b875f428807a614a745e41
Program execution finished
Job with JobID 8f96f85fb7b875f428807a614a745e41 has finished.
Job Runtime: 412614 ms


STDERR:
 

-------

Experiment #47/86
Configuration: {'benchmark.operator': 'Baseline', 'query_generator.different_aggregations': 5}
Configuration file: /sc/home/magnus.menger/repos/mt-flink-1-20/out/configs/1760818381509.yml

Running command: /sc/home/magnus.menger/repos/mt-flink-1-20/flink-1.20.2/bin/flink run /sc/home/magnus.menger/repos/mt-flink-1-20/target/mt-flink-1-20-1.0-SNAPSHOT-fat.jar /sc/home/magnus.menger/repos/mt-flink-1-20/out/configs/1760818381509.yml
STDOUT:
 Job has been submitted with JobID ff534406f6937b4dfd2935f4de4eb33a
Program execution finished
Job with JobID ff534406f6937b4dfd2935f4de4eb33a has finished.
Job Runtime: 386708 ms


STDERR:
 

-------

Experiment #48/86
Configuration: {'benchmark.operator': 'AStream', 'query_generator.different_aggregations': 5}
Configuration file: /sc/home/magnus.menger/repos/mt-flink-1-20/out/configs/1760818774472.yml

Running command: /sc/home/magnus.menger/repos/mt-flink-1-20/flink-1.20.2/bin/flink run /sc/home/magnus.menger/repos/mt-flink-1-20/target/mt-flink-1-20-1.0-SNAPSHOT-fat.jar /sc/home/magnus.menger/repos/mt-flink-1-20/out/configs/1760818774472.yml
STDOUT:
 Job has been submitted with JobID aeb096c0c653459efe4e4be33242f9af
Program execution finished
Job with JobID aeb096c0c653459efe4e4be33242f9af has finished.
Job Runtime: 362200 ms


STDERR:
 

-------

Experiment #49/86
Configuration: {'benchmark.operator': 'Optimized', 'query_generator.different_aggregations': 5, 'query_generator.aggregations': ['min', 'max', 'count', 'sum', 'avg_shared']}
Configuration file: /sc/home/magnus.menger/repos/mt-flink-1-20/out/configs/1760819143447.yml

Running command: /sc/home/magnus.menger/repos/mt-flink-1-20/flink-1.20.2/bin/flink run /sc/home/magnus.menger/repos/mt-flink-1-20/target/mt-flink-1-20-1.0-SNAPSHOT-fat.jar /sc/home/magnus.menger/repos/mt-flink-1-20/out/configs/1760819143447.yml
STDOUT:
 Job has been submitted with JobID 22fba172c1a640c49f68019bcf65abc9
Program execution finished
Job with JobID 22fba172c1a640c49f68019bcf65abc9 has finished.
Job Runtime: 387894 ms


STDERR:
 

-------

Experiment #50/86
Configuration: {'benchmark.operator': 'Baseline', 'query_generator.different_aggregations': 15}
Configuration file: /sc/home/magnus.menger/repos/mt-flink-1-20/out/configs/1760819536322.yml

Running command: /sc/home/magnus.menger/repos/mt-flink-1-20/flink-1.20.2/bin/flink run /sc/home/magnus.menger/repos/mt-flink-1-20/target/mt-flink-1-20-1.0-SNAPSHOT-fat.jar /sc/home/magnus.menger/repos/mt-flink-1-20/out/configs/1760819536322.yml
STDOUT:
 Job has been submitted with JobID 2f4d1df91adaae0fc2e424b5d3449311
Program execution finished
Job with JobID 2f4d1df91adaae0fc2e424b5d3449311 has finished.
Job Runtime: 390305 ms


STDERR:
 

-------

Experiment #51/86
Configuration: {'benchmark.operator': 'AStream', 'query_generator.different_aggregations': 15}
Configuration file: /sc/home/magnus.menger/repos/mt-flink-1-20/out/configs/1760819933011.yml

Running command: /sc/home/magnus.menger/repos/mt-flink-1-20/flink-1.20.2/bin/flink run /sc/home/magnus.menger/repos/mt-flink-1-20/target/mt-flink-1-20-1.0-SNAPSHOT-fat.jar /sc/home/magnus.menger/repos/mt-flink-1-20/out/configs/1760819933011.yml
STDOUT:
 Job has been submitted with JobID f1d2fcd408afee25c3d209ada2162fa6
Program execution finished
Job with JobID f1d2fcd408afee25c3d209ada2162fa6 has finished.
Job Runtime: 359766 ms


STDERR:
 

-------

Experiment #52/86
Configuration: {'benchmark.operator': 'Optimized', 'query_generator.different_aggregations': 15, 'query_generator.aggregations': ['min', 'max', 'count', 'sum', 'avg_shared']}
Configuration file: /sc/home/magnus.menger/repos/mt-flink-1-20/out/configs/1760820297726.yml

Running command: /sc/home/magnus.menger/repos/mt-flink-1-20/flink-1.20.2/bin/flink run /sc/home/magnus.menger/repos/mt-flink-1-20/target/mt-flink-1-20-1.0-SNAPSHOT-fat.jar /sc/home/magnus.menger/repos/mt-flink-1-20/out/configs/1760820297726.yml
STDOUT:
 Job has been submitted with JobID 1cd7b2fa59f34af9827142920531b6dc
Program execution finished
Job with JobID 1cd7b2fa59f34af9827142920531b6dc has finished.
Job Runtime: 338676 ms


STDERR:
 

-------

Experiment #53/86
Configuration: {'benchmark.operator': 'Baseline', 'data_generator.synthetic_field_count': 10}
Configuration file: /sc/home/magnus.menger/repos/mt-flink-1-20/out/configs/1760820642657.yml

Running command: /sc/home/magnus.menger/repos/mt-flink-1-20/flink-1.20.2/bin/flink run /sc/home/magnus.menger/repos/mt-flink-1-20/target/mt-flink-1-20-1.0-SNAPSHOT-fat.jar /sc/home/magnus.menger/repos/mt-flink-1-20/out/configs/1760820642657.yml
STDOUT:
 Job has been submitted with JobID 6ca6a724b3d6d63c1e712781b3a7cd61
Program execution finished
Job with JobID 6ca6a724b3d6d63c1e712781b3a7cd61 has finished.
Job Runtime: 392871 ms


STDERR:
 

-------

Experiment #54/86
Configuration: {'benchmark.operator': 'AStream', 'data_generator.synthetic_field_count': 10}
Configuration file: /sc/home/magnus.menger/repos/mt-flink-1-20/out/configs/1760821041467.yml

Running command: /sc/home/magnus.menger/repos/mt-flink-1-20/flink-1.20.2/bin/flink run /sc/home/magnus.menger/repos/mt-flink-1-20/target/mt-flink-1-20-1.0-SNAPSHOT-fat.jar /sc/home/magnus.menger/repos/mt-flink-1-20/out/configs/1760821041467.yml
STDOUT:
 Job has been submitted with JobID 2b131f20ce5ffa7705ed258ffd617a13
Program execution finished
Job with JobID 2b131f20ce5ffa7705ed258ffd617a13 has finished.
Job Runtime: 445705 ms


STDERR:
 

-------

Experiment #55/86
Configuration: {'benchmark.operator': 'Optimized', 'data_generator.synthetic_field_count': 10, 'query_generator.aggregations': ['min', 'max', 'count', 'sum', 'avg_shared']}
Configuration file: /sc/home/magnus.menger/repos/mt-flink-1-20/out/configs/1760821492385.yml

Running command: /sc/home/magnus.menger/repos/mt-flink-1-20/flink-1.20.2/bin/flink run /sc/home/magnus.menger/repos/mt-flink-1-20/target/mt-flink-1-20-1.0-SNAPSHOT-fat.jar /sc/home/magnus.menger/repos/mt-flink-1-20/out/configs/1760821492385.yml
STDOUT:
 Job has been submitted with JobID 3f58e77d724d10741ee4351a246aa31c
Program execution finished
Job with JobID 3f58e77d724d10741ee4351a246aa31c has finished.
Job Runtime: 355901 ms


STDERR:
 

-------

Experiment #56/86
Configuration: {'benchmark.operator': 'Baseline', 'data_generator.synthetic_field_count': 20}
Configuration file: /sc/home/magnus.menger/repos/mt-flink-1-20/out/configs/1760821855301.yml

Running command: /sc/home/magnus.menger/repos/mt-flink-1-20/flink-1.20.2/bin/flink run /sc/home/magnus.menger/repos/mt-flink-1-20/target/mt-flink-1-20-1.0-SNAPSHOT-fat.jar /sc/home/magnus.menger/repos/mt-flink-1-20/out/configs/1760821855301.yml
STDOUT:
 Job has been submitted with JobID 7995f5bbf39ad80854dbea0c90ff9bab
Program execution finished
Job with JobID 7995f5bbf39ad80854dbea0c90ff9bab has finished.
Job Runtime: 400305 ms


STDERR:
 

-------

Experiment #57/86
Configuration: {'benchmark.operator': 'AStream', 'data_generator.synthetic_field_count': 20}
Configuration file: /sc/home/magnus.menger/repos/mt-flink-1-20/out/configs/1760822262196.yml

Running command: /sc/home/magnus.menger/repos/mt-flink-1-20/flink-1.20.2/bin/flink run /sc/home/magnus.menger/repos/mt-flink-1-20/target/mt-flink-1-20-1.0-SNAPSHOT-fat.jar /sc/home/magnus.menger/repos/mt-flink-1-20/out/configs/1760822262196.yml
STDOUT:
 Job has been submitted with JobID f01fd93ca90de42529be6874a1cd3467
Program execution finished
Job with JobID f01fd93ca90de42529be6874a1cd3467 has finished.
Job Runtime: 502008 ms


STDERR:
 

-------

Experiment #58/86
Configuration: {'benchmark.operator': 'Optimized', 'data_generator.synthetic_field_count': 20, 'query_generator.aggregations': ['min', 'max', 'count', 'sum', 'avg_shared']}
Configuration file: /sc/home/magnus.menger/repos/mt-flink-1-20/out/configs/1760822769233.yml

Running command: /sc/home/magnus.menger/repos/mt-flink-1-20/flink-1.20.2/bin/flink run /sc/home/magnus.menger/repos/mt-flink-1-20/target/mt-flink-1-20-1.0-SNAPSHOT-fat.jar /sc/home/magnus.menger/repos/mt-flink-1-20/out/configs/1760822769233.yml
STDOUT:
 Job has been submitted with JobID 1f81b2eabf8ef9b56f1a828c1a85454b
Program execution finished
Job with JobID 1f81b2eabf8ef9b56f1a828c1a85454b has finished.
Job Runtime: 377869 ms


STDERR:
 

-------

Experiment #59/86
Configuration: {'benchmark.operator': 'Baseline', 'data_generator.synthetic_field_count': 50}
Configuration file: /sc/home/magnus.menger/repos/mt-flink-1-20/out/configs/1760823154163.yml

Running command: /sc/home/magnus.menger/repos/mt-flink-1-20/flink-1.20.2/bin/flink run /sc/home/magnus.menger/repos/mt-flink-1-20/target/mt-flink-1-20-1.0-SNAPSHOT-fat.jar /sc/home/magnus.menger/repos/mt-flink-1-20/out/configs/1760823154163.yml
STDOUT:
 Job has been submitted with JobID 9b60e9be02e1d0b12f212fcf40c94dc6
Program execution finished
Job with JobID 9b60e9be02e1d0b12f212fcf40c94dc6 has finished.
Job Runtime: 443459 ms


STDERR:
 

-------

Experiment #60/86
Configuration: {'benchmark.operator': 'AStream', 'data_generator.synthetic_field_count': 50}
Configuration file: /sc/home/magnus.menger/repos/mt-flink-1-20/out/configs/1760823603093.yml

Running command: /sc/home/magnus.menger/repos/mt-flink-1-20/flink-1.20.2/bin/flink run /sc/home/magnus.menger/repos/mt-flink-1-20/target/mt-flink-1-20-1.0-SNAPSHOT-fat.jar /sc/home/magnus.menger/repos/mt-flink-1-20/out/configs/1760823603093.yml
STDOUT:
 Job has been submitted with JobID 36fdb23e9dbd6439a352a2ec93531896
Program execution finished
Job with JobID 36fdb23e9dbd6439a352a2ec93531896 has finished.
Job Runtime: 413099 ms


STDERR:
 

-------

Experiment #61/86
Configuration: {'benchmark.operator': 'Optimized', 'data_generator.synthetic_field_count': 50, 'query_generator.aggregations': ['min', 'max', 'count', 'sum', 'avg_shared']}
Configuration file: /sc/home/magnus.menger/repos/mt-flink-1-20/out/configs/1760824021926.yml

Running command: /sc/home/magnus.menger/repos/mt-flink-1-20/flink-1.20.2/bin/flink run /sc/home/magnus.menger/repos/mt-flink-1-20/target/mt-flink-1-20-1.0-SNAPSHOT-fat.jar /sc/home/magnus.menger/repos/mt-flink-1-20/out/configs/1760824021926.yml
STDOUT:
 Job has been submitted with JobID 1620e44f801126c14a8bc215d3db0318
Program execution finished
Job with JobID 1620e44f801126c14a8bc215d3db0318 has finished.
Job Runtime: 414048 ms


STDERR:
 

-------

Experiment #62/86
Configuration: {'benchmark.operator': 'Baseline', 'benchmark.parallelism': 2}
Configuration file: /sc/home/magnus.menger/repos/mt-flink-1-20/out/configs/1760824442732.yml

Running command: /sc/home/magnus.menger/repos/mt-flink-1-20/flink-1.20.2/bin/flink run /sc/home/magnus.menger/repos/mt-flink-1-20/target/mt-flink-1-20-1.0-SNAPSHOT-fat.jar /sc/home/magnus.menger/repos/mt-flink-1-20/out/configs/1760824442732.yml
STDOUT:
 Job has been submitted with JobID 94aea4760bc9d0fd9df330bb525d2e42
Program execution finished
Job with JobID 94aea4760bc9d0fd9df330bb525d2e42 has finished.
Job Runtime: 489245 ms


STDERR:
 

-------

Experiment #63/86
Configuration: {'benchmark.operator': 'AStream', 'benchmark.parallelism': 2}
Configuration file: /sc/home/magnus.menger/repos/mt-flink-1-20/out/configs/1760824937598.yml

Running command: /sc/home/magnus.menger/repos/mt-flink-1-20/flink-1.20.2/bin/flink run /sc/home/magnus.menger/repos/mt-flink-1-20/target/mt-flink-1-20-1.0-SNAPSHOT-fat.jar /sc/home/magnus.menger/repos/mt-flink-1-20/out/configs/1760824937598.yml
STDOUT:
 Job has been submitted with JobID 816c7185205c341c3d84025e6e0c1593
Program execution finished
Job with JobID 816c7185205c341c3d84025e6e0c1593 has finished.
Job Runtime: 349047 ms


STDERR:
 

-------

Experiment #64/86
Configuration: {'benchmark.operator': 'Optimized', 'benchmark.parallelism': 2, 'query_generator.aggregations': ['min', 'max', 'count', 'sum', 'avg_shared']}
Configuration file: /sc/home/magnus.menger/repos/mt-flink-1-20/out/configs/1760825292260.yml

Running command: /sc/home/magnus.menger/repos/mt-flink-1-20/flink-1.20.2/bin/flink run /sc/home/magnus.menger/repos/mt-flink-1-20/target/mt-flink-1-20-1.0-SNAPSHOT-fat.jar /sc/home/magnus.menger/repos/mt-flink-1-20/out/configs/1760825292260.yml
STDOUT:
 Job has been submitted with JobID 7f09bf27c37ca36f1e4c63b79b367dbd
Program execution finished
Job with JobID 7f09bf27c37ca36f1e4c63b79b367dbd has finished.
Job Runtime: 319810 ms


STDERR:
 

-------

Experiment #65/86
Configuration: {'benchmark.operator': 'Baseline', 'benchmark.parallelism': 4}
Configuration file: /sc/home/magnus.menger/repos/mt-flink-1-20/out/configs/1760825618844.yml

Running command: /sc/home/magnus.menger/repos/mt-flink-1-20/flink-1.20.2/bin/flink run /sc/home/magnus.menger/repos/mt-flink-1-20/target/mt-flink-1-20-1.0-SNAPSHOT-fat.jar /sc/home/magnus.menger/repos/mt-flink-1-20/out/configs/1760825618844.yml
STDOUT:
 Job has been submitted with JobID f5ea80c503e3e10f92a1c5af1323ce7d
Program execution finished
Job with JobID f5ea80c503e3e10f92a1c5af1323ce7d has finished.
Job Runtime: 466839 ms


STDERR:
 

-------

Experiment #66/86
Configuration: {'benchmark.operator': 'AStream', 'benchmark.parallelism': 4}
Configuration file: /sc/home/magnus.menger/repos/mt-flink-1-20/out/configs/1760826091834.yml

Running command: /sc/home/magnus.menger/repos/mt-flink-1-20/flink-1.20.2/bin/flink run /sc/home/magnus.menger/repos/mt-flink-1-20/target/mt-flink-1-20-1.0-SNAPSHOT-fat.jar /sc/home/magnus.menger/repos/mt-flink-1-20/out/configs/1760826091834.yml
STDOUT:
 Job has been submitted with JobID f5a751f4beacf6be8349b496d276ecea
Program execution finished
Job with JobID f5a751f4beacf6be8349b496d276ecea has finished.
Job Runtime: 340891 ms


STDERR:
 

-------

Experiment #67/86
Configuration: {'benchmark.operator': 'Optimized', 'benchmark.parallelism': 4, 'query_generator.aggregations': ['min', 'max', 'count', 'sum', 'avg_shared']}
Configuration file: /sc/home/magnus.menger/repos/mt-flink-1-20/out/configs/1760826438363.yml

Running command: /sc/home/magnus.menger/repos/mt-flink-1-20/flink-1.20.2/bin/flink run /sc/home/magnus.menger/repos/mt-flink-1-20/target/mt-flink-1-20-1.0-SNAPSHOT-fat.jar /sc/home/magnus.menger/repos/mt-flink-1-20/out/configs/1760826438363.yml
STDOUT:
 Job has been submitted with JobID 7dfc4868e1b84e9abb139727980e77d6
Program execution finished
Job with JobID 7dfc4868e1b84e9abb139727980e77d6 has finished.
Job Runtime: 471374 ms


STDERR:
 

-------

Experiment #68/86
Configuration: {'benchmark.operator': 'Baseline', 'benchmark.parallelism': 8}
Configuration file: /sc/home/magnus.menger/repos/mt-flink-1-20/out/configs/1760826915403.yml

Running command: /sc/home/magnus.menger/repos/mt-flink-1-20/flink-1.20.2/bin/flink run /sc/home/magnus.menger/repos/mt-flink-1-20/target/mt-flink-1-20-1.0-SNAPSHOT-fat.jar /sc/home/magnus.menger/repos/mt-flink-1-20/out/configs/1760826915403.yml
STDOUT:
 Job has been submitted with JobID c6eb934000cff83946f3d273ee46f6aa
Program execution finished
Job with JobID c6eb934000cff83946f3d273ee46f6aa has finished.
Job Runtime: 413604 ms


STDERR:
 

-------

Experiment #69/86
Configuration: {'benchmark.operator': 'AStream', 'benchmark.parallelism': 8}
Configuration file: /sc/home/magnus.menger/repos/mt-flink-1-20/out/configs/1760827334369.yml

Running command: /sc/home/magnus.menger/repos/mt-flink-1-20/flink-1.20.2/bin/flink run /sc/home/magnus.menger/repos/mt-flink-1-20/target/mt-flink-1-20-1.0-SNAPSHOT-fat.jar /sc/home/magnus.menger/repos/mt-flink-1-20/out/configs/1760827334369.yml
STDOUT:
 Job has been submitted with JobID ac945d78157e44116eb8e4ee77249ee2
Program execution finished
Job with JobID ac945d78157e44116eb8e4ee77249ee2 has finished.
Job Runtime: 361149 ms


STDERR:
 

-------

Experiment #70/86
Configuration: {'benchmark.operator': 'Optimized', 'benchmark.parallelism': 8, 'query_generator.aggregations': ['min', 'max', 'count', 'sum', 'avg_shared']}
Configuration file: /sc/home/magnus.menger/repos/mt-flink-1-20/out/configs/1760827701067.yml

Running command: /sc/home/magnus.menger/repos/mt-flink-1-20/flink-1.20.2/bin/flink run /sc/home/magnus.menger/repos/mt-flink-1-20/target/mt-flink-1-20-1.0-SNAPSHOT-fat.jar /sc/home/magnus.menger/repos/mt-flink-1-20/out/configs/1760827701067.yml
STDOUT:
 Job has been submitted with JobID 8c7ae6e3f0729b017c6b3bd530ce0755
Program execution finished
Job with JobID 8c7ae6e3f0729b017c6b3bd530ce0755 has finished.
Job Runtime: 329422 ms


STDERR:
 

-------

Experiment #71/86
Configuration: {'data_generator.data_source': 'Debs2013', 'benchmark.operator': 'Baseline', 'query_generator.max_parallelism': 1, 'query_generator.ending_per_batch': 0}
Configuration file: /sc/home/magnus.menger/repos/mt-flink-1-20/out/configs/1760828035760.yml

Running command: /sc/home/magnus.menger/repos/mt-flink-1-20/flink-1.20.2/bin/flink run /sc/home/magnus.menger/repos/mt-flink-1-20/target/mt-flink-1-20-1.0-SNAPSHOT-fat.jar /sc/home/magnus.menger/repos/mt-flink-1-20/out/configs/1760828035760.yml
STDOUT:
 Job has been submitted with JobID 62756ec5282346d7be8d2c4d277a824d
Program execution finished
Job with JobID 62756ec5282346d7be8d2c4d277a824d has finished.
Job Runtime: 396664 ms


STDERR:
 

-------

Experiment #72/86
Configuration: {'data_generator.data_source': 'Debs2013', 'benchmark.operator': 'AStream', 'query_generator.max_parallelism': 1, 'query_generator.ending_per_batch': 0}
Configuration file: /sc/home/magnus.menger/repos/mt-flink-1-20/out/configs/1760828438589.yml

Running command: /sc/home/magnus.menger/repos/mt-flink-1-20/flink-1.20.2/bin/flink run /sc/home/magnus.menger/repos/mt-flink-1-20/target/mt-flink-1-20-1.0-SNAPSHOT-fat.jar /sc/home/magnus.menger/repos/mt-flink-1-20/out/configs/1760828438589.yml
STDOUT:
 Job has been submitted with JobID 56f62d3673ac13c84684e2b6b32e3b82
Program execution finished
Job with JobID 56f62d3673ac13c84684e2b6b32e3b82 has finished.
Job Runtime: 391894 ms


STDERR:
 

-------

Experiment #73/86
Configuration: {'data_generator.data_source': 'Debs2013', 'benchmark.operator': 'Optimized', 'query_generator.max_parallelism': 1, 'query_generator.ending_per_batch': 0, 'query_generator.aggregations': ['min', 'max', 'count', 'sum', 'avg_shared']}
Configuration file: /sc/home/magnus.menger/repos/mt-flink-1-20/out/configs/1760828837382.yml

Running command: /sc/home/magnus.menger/repos/mt-flink-1-20/flink-1.20.2/bin/flink run /sc/home/magnus.menger/repos/mt-flink-1-20/target/mt-flink-1-20-1.0-SNAPSHOT-fat.jar /sc/home/magnus.menger/repos/mt-flink-1-20/out/configs/1760828837382.yml
STDOUT:
 Job has been submitted with JobID 32e98fc07e8fae5648b5d8f7a7871ca0
Program execution finished
Job with JobID 32e98fc07e8fae5648b5d8f7a7871ca0 has finished.
Job Runtime: 373033 ms


STDERR:
 

-------

Experiment #74/86
Configuration: {'data_generator.data_source': 'Debs2013', 'benchmark.operator': 'Baseline', 'query_generator.max_parallelism': 50, 'query_generator.ending_per_batch': 5}
Configuration file: /sc/home/magnus.menger/repos/mt-flink-1-20/out/configs/1760829216099.yml

Running command: /sc/home/magnus.menger/repos/mt-flink-1-20/flink-1.20.2/bin/flink run /sc/home/magnus.menger/repos/mt-flink-1-20/target/mt-flink-1-20-1.0-SNAPSHOT-fat.jar /sc/home/magnus.menger/repos/mt-flink-1-20/out/configs/1760829216099.yml
STDOUT:
 Job has been submitted with JobID 4c9d9cc4f5254f77bbc3ae3c4a83e927
Program execution finished
Job with JobID 4c9d9cc4f5254f77bbc3ae3c4a83e927 has finished.
Job Runtime: 443912 ms


STDERR:
 

-------

Experiment #75/86
Configuration: {'data_generator.data_source': 'Debs2013', 'benchmark.operator': 'AStream', 'query_generator.max_parallelism': 50, 'query_generator.ending_per_batch': 5}
Configuration file: /sc/home/magnus.menger/repos/mt-flink-1-20/out/configs/1760829665102.yml

Running command: /sc/home/magnus.menger/repos/mt-flink-1-20/flink-1.20.2/bin/flink run /sc/home/magnus.menger/repos/mt-flink-1-20/target/mt-flink-1-20-1.0-SNAPSHOT-fat.jar /sc/home/magnus.menger/repos/mt-flink-1-20/out/configs/1760829665102.yml
STDOUT:
 Job has been submitted with JobID 569fcdf2f28093017069984557267243
Program execution finished
Job with JobID 569fcdf2f28093017069984557267243 has finished.
Job Runtime: 552000 ms


STDERR:
 

-------

Experiment #76/86
Configuration: {'data_generator.data_source': 'Debs2013', 'benchmark.operator': 'Optimized', 'query_generator.max_parallelism': 50, 'query_generator.ending_per_batch': 5, 'query_generator.aggregations': ['min', 'max', 'count', 'sum', 'avg_shared']}
Configuration file: /sc/home/magnus.menger/repos/mt-flink-1-20/out/configs/1760830222310.yml

Running command: /sc/home/magnus.menger/repos/mt-flink-1-20/flink-1.20.2/bin/flink run /sc/home/magnus.menger/repos/mt-flink-1-20/target/mt-flink-1-20-1.0-SNAPSHOT-fat.jar /sc/home/magnus.menger/repos/mt-flink-1-20/out/configs/1760830222310.yml
STDOUT:
 Job has been submitted with JobID dd938a428e3a781115594b33f6dcd379
Program execution finished
Job with JobID dd938a428e3a781115594b33f6dcd379 has finished.
Job Runtime: 389276 ms


STDERR:
 

-------

Experiment #77/86
Configuration: {'data_generator.data_source': 'Debs2013', 'benchmark.operator': 'Baseline', 'query_generator.max_parallelism': 200, 'query_generator.ending_per_batch': 20}
Configuration file: /sc/home/magnus.menger/repos/mt-flink-1-20/out/configs/1760830617016.yml

Running command: /sc/home/magnus.menger/repos/mt-flink-1-20/flink-1.20.2/bin/flink run /sc/home/magnus.menger/repos/mt-flink-1-20/target/mt-flink-1-20-1.0-SNAPSHOT-fat.jar /sc/home/magnus.menger/repos/mt-flink-1-20/out/configs/1760830617016.yml
STDOUT:
 Job has been submitted with JobID 71181593dd0fad6650ed1e15091c67b0
Program execution finished
Job with JobID 71181593dd0fad6650ed1e15091c67b0 has finished.
Job Runtime: 714974 ms


STDERR:
 

-------

Experiment #78/86
Configuration: {'data_generator.data_source': 'Debs2013', 'benchmark.operator': 'AStream', 'query_generator.max_parallelism': 200, 'query_generator.ending_per_batch': 20}
Configuration file: /sc/home/magnus.menger/repos/mt-flink-1-20/out/configs/1760831338763.yml

Running command: /sc/home/magnus.menger/repos/mt-flink-1-20/flink-1.20.2/bin/flink run /sc/home/magnus.menger/repos/mt-flink-1-20/target/mt-flink-1-20-1.0-SNAPSHOT-fat.jar /sc/home/magnus.menger/repos/mt-flink-1-20/out/configs/1760831338763.yml
STDOUT:
 Job has been submitted with JobID 42a178a38eaf6b93bcfe77c685ce9712
Program execution finished
Job with JobID 42a178a38eaf6b93bcfe77c685ce9712 has finished.
Job Runtime: 472246 ms


STDERR:
 

-------

Experiment #79/86
Configuration: {'data_generator.data_source': 'Debs2013', 'benchmark.operator': 'Optimized', 'query_generator.max_parallelism': 200, 'query_generator.ending_per_batch': 20, 'query_generator.aggregations': ['min', 'max', 'count', 'sum', 'avg_shared']}
Configuration file: /sc/home/magnus.menger/repos/mt-flink-1-20/out/configs/1760831817774.yml

Running command: /sc/home/magnus.menger/repos/mt-flink-1-20/flink-1.20.2/bin/flink run /sc/home/magnus.menger/repos/mt-flink-1-20/target/mt-flink-1-20-1.0-SNAPSHOT-fat.jar /sc/home/magnus.menger/repos/mt-flink-1-20/out/configs/1760831817774.yml
STDOUT:
 Job has been submitted with JobID 51fd026f614ac4aacc037ec3b81ca197
Program execution finished
Job with JobID 51fd026f614ac4aacc037ec3b81ca197 has finished.
Job Runtime: 385131 ms


STDERR:
 

-------

Experiment #80/86
Configuration: {'data_generator.data_source': 'Debs2013', 'benchmark.operator': 'Baseline', 'query_generator.max_parallelism': 1000, 'query_generator.ending_per_batch': 100}
Configuration file: /sc/home/magnus.menger/repos/mt-flink-1-20/out/configs/1760832208564.yml

Running command: /sc/home/magnus.menger/repos/mt-flink-1-20/flink-1.20.2/bin/flink run /sc/home/magnus.menger/repos/mt-flink-1-20/target/mt-flink-1-20-1.0-SNAPSHOT-fat.jar /sc/home/magnus.menger/repos/mt-flink-1-20/out/configs/1760832208564.yml
STDOUT:
 Job has been submitted with JobID 8479e914a2adc4959af158205f186ec7
Program execution finished
Job with JobID 8479e914a2adc4959af158205f186ec7 has finished.
Job Runtime: 449344 ms


STDERR:
 

-------

Experiment #81/86
Configuration: {'data_generator.data_source': 'Debs2013', 'benchmark.operator': 'AStream', 'query_generator.max_parallelism': 1000, 'query_generator.ending_per_batch': 100}
Configuration file: /sc/home/magnus.menger/repos/mt-flink-1-20/out/configs/1760832663640.yml

Running command: /sc/home/magnus.menger/repos/mt-flink-1-20/flink-1.20.2/bin/flink run /sc/home/magnus.menger/repos/mt-flink-1-20/target/mt-flink-1-20-1.0-SNAPSHOT-fat.jar /sc/home/magnus.menger/repos/mt-flink-1-20/out/configs/1760832663640.yml
STDOUT:
 Job has been submitted with JobID c95f6f77c1f64fb204e3ca699a881d5a
Program execution finished
Job with JobID c95f6f77c1f64fb204e3ca699a881d5a has finished.
Job Runtime: 428215 ms


STDERR:
 

-------

Experiment #82/86
Configuration: {'data_generator.data_source': 'Debs2013', 'benchmark.operator': 'Optimized', 'query_generator.max_parallelism': 1000, 'query_generator.ending_per_batch': 100, 'query_generator.aggregations': ['min', 'max', 'count', 'sum', 'avg_shared']}
Configuration file: /sc/home/magnus.menger/repos/mt-flink-1-20/out/configs/1760833098701.yml

Running command: /sc/home/magnus.menger/repos/mt-flink-1-20/flink-1.20.2/bin/flink run /sc/home/magnus.menger/repos/mt-flink-1-20/target/mt-flink-1-20-1.0-SNAPSHOT-fat.jar /sc/home/magnus.menger/repos/mt-flink-1-20/out/configs/1760833098701.yml
STDOUT:
 Job has been submitted with JobID bebc8086aaee223cdd36af278a7b6ccd
Program execution finished
Job with JobID bebc8086aaee223cdd36af278a7b6ccd has finished.
Job Runtime: 406607 ms


STDERR:
 

-------

Experiment #83/86
Configuration: {'data_generator.data_source': 'Debs2013', 'benchmark.operator': 'Baseline', 'query_generator.max_parallelism': 5000, 'query_generator.ending_per_batch': 500}
Configuration file: /sc/home/magnus.menger/repos/mt-flink-1-20/out/configs/1760833512001.yml

Running command: /sc/home/magnus.menger/repos/mt-flink-1-20/flink-1.20.2/bin/flink run /sc/home/magnus.menger/repos/mt-flink-1-20/target/mt-flink-1-20-1.0-SNAPSHOT-fat.jar /sc/home/magnus.menger/repos/mt-flink-1-20/out/configs/1760833512001.yml
STDOUT:
 Job has been submitted with JobID 68da479695d10bc228d67e5515f6c5a6
Program execution finished
Job with JobID 68da479695d10bc228d67e5515f6c5a6 has finished.
Job Runtime: 460375 ms


STDERR:
 

-------

Experiment #84/86
Configuration: {'data_generator.data_source': 'Debs2013', 'benchmark.operator': 'AStream', 'query_generator.max_parallelism': 5000, 'query_generator.ending_per_batch': 500}
Configuration file: /sc/home/magnus.menger/repos/mt-flink-1-20/out/configs/1760833979151.yml

Running command: /sc/home/magnus.menger/repos/mt-flink-1-20/flink-1.20.2/bin/flink run /sc/home/magnus.menger/repos/mt-flink-1-20/target/mt-flink-1-20-1.0-SNAPSHOT-fat.jar /sc/home/magnus.menger/repos/mt-flink-1-20/out/configs/1760833979151.yml
STDOUT:
 Job has been submitted with JobID 4092a50f1357b0f68c395dfc86afd04e
Program execution finished
Job with JobID 4092a50f1357b0f68c395dfc86afd04e has finished.
Job Runtime: 468079 ms


STDERR:
 

-------

Experiment #85/86
Configuration: {'data_generator.data_source': 'Debs2013', 'benchmark.operator': 'Optimized', 'query_generator.max_parallelism': 5000, 'query_generator.ending_per_batch': 500, 'query_generator.aggregations': ['min', 'max', 'count', 'sum', 'avg_shared']}
Configuration file: /sc/home/magnus.menger/repos/mt-flink-1-20/out/configs/1760834452328.yml

Running command: /sc/home/magnus.menger/repos/mt-flink-1-20/flink-1.20.2/bin/flink run /sc/home/magnus.menger/repos/mt-flink-1-20/target/mt-flink-1-20-1.0-SNAPSHOT-fat.jar /sc/home/magnus.menger/repos/mt-flink-1-20/out/configs/1760834452328.yml
STDOUT:
 Job has been submitted with JobID 6863dc7d2e7a5c82deacc7f88a16877b
Program execution finished
Job with JobID 6863dc7d2e7a5c82deacc7f88a16877b has finished.
Job Runtime: 462268 ms


STDERR:
 

-------

Stopping taskexecutor daemon (pid: 3211046) on host cx16.
Stopping standalonesession daemon (pid: 3210500) on host cx16.
