+ JAVA=/sc/home/magnus.menger/java/jdk-11.0.28+6
+ FLINK_DIR=/sc/home/magnus.menger/repos/mt-flink-1-20/flink-1.20.2/bin
+ EXPERIMENT_SCRIPT=/sc/home/magnus.menger/repos/mt-plots/experiment_runner.py
+ export JAVA_HOME=/sc/home/magnus.menger/java/jdk-11.0.28+6
+ JAVA_HOME=/sc/home/magnus.menger/java/jdk-11.0.28+6
+ /sc/home/magnus.menger/repos/mt-flink-1-20/flink-1.20.2/bin/start-cluster.sh
Starting cluster.
Starting standalonesession daemon on host cx01.
Starting taskexecutor daemon on host cx01.
+ python /sc/home/magnus.menger/repos/mt-plots/experiment_runner.py
Script has working directory /sc/home/magnus.menger
Experiment #0/60
Configuration: {'benchmark.operator': 'Baseline', 'query_generator.max_parallelism': 1, 'query_generator.ending_per_batch': 0}
Configuration file: /sc/home/magnus.menger/repos/mt-flink-1-20/out/configs/1755873379334.yml

Running command: /sc/home/magnus.menger/repos/mt-flink-1-20/flink-1.20.2/bin/flink run /sc/home/magnus.menger/repos/mt-flink-1-20/target/mt-flink-1-20-1.0-SNAPSHOT-fat.jar /sc/home/magnus.menger/repos/mt-flink-1-20/out/configs/1755873379334.yml
STDOUT:
 Job has been submitted with JobID ba846178aa70f30138f32c3524bab5a5
Program execution finished
Job with JobID ba846178aa70f30138f32c3524bab5a5 has finished.
Job Runtime: 301191 ms


STDERR:
 

-------

Experiment #1/60
Configuration: {'benchmark.operator': 'AStream', 'query_generator.max_parallelism': 1, 'query_generator.ending_per_batch': 0}
Configuration file: /sc/home/magnus.menger/repos/mt-flink-1-20/out/configs/1755873686364.yml

Running command: /sc/home/magnus.menger/repos/mt-flink-1-20/flink-1.20.2/bin/flink run /sc/home/magnus.menger/repos/mt-flink-1-20/target/mt-flink-1-20-1.0-SNAPSHOT-fat.jar /sc/home/magnus.menger/repos/mt-flink-1-20/out/configs/1755873686364.yml
STDOUT:
 Job has been submitted with JobID 579a2ad8ed8d335e83ea7f0ca1603816
Program execution finished
Job with JobID 579a2ad8ed8d335e83ea7f0ca1603816 has finished.
Job Runtime: 300494 ms


STDERR:
 

-------

Experiment #2/60
Configuration: {'benchmark.operator': 'Optimized', 'query_generator.max_parallelism': 1, 'query_generator.ending_per_batch': 0, 'query_generator.reuse_sum_and_count_for_avg': False}
Configuration file: /sc/home/magnus.menger/repos/mt-flink-1-20/out/configs/1755873991813.yml

Running command: /sc/home/magnus.menger/repos/mt-flink-1-20/flink-1.20.2/bin/flink run /sc/home/magnus.menger/repos/mt-flink-1-20/target/mt-flink-1-20-1.0-SNAPSHOT-fat.jar /sc/home/magnus.menger/repos/mt-flink-1-20/out/configs/1755873991813.yml
STDOUT:
 Job has been submitted with JobID 5c74e44286775b7cda71373d10697d8b
Program execution finished
Job with JobID 5c74e44286775b7cda71373d10697d8b has finished.
Job Runtime: 300494 ms


STDERR:
 

-------

Experiment #3/60
Configuration: {'benchmark.operator': 'Optimized', 'query_generator.max_parallelism': 1, 'query_generator.ending_per_batch': 0}
Configuration file: /sc/home/magnus.menger/repos/mt-flink-1-20/out/configs/1755874297080.yml

Running command: /sc/home/magnus.menger/repos/mt-flink-1-20/flink-1.20.2/bin/flink run /sc/home/magnus.menger/repos/mt-flink-1-20/target/mt-flink-1-20-1.0-SNAPSHOT-fat.jar /sc/home/magnus.menger/repos/mt-flink-1-20/out/configs/1755874297080.yml
STDOUT:
 Job has been submitted with JobID b13247519e2693b1a676b2d4d3c06102
Program execution finished
Job with JobID b13247519e2693b1a676b2d4d3c06102 has finished.
Job Runtime: 300456 ms


STDERR:
 

-------

Experiment #4/60
Configuration: {'benchmark.operator': 'Baseline', 'query_generator.max_parallelism': 50, 'query_generator.ending_per_batch': 5}
Configuration file: /sc/home/magnus.menger/repos/mt-flink-1-20/out/configs/1755874602259.yml

Running command: /sc/home/magnus.menger/repos/mt-flink-1-20/flink-1.20.2/bin/flink run /sc/home/magnus.menger/repos/mt-flink-1-20/target/mt-flink-1-20-1.0-SNAPSHOT-fat.jar /sc/home/magnus.menger/repos/mt-flink-1-20/out/configs/1755874602259.yml
STDOUT:
 Job has been submitted with JobID 5865437a8f6e7040b1ca5ab358884b85
Program execution finished
Job with JobID 5865437a8f6e7040b1ca5ab358884b85 has finished.
Job Runtime: 300512 ms


STDERR:
 

-------

Experiment #5/60
Configuration: {'benchmark.operator': 'AStream', 'query_generator.max_parallelism': 50, 'query_generator.ending_per_batch': 5}
Configuration file: /sc/home/magnus.menger/repos/mt-flink-1-20/out/configs/1755874907451.yml

Running command: /sc/home/magnus.menger/repos/mt-flink-1-20/flink-1.20.2/bin/flink run /sc/home/magnus.menger/repos/mt-flink-1-20/target/mt-flink-1-20-1.0-SNAPSHOT-fat.jar /sc/home/magnus.menger/repos/mt-flink-1-20/out/configs/1755874907451.yml
STDOUT:
 Job has been submitted with JobID 9b28a78da7ecee246020f282f6ebfe05
Program execution finished
Job with JobID 9b28a78da7ecee246020f282f6ebfe05 has finished.
Job Runtime: 300463 ms


STDERR:
 

-------

Experiment #6/60
Configuration: {'benchmark.operator': 'Optimized', 'query_generator.max_parallelism': 50, 'query_generator.ending_per_batch': 5, 'query_generator.reuse_sum_and_count_for_avg': False}
Configuration file: /sc/home/magnus.menger/repos/mt-flink-1-20/out/configs/1755875212958.yml

Running command: /sc/home/magnus.menger/repos/mt-flink-1-20/flink-1.20.2/bin/flink run /sc/home/magnus.menger/repos/mt-flink-1-20/target/mt-flink-1-20-1.0-SNAPSHOT-fat.jar /sc/home/magnus.menger/repos/mt-flink-1-20/out/configs/1755875212958.yml
STDOUT:
 Job has been submitted with JobID 0a4a68320b2f8b3deac849ea09af81f0
Program execution finished
Job with JobID 0a4a68320b2f8b3deac849ea09af81f0 has finished.
Job Runtime: 300474 ms


STDERR:
 

-------

Experiment #7/60
Configuration: {'benchmark.operator': 'Optimized', 'query_generator.max_parallelism': 50, 'query_generator.ending_per_batch': 5}
Configuration file: /sc/home/magnus.menger/repos/mt-flink-1-20/out/configs/1755875518095.yml

Running command: /sc/home/magnus.menger/repos/mt-flink-1-20/flink-1.20.2/bin/flink run /sc/home/magnus.menger/repos/mt-flink-1-20/target/mt-flink-1-20-1.0-SNAPSHOT-fat.jar /sc/home/magnus.menger/repos/mt-flink-1-20/out/configs/1755875518095.yml
STDOUT:
 Job has been submitted with JobID 7a54ea6b57038cf5fbf8bfad5eb97510
Program execution finished
Job with JobID 7a54ea6b57038cf5fbf8bfad5eb97510 has finished.
Job Runtime: 300440 ms


STDERR:
 

-------

Experiment #8/60
Configuration: {'benchmark.operator': 'Baseline', 'query_generator.max_parallelism': 200, 'query_generator.ending_per_batch': 20}
Configuration file: /sc/home/magnus.menger/repos/mt-flink-1-20/out/configs/1755875823305.yml

Running command: /sc/home/magnus.menger/repos/mt-flink-1-20/flink-1.20.2/bin/flink run /sc/home/magnus.menger/repos/mt-flink-1-20/target/mt-flink-1-20-1.0-SNAPSHOT-fat.jar /sc/home/magnus.menger/repos/mt-flink-1-20/out/configs/1755875823305.yml
STDOUT:
 Job has been submitted with JobID 9c09fcd702a0c8e1b9233437b28ef855
Program execution finished
Job with JobID 9c09fcd702a0c8e1b9233437b28ef855 has finished.
Job Runtime: 300434 ms


STDERR:
 

-------

Experiment #9/60
Configuration: {'benchmark.operator': 'AStream', 'query_generator.max_parallelism': 200, 'query_generator.ending_per_batch': 20}
Configuration file: /sc/home/magnus.menger/repos/mt-flink-1-20/out/configs/1755876128367.yml

Running command: /sc/home/magnus.menger/repos/mt-flink-1-20/flink-1.20.2/bin/flink run /sc/home/magnus.menger/repos/mt-flink-1-20/target/mt-flink-1-20-1.0-SNAPSHOT-fat.jar /sc/home/magnus.menger/repos/mt-flink-1-20/out/configs/1755876128367.yml
STDOUT:
 Job has been submitted with JobID 439d9834f82d5e2e944a840ac6f88810
Program execution finished
Job with JobID 439d9834f82d5e2e944a840ac6f88810 has finished.
Job Runtime: 300446 ms


STDERR:
 

-------

Experiment #10/60
Configuration: {'benchmark.operator': 'Optimized', 'query_generator.max_parallelism': 200, 'query_generator.ending_per_batch': 20, 'query_generator.reuse_sum_and_count_for_avg': False}
Configuration file: /sc/home/magnus.menger/repos/mt-flink-1-20/out/configs/1755876433449.yml

Running command: /sc/home/magnus.menger/repos/mt-flink-1-20/flink-1.20.2/bin/flink run /sc/home/magnus.menger/repos/mt-flink-1-20/target/mt-flink-1-20-1.0-SNAPSHOT-fat.jar /sc/home/magnus.menger/repos/mt-flink-1-20/out/configs/1755876433449.yml
STDOUT:
 Job has been submitted with JobID 59b642e772adfd4ed179c90f31975315
Program execution finished
Job with JobID 59b642e772adfd4ed179c90f31975315 has finished.
Job Runtime: 300466 ms


STDERR:
 

-------

Experiment #11/60
Configuration: {'benchmark.operator': 'Optimized', 'query_generator.max_parallelism': 200, 'query_generator.ending_per_batch': 20}
Configuration file: /sc/home/magnus.menger/repos/mt-flink-1-20/out/configs/1755876738611.yml

Running command: /sc/home/magnus.menger/repos/mt-flink-1-20/flink-1.20.2/bin/flink run /sc/home/magnus.menger/repos/mt-flink-1-20/target/mt-flink-1-20-1.0-SNAPSHOT-fat.jar /sc/home/magnus.menger/repos/mt-flink-1-20/out/configs/1755876738611.yml
STDOUT:
 Job has been submitted with JobID ef7c82e75a515384314f26a551f8e411
Program execution finished
Job with JobID ef7c82e75a515384314f26a551f8e411 has finished.
Job Runtime: 300464 ms


STDERR:
 

-------

Experiment #12/60
Configuration: {'benchmark.operator': 'Baseline', 'query_generator.max_parallelism': 1000, 'query_generator.ending_per_batch': 100}
Configuration file: /sc/home/magnus.menger/repos/mt-flink-1-20/out/configs/1755877043651.yml

Running command: /sc/home/magnus.menger/repos/mt-flink-1-20/flink-1.20.2/bin/flink run /sc/home/magnus.menger/repos/mt-flink-1-20/target/mt-flink-1-20-1.0-SNAPSHOT-fat.jar /sc/home/magnus.menger/repos/mt-flink-1-20/out/configs/1755877043651.yml
STDOUT:
 Job has been submitted with JobID 814787a14d720bdfcd6945afbea561d5
Program execution finished
Job with JobID 814787a14d720bdfcd6945afbea561d5 has finished.
Job Runtime: 300430 ms


STDERR:
 

-------

Experiment #13/60
Configuration: {'benchmark.operator': 'AStream', 'query_generator.max_parallelism': 1000, 'query_generator.ending_per_batch': 100}
Configuration file: /sc/home/magnus.menger/repos/mt-flink-1-20/out/configs/1755877348861.yml

Running command: /sc/home/magnus.menger/repos/mt-flink-1-20/flink-1.20.2/bin/flink run /sc/home/magnus.menger/repos/mt-flink-1-20/target/mt-flink-1-20-1.0-SNAPSHOT-fat.jar /sc/home/magnus.menger/repos/mt-flink-1-20/out/configs/1755877348861.yml
STDOUT:
 Job has been submitted with JobID 0099e0c949526f4185a3c42f111736a1
Program execution finished
Job with JobID 0099e0c949526f4185a3c42f111736a1 has finished.
Job Runtime: 300448 ms


STDERR:
 

-------

Experiment #14/60
Configuration: {'benchmark.operator': 'Optimized', 'query_generator.max_parallelism': 1000, 'query_generator.ending_per_batch': 100, 'query_generator.reuse_sum_and_count_for_avg': False}
Configuration file: /sc/home/magnus.menger/repos/mt-flink-1-20/out/configs/1755877654051.yml

Running command: /sc/home/magnus.menger/repos/mt-flink-1-20/flink-1.20.2/bin/flink run /sc/home/magnus.menger/repos/mt-flink-1-20/target/mt-flink-1-20-1.0-SNAPSHOT-fat.jar /sc/home/magnus.menger/repos/mt-flink-1-20/out/configs/1755877654051.yml
STDOUT:
 Job has been submitted with JobID f20f3c9d1e86974d2c8adb4c106ce19b
Program execution finished
Job with JobID f20f3c9d1e86974d2c8adb4c106ce19b has finished.
Job Runtime: 300529 ms


STDERR:
 

-------

Experiment #15/60
Configuration: {'benchmark.operator': 'Optimized', 'query_generator.max_parallelism': 1000, 'query_generator.ending_per_batch': 100}
Configuration file: /sc/home/magnus.menger/repos/mt-flink-1-20/out/configs/1755877959136.yml

Running command: /sc/home/magnus.menger/repos/mt-flink-1-20/flink-1.20.2/bin/flink run /sc/home/magnus.menger/repos/mt-flink-1-20/target/mt-flink-1-20-1.0-SNAPSHOT-fat.jar /sc/home/magnus.menger/repos/mt-flink-1-20/out/configs/1755877959136.yml
STDOUT:
 Job has been submitted with JobID 9a4dfbee45fed11bed25154889899860
Program execution finished
Job with JobID 9a4dfbee45fed11bed25154889899860 has finished.
Job Runtime: 300448 ms


STDERR:
 

-------

Experiment #16/60
Configuration: {'benchmark.operator': 'Baseline', 'query_generator.max_parallelism': 5000, 'query_generator.ending_per_batch': 500}
Configuration file: /sc/home/magnus.menger/repos/mt-flink-1-20/out/configs/1755878264187.yml

Running command: /sc/home/magnus.menger/repos/mt-flink-1-20/flink-1.20.2/bin/flink run /sc/home/magnus.menger/repos/mt-flink-1-20/target/mt-flink-1-20-1.0-SNAPSHOT-fat.jar /sc/home/magnus.menger/repos/mt-flink-1-20/out/configs/1755878264187.yml
STDOUT:
 Job has been submitted with JobID c074ba6a8eb5539bbd25b31cce714499
Program execution finished
Job with JobID c074ba6a8eb5539bbd25b31cce714499 has finished.
Job Runtime: 300477 ms


STDERR:
 

-------

Experiment #17/60
Configuration: {'benchmark.operator': 'AStream', 'query_generator.max_parallelism': 5000, 'query_generator.ending_per_batch': 500}
Configuration file: /sc/home/magnus.menger/repos/mt-flink-1-20/out/configs/1755878569401.yml

Running command: /sc/home/magnus.menger/repos/mt-flink-1-20/flink-1.20.2/bin/flink run /sc/home/magnus.menger/repos/mt-flink-1-20/target/mt-flink-1-20-1.0-SNAPSHOT-fat.jar /sc/home/magnus.menger/repos/mt-flink-1-20/out/configs/1755878569401.yml
STDOUT:
 Job has been submitted with JobID 16176e5cc9c5db1c2848e32942767810
Program execution finished
Job with JobID 16176e5cc9c5db1c2848e32942767810 has finished.
Job Runtime: 300693 ms


STDERR:
 

-------

Experiment #18/60
Configuration: {'benchmark.operator': 'Optimized', 'query_generator.max_parallelism': 5000, 'query_generator.ending_per_batch': 500, 'query_generator.reuse_sum_and_count_for_avg': False}
Configuration file: /sc/home/magnus.menger/repos/mt-flink-1-20/out/configs/1755878874529.yml

Running command: /sc/home/magnus.menger/repos/mt-flink-1-20/flink-1.20.2/bin/flink run /sc/home/magnus.menger/repos/mt-flink-1-20/target/mt-flink-1-20-1.0-SNAPSHOT-fat.jar /sc/home/magnus.menger/repos/mt-flink-1-20/out/configs/1755878874529.yml
STDOUT:
 Job has been submitted with JobID 2e9efec8b4dba4d08d61d54bf25c649b
Program execution finished
Job with JobID 2e9efec8b4dba4d08d61d54bf25c649b has finished.
Job Runtime: 300660 ms


STDERR:
 

-------

Experiment #19/60
Configuration: {'benchmark.operator': 'Optimized', 'query_generator.max_parallelism': 5000, 'query_generator.ending_per_batch': 500}
Configuration file: /sc/home/magnus.menger/repos/mt-flink-1-20/out/configs/1755879180019.yml

Running command: /sc/home/magnus.menger/repos/mt-flink-1-20/flink-1.20.2/bin/flink run /sc/home/magnus.menger/repos/mt-flink-1-20/target/mt-flink-1-20-1.0-SNAPSHOT-fat.jar /sc/home/magnus.menger/repos/mt-flink-1-20/out/configs/1755879180019.yml
STDOUT:
 Job has been submitted with JobID 312f586c5ca90e86bf79e1c8c5879e88
Program execution finished
Job with JobID 312f586c5ca90e86bf79e1c8c5879e88 has finished.
Job Runtime: 300990 ms


STDERR:
 

-------

Experiment #20/60
Configuration: {'benchmark.operator': 'Baseline', 'query_generator.different_aggregations': 1}
Configuration file: /sc/home/magnus.menger/repos/mt-flink-1-20/out/configs/1755879485377.yml

Running command: /sc/home/magnus.menger/repos/mt-flink-1-20/flink-1.20.2/bin/flink run /sc/home/magnus.menger/repos/mt-flink-1-20/target/mt-flink-1-20-1.0-SNAPSHOT-fat.jar /sc/home/magnus.menger/repos/mt-flink-1-20/out/configs/1755879485377.yml
STDOUT:
 Job has been submitted with JobID e9bbef66e7d72f028118b77e4b98523d
Program execution finished
Job with JobID e9bbef66e7d72f028118b77e4b98523d has finished.
Job Runtime: 300447 ms


STDERR:
 

-------

Experiment #21/60
Configuration: {'benchmark.operator': 'AStream', 'query_generator.different_aggregations': 1}
Configuration file: /sc/home/magnus.menger/repos/mt-flink-1-20/out/configs/1755879790862.yml

Running command: /sc/home/magnus.menger/repos/mt-flink-1-20/flink-1.20.2/bin/flink run /sc/home/magnus.menger/repos/mt-flink-1-20/target/mt-flink-1-20-1.0-SNAPSHOT-fat.jar /sc/home/magnus.menger/repos/mt-flink-1-20/out/configs/1755879790862.yml
STDOUT:
 Job has been submitted with JobID 6c3dd6ec607816da6fbe49663eb5ce19
Program execution finished
Job with JobID 6c3dd6ec607816da6fbe49663eb5ce19 has finished.
Job Runtime: 300444 ms


STDERR:
 

-------

Experiment #22/60
Configuration: {'benchmark.operator': 'Optimized', 'query_generator.different_aggregations': 1, 'query_generator.reuse_sum_and_count_for_avg': False}
Configuration file: /sc/home/magnus.menger/repos/mt-flink-1-20/out/configs/1755880096276.yml

Running command: /sc/home/magnus.menger/repos/mt-flink-1-20/flink-1.20.2/bin/flink run /sc/home/magnus.menger/repos/mt-flink-1-20/target/mt-flink-1-20-1.0-SNAPSHOT-fat.jar /sc/home/magnus.menger/repos/mt-flink-1-20/out/configs/1755880096276.yml
STDOUT:
 Job has been submitted with JobID 0b0981413d6a5b453a66ca8750406bdf
Program execution finished
Job with JobID 0b0981413d6a5b453a66ca8750406bdf has finished.
Job Runtime: 300528 ms


STDERR:
 

-------

Experiment #23/60
Configuration: {'benchmark.operator': 'Optimized', 'query_generator.different_aggregations': 1}
Configuration file: /sc/home/magnus.menger/repos/mt-flink-1-20/out/configs/1755880401509.yml

Running command: /sc/home/magnus.menger/repos/mt-flink-1-20/flink-1.20.2/bin/flink run /sc/home/magnus.menger/repos/mt-flink-1-20/target/mt-flink-1-20-1.0-SNAPSHOT-fat.jar /sc/home/magnus.menger/repos/mt-flink-1-20/out/configs/1755880401509.yml
STDOUT:
 Job has been submitted with JobID 8d4242c423e4dd3e12ce818421cbae58
Program execution finished
Job with JobID 8d4242c423e4dd3e12ce818421cbae58 has finished.
Job Runtime: 300629 ms


STDERR:
 

-------

Experiment #24/60
Configuration: {'benchmark.operator': 'Baseline', 'query_generator.different_aggregations': 5}
Configuration file: /sc/home/magnus.menger/repos/mt-flink-1-20/out/configs/1755880708743.yml

Running command: /sc/home/magnus.menger/repos/mt-flink-1-20/flink-1.20.2/bin/flink run /sc/home/magnus.menger/repos/mt-flink-1-20/target/mt-flink-1-20-1.0-SNAPSHOT-fat.jar /sc/home/magnus.menger/repos/mt-flink-1-20/out/configs/1755880708743.yml
STDOUT:
 Job has been submitted with JobID 55e41d72e6c410c39a69178ae3f1267d
Program execution finished
Job with JobID 55e41d72e6c410c39a69178ae3f1267d has finished.
Job Runtime: 300523 ms


STDERR:
 

-------

Experiment #25/60
Configuration: {'benchmark.operator': 'AStream', 'query_generator.different_aggregations': 5}
Configuration file: /sc/home/magnus.menger/repos/mt-flink-1-20/out/configs/1755881014363.yml

Running command: /sc/home/magnus.menger/repos/mt-flink-1-20/flink-1.20.2/bin/flink run /sc/home/magnus.menger/repos/mt-flink-1-20/target/mt-flink-1-20-1.0-SNAPSHOT-fat.jar /sc/home/magnus.menger/repos/mt-flink-1-20/out/configs/1755881014363.yml
STDOUT:
 Job has been submitted with JobID 99c3e0465a384d981a827a6ce317a885
Program execution finished
Job with JobID 99c3e0465a384d981a827a6ce317a885 has finished.
Job Runtime: 300473 ms


STDERR:
 

-------

Experiment #26/60
Configuration: {'benchmark.operator': 'Optimized', 'query_generator.different_aggregations': 5, 'query_generator.reuse_sum_and_count_for_avg': False}
Configuration file: /sc/home/magnus.menger/repos/mt-flink-1-20/out/configs/1755881319877.yml

Running command: /sc/home/magnus.menger/repos/mt-flink-1-20/flink-1.20.2/bin/flink run /sc/home/magnus.menger/repos/mt-flink-1-20/target/mt-flink-1-20-1.0-SNAPSHOT-fat.jar /sc/home/magnus.menger/repos/mt-flink-1-20/out/configs/1755881319877.yml
STDOUT:
 Job has been submitted with JobID eb75403b96547cd7e4727ed96a7f98bf
Program execution finished
Job with JobID eb75403b96547cd7e4727ed96a7f98bf has finished.
Job Runtime: 300447 ms


STDERR:
 

-------

Experiment #27/60
Configuration: {'benchmark.operator': 'Optimized', 'query_generator.different_aggregations': 5}
Configuration file: /sc/home/magnus.menger/repos/mt-flink-1-20/out/configs/1755881624894.yml

Running command: /sc/home/magnus.menger/repos/mt-flink-1-20/flink-1.20.2/bin/flink run /sc/home/magnus.menger/repos/mt-flink-1-20/target/mt-flink-1-20-1.0-SNAPSHOT-fat.jar /sc/home/magnus.menger/repos/mt-flink-1-20/out/configs/1755881624894.yml
STDOUT:
 Job has been submitted with JobID d9db644828e2794d1882d70e3c1a34f8
Program execution finished
Job with JobID d9db644828e2794d1882d70e3c1a34f8 has finished.
Job Runtime: 300434 ms


STDERR:
 

-------

Experiment #28/60
Configuration: {'benchmark.operator': 'Baseline', 'query_generator.different_aggregations': 20}
Configuration file: /sc/home/magnus.menger/repos/mt-flink-1-20/out/configs/1755881930021.yml

Running command: /sc/home/magnus.menger/repos/mt-flink-1-20/flink-1.20.2/bin/flink run /sc/home/magnus.menger/repos/mt-flink-1-20/target/mt-flink-1-20-1.0-SNAPSHOT-fat.jar /sc/home/magnus.menger/repos/mt-flink-1-20/out/configs/1755881930021.yml
STDOUT:
 Job has been submitted with JobID 388a36fdf94a86d2897961f299c35427
Program execution finished
Job with JobID 388a36fdf94a86d2897961f299c35427 has finished.
Job Runtime: 300446 ms


STDERR:
 

-------

Experiment #29/60
Configuration: {'benchmark.operator': 'AStream', 'query_generator.different_aggregations': 20}
Configuration file: /sc/home/magnus.menger/repos/mt-flink-1-20/out/configs/1755882235430.yml

Running command: /sc/home/magnus.menger/repos/mt-flink-1-20/flink-1.20.2/bin/flink run /sc/home/magnus.menger/repos/mt-flink-1-20/target/mt-flink-1-20-1.0-SNAPSHOT-fat.jar /sc/home/magnus.menger/repos/mt-flink-1-20/out/configs/1755882235430.yml
STDOUT:
 Job has been submitted with JobID 1a051618a5fdcf97770e08496bc2fbaf
Program execution finished
Job with JobID 1a051618a5fdcf97770e08496bc2fbaf has finished.
Job Runtime: 300443 ms


STDERR:
 

-------

Experiment #30/60
Configuration: {'benchmark.operator': 'Optimized', 'query_generator.different_aggregations': 20, 'query_generator.reuse_sum_and_count_for_avg': False}
Configuration file: /sc/home/magnus.menger/repos/mt-flink-1-20/out/configs/1755882540733.yml

Running command: /sc/home/magnus.menger/repos/mt-flink-1-20/flink-1.20.2/bin/flink run /sc/home/magnus.menger/repos/mt-flink-1-20/target/mt-flink-1-20-1.0-SNAPSHOT-fat.jar /sc/home/magnus.menger/repos/mt-flink-1-20/out/configs/1755882540733.yml
STDOUT:
 Job has been submitted with JobID 0aa6f34fd07b440dd6434421cca60af1
Program execution finished
Job with JobID 0aa6f34fd07b440dd6434421cca60af1 has finished.
Job Runtime: 300433 ms


STDERR:
 

-------

Experiment #31/60
Configuration: {'benchmark.operator': 'Optimized', 'query_generator.different_aggregations': 20}
Configuration file: /sc/home/magnus.menger/repos/mt-flink-1-20/out/configs/1755882845910.yml

Running command: /sc/home/magnus.menger/repos/mt-flink-1-20/flink-1.20.2/bin/flink run /sc/home/magnus.menger/repos/mt-flink-1-20/target/mt-flink-1-20-1.0-SNAPSHOT-fat.jar /sc/home/magnus.menger/repos/mt-flink-1-20/out/configs/1755882845910.yml
STDOUT:
 Job has been submitted with JobID d622b649b725f6f2e20f1ab0607955cd
Program execution finished
Job with JobID d622b649b725f6f2e20f1ab0607955cd has finished.
Job Runtime: 300449 ms


STDERR:
 

-------

Experiment #32/60
Configuration: {'benchmark.operator': 'Baseline', 'query_generator.different_filters': 50}
Configuration file: /sc/home/magnus.menger/repos/mt-flink-1-20/out/configs/1755883150956.yml

Running command: /sc/home/magnus.menger/repos/mt-flink-1-20/flink-1.20.2/bin/flink run /sc/home/magnus.menger/repos/mt-flink-1-20/target/mt-flink-1-20-1.0-SNAPSHOT-fat.jar /sc/home/magnus.menger/repos/mt-flink-1-20/out/configs/1755883150956.yml
STDOUT:
 Job has been submitted with JobID 6f57ed13f78ccf2e77cf94ab87c65c7b
Program execution finished
Job with JobID 6f57ed13f78ccf2e77cf94ab87c65c7b has finished.
Job Runtime: 300583 ms


STDERR:
 

-------

Experiment #33/60
Configuration: {'benchmark.operator': 'AStream', 'query_generator.different_filters': 50}
Configuration file: /sc/home/magnus.menger/repos/mt-flink-1-20/out/configs/1755883456953.yml

Running command: /sc/home/magnus.menger/repos/mt-flink-1-20/flink-1.20.2/bin/flink run /sc/home/magnus.menger/repos/mt-flink-1-20/target/mt-flink-1-20-1.0-SNAPSHOT-fat.jar /sc/home/magnus.menger/repos/mt-flink-1-20/out/configs/1755883456953.yml
STDOUT:
 Job has been submitted with JobID 6bcac6471fe0dad324b9fbd236b34231
Program execution finished
Job with JobID 6bcac6471fe0dad324b9fbd236b34231 has finished.
Job Runtime: 300448 ms


STDERR:
 

-------

Experiment #34/60
Configuration: {'benchmark.operator': 'Optimized', 'query_generator.different_filters': 50, 'query_generator.reuse_sum_and_count_for_avg': False}
Configuration file: /sc/home/magnus.menger/repos/mt-flink-1-20/out/configs/1755883762093.yml

Running command: /sc/home/magnus.menger/repos/mt-flink-1-20/flink-1.20.2/bin/flink run /sc/home/magnus.menger/repos/mt-flink-1-20/target/mt-flink-1-20-1.0-SNAPSHOT-fat.jar /sc/home/magnus.menger/repos/mt-flink-1-20/out/configs/1755883762093.yml
STDOUT:
 Job has been submitted with JobID 0f2ee155ebfba82b105b1b8bcce0da9b
Program execution finished
Job with JobID 0f2ee155ebfba82b105b1b8bcce0da9b has finished.
Job Runtime: 300430 ms


STDERR:
 

-------

Experiment #35/60
Configuration: {'benchmark.operator': 'Optimized', 'query_generator.different_filters': 50}
Configuration file: /sc/home/magnus.menger/repos/mt-flink-1-20/out/configs/1755884067133.yml

Running command: /sc/home/magnus.menger/repos/mt-flink-1-20/flink-1.20.2/bin/flink run /sc/home/magnus.menger/repos/mt-flink-1-20/target/mt-flink-1-20-1.0-SNAPSHOT-fat.jar /sc/home/magnus.menger/repos/mt-flink-1-20/out/configs/1755884067133.yml
STDOUT:
 Job has been submitted with JobID f583bc429f6559d3552386bd000042f1
Program execution finished
Job with JobID f583bc429f6559d3552386bd000042f1 has finished.
Job Runtime: 300449 ms


STDERR:
 

-------

Experiment #36/60
Configuration: {'benchmark.operator': 'Baseline', 'query_generator.different_filters': 200}
Configuration file: /sc/home/magnus.menger/repos/mt-flink-1-20/out/configs/1755884372216.yml

Running command: /sc/home/magnus.menger/repos/mt-flink-1-20/flink-1.20.2/bin/flink run /sc/home/magnus.menger/repos/mt-flink-1-20/target/mt-flink-1-20-1.0-SNAPSHOT-fat.jar /sc/home/magnus.menger/repos/mt-flink-1-20/out/configs/1755884372216.yml
STDOUT:
 Job has been submitted with JobID 6fc0b5bd3585b899fda5487530ff48d2
Program execution finished
Job with JobID 6fc0b5bd3585b899fda5487530ff48d2 has finished.
Job Runtime: 300441 ms


STDERR:
 

-------

Experiment #37/60
Configuration: {'benchmark.operator': 'AStream', 'query_generator.different_filters': 200}
Configuration file: /sc/home/magnus.menger/repos/mt-flink-1-20/out/configs/1755884677435.yml

Running command: /sc/home/magnus.menger/repos/mt-flink-1-20/flink-1.20.2/bin/flink run /sc/home/magnus.menger/repos/mt-flink-1-20/target/mt-flink-1-20-1.0-SNAPSHOT-fat.jar /sc/home/magnus.menger/repos/mt-flink-1-20/out/configs/1755884677435.yml
STDOUT:
 Job has been submitted with JobID be9b47b89f5fd1cd8434aeb2e8f1ed7e
Program execution finished
Job with JobID be9b47b89f5fd1cd8434aeb2e8f1ed7e has finished.
Job Runtime: 300527 ms


STDERR:
 

-------

Experiment #38/60
Configuration: {'benchmark.operator': 'Optimized', 'query_generator.different_filters': 200, 'query_generator.reuse_sum_and_count_for_avg': False}
Configuration file: /sc/home/magnus.menger/repos/mt-flink-1-20/out/configs/1755884982571.yml

Running command: /sc/home/magnus.menger/repos/mt-flink-1-20/flink-1.20.2/bin/flink run /sc/home/magnus.menger/repos/mt-flink-1-20/target/mt-flink-1-20-1.0-SNAPSHOT-fat.jar /sc/home/magnus.menger/repos/mt-flink-1-20/out/configs/1755884982571.yml
STDOUT:
 Job has been submitted with JobID 827f525ddc134241a14791c35dbcccff
Program execution finished
Job with JobID 827f525ddc134241a14791c35dbcccff has finished.
Job Runtime: 300432 ms


STDERR:
 

-------

Experiment #39/60
Configuration: {'benchmark.operator': 'Optimized', 'query_generator.different_filters': 200}
Configuration file: /sc/home/magnus.menger/repos/mt-flink-1-20/out/configs/1755885287833.yml

Running command: /sc/home/magnus.menger/repos/mt-flink-1-20/flink-1.20.2/bin/flink run /sc/home/magnus.menger/repos/mt-flink-1-20/target/mt-flink-1-20-1.0-SNAPSHOT-fat.jar /sc/home/magnus.menger/repos/mt-flink-1-20/out/configs/1755885287833.yml
STDOUT:
 Job has been submitted with JobID 5187d17bfc8f43080da66df68e3045cf
Program execution finished
Job with JobID 5187d17bfc8f43080da66df68e3045cf has finished.
Job Runtime: 300455 ms


STDERR:
 

-------

Experiment #40/60
Configuration: {'benchmark.operator': 'Baseline', 'query_generator.max_parallelism': 1, 'query_generator.ending_per_batch': 0, 'query_generator.used_fields': 5}
Configuration file: /sc/home/magnus.menger/repos/mt-flink-1-20/out/configs/1755885593072.yml

Running command: /sc/home/magnus.menger/repos/mt-flink-1-20/flink-1.20.2/bin/flink run /sc/home/magnus.menger/repos/mt-flink-1-20/target/mt-flink-1-20-1.0-SNAPSHOT-fat.jar /sc/home/magnus.menger/repos/mt-flink-1-20/out/configs/1755885593072.yml
STDOUT:
 Job has been submitted with JobID 9ad6044f21b447b030a3cd36692c0d4b
Program execution finished
Job with JobID 9ad6044f21b447b030a3cd36692c0d4b has finished.
Job Runtime: 300432 ms


STDERR:
 

-------

Experiment #41/60
Configuration: {'benchmark.operator': 'AStream', 'query_generator.max_parallelism': 1, 'query_generator.ending_per_batch': 0, 'query_generator.used_fields': 5}
Configuration file: /sc/home/magnus.menger/repos/mt-flink-1-20/out/configs/1755885898300.yml

Running command: /sc/home/magnus.menger/repos/mt-flink-1-20/flink-1.20.2/bin/flink run /sc/home/magnus.menger/repos/mt-flink-1-20/target/mt-flink-1-20-1.0-SNAPSHOT-fat.jar /sc/home/magnus.menger/repos/mt-flink-1-20/out/configs/1755885898300.yml
STDOUT:
 Job has been submitted with JobID 366e2b7abf1116044832a010c648dd9b
Program execution finished
Job with JobID 366e2b7abf1116044832a010c648dd9b has finished.
Job Runtime: 300424 ms


STDERR:
 

-------

Experiment #42/60
Configuration: {'benchmark.operator': 'Optimized', 'query_generator.max_parallelism': 1, 'query_generator.ending_per_batch': 0, 'query_generator.reuse_sum_and_count_for_avg': False, 'query_generator.used_fields': 5}
Configuration file: /sc/home/magnus.menger/repos/mt-flink-1-20/out/configs/1755886203585.yml

Running command: /sc/home/magnus.menger/repos/mt-flink-1-20/flink-1.20.2/bin/flink run /sc/home/magnus.menger/repos/mt-flink-1-20/target/mt-flink-1-20-1.0-SNAPSHOT-fat.jar /sc/home/magnus.menger/repos/mt-flink-1-20/out/configs/1755886203585.yml
STDOUT:
 Job has been submitted with JobID 98a460d134b95db9569e284182e5c1da
Program execution finished
Job with JobID 98a460d134b95db9569e284182e5c1da has finished.
Job Runtime: 300427 ms


STDERR:
 

-------

Experiment #43/60
Configuration: {'benchmark.operator': 'Optimized', 'query_generator.max_parallelism': 1, 'query_generator.ending_per_batch': 0, 'query_generator.used_fields': 5}
Configuration file: /sc/home/magnus.menger/repos/mt-flink-1-20/out/configs/1755886508659.yml

Running command: /sc/home/magnus.menger/repos/mt-flink-1-20/flink-1.20.2/bin/flink run /sc/home/magnus.menger/repos/mt-flink-1-20/target/mt-flink-1-20-1.0-SNAPSHOT-fat.jar /sc/home/magnus.menger/repos/mt-flink-1-20/out/configs/1755886508659.yml
STDOUT:
 Job has been submitted with JobID c3164ad74e466df33b5e649a2f9101ee
Program execution finished
Job with JobID c3164ad74e466df33b5e649a2f9101ee has finished.
Job Runtime: 300421 ms


STDERR:
 

-------

Experiment #44/60
Configuration: {'benchmark.operator': 'Baseline', 'query_generator.max_parallelism': 50, 'query_generator.ending_per_batch': 5, 'query_generator.used_fields': 5}
Configuration file: /sc/home/magnus.menger/repos/mt-flink-1-20/out/configs/1755886813893.yml

Running command: /sc/home/magnus.menger/repos/mt-flink-1-20/flink-1.20.2/bin/flink run /sc/home/magnus.menger/repos/mt-flink-1-20/target/mt-flink-1-20-1.0-SNAPSHOT-fat.jar /sc/home/magnus.menger/repos/mt-flink-1-20/out/configs/1755886813893.yml
STDOUT:
 Job has been submitted with JobID 4d6704b73c5d8046ecf6b0be1c4c5b01
Program execution finished
Job with JobID 4d6704b73c5d8046ecf6b0be1c4c5b01 has finished.
Job Runtime: 300433 ms


STDERR:
 

-------

Experiment #45/60
Configuration: {'benchmark.operator': 'AStream', 'query_generator.max_parallelism': 50, 'query_generator.ending_per_batch': 5, 'query_generator.used_fields': 5}
Configuration file: /sc/home/magnus.menger/repos/mt-flink-1-20/out/configs/1755887118918.yml

Running command: /sc/home/magnus.menger/repos/mt-flink-1-20/flink-1.20.2/bin/flink run /sc/home/magnus.menger/repos/mt-flink-1-20/target/mt-flink-1-20-1.0-SNAPSHOT-fat.jar /sc/home/magnus.menger/repos/mt-flink-1-20/out/configs/1755887118918.yml
STDOUT:
 Job has been submitted with JobID a4f74b99e63a74a9c1f4f08136ccc4f7
Program execution finished
Job with JobID a4f74b99e63a74a9c1f4f08136ccc4f7 has finished.
Job Runtime: 300460 ms


STDERR:
 

-------

Experiment #46/60
Configuration: {'benchmark.operator': 'Optimized', 'query_generator.max_parallelism': 50, 'query_generator.ending_per_batch': 5, 'query_generator.reuse_sum_and_count_for_avg': False, 'query_generator.used_fields': 5}
Configuration file: /sc/home/magnus.menger/repos/mt-flink-1-20/out/configs/1755887424093.yml

Running command: /sc/home/magnus.menger/repos/mt-flink-1-20/flink-1.20.2/bin/flink run /sc/home/magnus.menger/repos/mt-flink-1-20/target/mt-flink-1-20-1.0-SNAPSHOT-fat.jar /sc/home/magnus.menger/repos/mt-flink-1-20/out/configs/1755887424093.yml
STDOUT:
 Job has been submitted with JobID c56064cfed70595f9c57f3fcd96661c9
Program execution finished
Job with JobID c56064cfed70595f9c57f3fcd96661c9 has finished.
Job Runtime: 300422 ms


STDERR:
 

-------

Experiment #47/60
Configuration: {'benchmark.operator': 'Optimized', 'query_generator.max_parallelism': 50, 'query_generator.ending_per_batch': 5, 'query_generator.used_fields': 5}
Configuration file: /sc/home/magnus.menger/repos/mt-flink-1-20/out/configs/1755887729114.yml

Running command: /sc/home/magnus.menger/repos/mt-flink-1-20/flink-1.20.2/bin/flink run /sc/home/magnus.menger/repos/mt-flink-1-20/target/mt-flink-1-20-1.0-SNAPSHOT-fat.jar /sc/home/magnus.menger/repos/mt-flink-1-20/out/configs/1755887729114.yml
STDOUT:
 Job has been submitted with JobID 8d52fbd7e165e2955794381bf8390979
Program execution finished
Job with JobID 8d52fbd7e165e2955794381bf8390979 has finished.
Job Runtime: 300442 ms


STDERR:
 

-------

Experiment #48/60
Configuration: {'benchmark.operator': 'Baseline', 'query_generator.max_parallelism': 200, 'query_generator.ending_per_batch': 20, 'query_generator.used_fields': 5}
Configuration file: /sc/home/magnus.menger/repos/mt-flink-1-20/out/configs/1755888034085.yml

Running command: /sc/home/magnus.menger/repos/mt-flink-1-20/flink-1.20.2/bin/flink run /sc/home/magnus.menger/repos/mt-flink-1-20/target/mt-flink-1-20-1.0-SNAPSHOT-fat.jar /sc/home/magnus.menger/repos/mt-flink-1-20/out/configs/1755888034085.yml
STDOUT:
 Job has been submitted with JobID 9713714ae6c1dfbc3e452852ef57fa62
Program execution finished
Job with JobID 9713714ae6c1dfbc3e452852ef57fa62 has finished.
Job Runtime: 300440 ms


STDERR:
 

-------

Experiment #49/60
Configuration: {'benchmark.operator': 'AStream', 'query_generator.max_parallelism': 200, 'query_generator.ending_per_batch': 20, 'query_generator.used_fields': 5}
Configuration file: /sc/home/magnus.menger/repos/mt-flink-1-20/out/configs/1755888339343.yml

Running command: /sc/home/magnus.menger/repos/mt-flink-1-20/flink-1.20.2/bin/flink run /sc/home/magnus.menger/repos/mt-flink-1-20/target/mt-flink-1-20-1.0-SNAPSHOT-fat.jar /sc/home/magnus.menger/repos/mt-flink-1-20/out/configs/1755888339343.yml
STDOUT:
 Job has been submitted with JobID 14ee8e10ea0676bcf23441d3e89d16e4
Program execution finished
Job with JobID 14ee8e10ea0676bcf23441d3e89d16e4 has finished.
Job Runtime: 300441 ms


STDERR:
 

-------

Experiment #50/60
Configuration: {'benchmark.operator': 'Optimized', 'query_generator.max_parallelism': 200, 'query_generator.ending_per_batch': 20, 'query_generator.reuse_sum_and_count_for_avg': False, 'query_generator.used_fields': 5}
Configuration file: /sc/home/magnus.menger/repos/mt-flink-1-20/out/configs/1755888644438.yml

Running command: /sc/home/magnus.menger/repos/mt-flink-1-20/flink-1.20.2/bin/flink run /sc/home/magnus.menger/repos/mt-flink-1-20/target/mt-flink-1-20-1.0-SNAPSHOT-fat.jar /sc/home/magnus.menger/repos/mt-flink-1-20/out/configs/1755888644438.yml
STDOUT:
 Job has been submitted with JobID e3dfd6cb27564ac4354c934fef66f8f4
Program execution finished
Job with JobID e3dfd6cb27564ac4354c934fef66f8f4 has finished.
Job Runtime: 300459 ms


STDERR:
 

-------

Experiment #51/60
Configuration: {'benchmark.operator': 'Optimized', 'query_generator.max_parallelism': 200, 'query_generator.ending_per_batch': 20, 'query_generator.used_fields': 5}
Configuration file: /sc/home/magnus.menger/repos/mt-flink-1-20/out/configs/1755888949587.yml

Running command: /sc/home/magnus.menger/repos/mt-flink-1-20/flink-1.20.2/bin/flink run /sc/home/magnus.menger/repos/mt-flink-1-20/target/mt-flink-1-20-1.0-SNAPSHOT-fat.jar /sc/home/magnus.menger/repos/mt-flink-1-20/out/configs/1755888949587.yml
STDOUT:
 Job has been submitted with JobID d531e640b43ddddb032504e9ac1254e9
Program execution finished
Job with JobID d531e640b43ddddb032504e9ac1254e9 has finished.
Job Runtime: 300419 ms


STDERR:
 

-------

Experiment #52/60
Configuration: {'benchmark.operator': 'Baseline', 'query_generator.max_parallelism': 1000, 'query_generator.ending_per_batch': 100, 'query_generator.used_fields': 5}
Configuration file: /sc/home/magnus.menger/repos/mt-flink-1-20/out/configs/1755889254698.yml

Running command: /sc/home/magnus.menger/repos/mt-flink-1-20/flink-1.20.2/bin/flink run /sc/home/magnus.menger/repos/mt-flink-1-20/target/mt-flink-1-20-1.0-SNAPSHOT-fat.jar /sc/home/magnus.menger/repos/mt-flink-1-20/out/configs/1755889254698.yml
STDOUT:
 Job has been submitted with JobID 4b2ccc714bdca617c350d878ec9fa3ad
Program execution finished
Job with JobID 4b2ccc714bdca617c350d878ec9fa3ad has finished.
Job Runtime: 300443 ms


STDERR:
 

-------

Experiment #53/60
Configuration: {'benchmark.operator': 'AStream', 'query_generator.max_parallelism': 1000, 'query_generator.ending_per_batch': 100, 'query_generator.used_fields': 5}
Configuration file: /sc/home/magnus.menger/repos/mt-flink-1-20/out/configs/1755889560053.yml

Running command: /sc/home/magnus.menger/repos/mt-flink-1-20/flink-1.20.2/bin/flink run /sc/home/magnus.menger/repos/mt-flink-1-20/target/mt-flink-1-20-1.0-SNAPSHOT-fat.jar /sc/home/magnus.menger/repos/mt-flink-1-20/out/configs/1755889560053.yml
STDOUT:
 Job has been submitted with JobID 42ae7ebc9b21539e22902a3977c19900
Program execution finished
Job with JobID 42ae7ebc9b21539e22902a3977c19900 has finished.
Job Runtime: 300439 ms


STDERR:
 

-------

Experiment #54/60
Configuration: {'benchmark.operator': 'Optimized', 'query_generator.max_parallelism': 1000, 'query_generator.ending_per_batch': 100, 'query_generator.reuse_sum_and_count_for_avg': False, 'query_generator.used_fields': 5}
Configuration file: /sc/home/magnus.menger/repos/mt-flink-1-20/out/configs/1755889865370.yml

Running command: /sc/home/magnus.menger/repos/mt-flink-1-20/flink-1.20.2/bin/flink run /sc/home/magnus.menger/repos/mt-flink-1-20/target/mt-flink-1-20-1.0-SNAPSHOT-fat.jar /sc/home/magnus.menger/repos/mt-flink-1-20/out/configs/1755889865370.yml
STDOUT:
 Job has been submitted with JobID 35a192e886599d906a286f7592df6f86
Program execution finished
Job with JobID 35a192e886599d906a286f7592df6f86 has finished.
Job Runtime: 300441 ms


STDERR:
 

-------

Experiment #55/60
Configuration: {'benchmark.operator': 'Optimized', 'query_generator.max_parallelism': 1000, 'query_generator.ending_per_batch': 100, 'query_generator.used_fields': 5}
Configuration file: /sc/home/magnus.menger/repos/mt-flink-1-20/out/configs/1755890170338.yml

Running command: /sc/home/magnus.menger/repos/mt-flink-1-20/flink-1.20.2/bin/flink run /sc/home/magnus.menger/repos/mt-flink-1-20/target/mt-flink-1-20-1.0-SNAPSHOT-fat.jar /sc/home/magnus.menger/repos/mt-flink-1-20/out/configs/1755890170338.yml
STDOUT:
 Job has been submitted with JobID 263b16d77bb9af9126b86a2c76e1e116
Program execution finished
Job with JobID 263b16d77bb9af9126b86a2c76e1e116 has finished.
Job Runtime: 300430 ms


STDERR:
 

-------

Experiment #56/60
Configuration: {'benchmark.operator': 'Baseline', 'query_generator.max_parallelism': 5000, 'query_generator.ending_per_batch': 500, 'query_generator.used_fields': 5}
Configuration file: /sc/home/magnus.menger/repos/mt-flink-1-20/out/configs/1755890475574.yml

Running command: /sc/home/magnus.menger/repos/mt-flink-1-20/flink-1.20.2/bin/flink run /sc/home/magnus.menger/repos/mt-flink-1-20/target/mt-flink-1-20-1.0-SNAPSHOT-fat.jar /sc/home/magnus.menger/repos/mt-flink-1-20/out/configs/1755890475574.yml
STDOUT:
 Job has been submitted with JobID 46fac698751d4047c2b6dc68ef683c6a
Program execution finished
Job with JobID 46fac698751d4047c2b6dc68ef683c6a has finished.
Job Runtime: 300452 ms


STDERR:
 

-------

Experiment #57/60
Configuration: {'benchmark.operator': 'AStream', 'query_generator.max_parallelism': 5000, 'query_generator.ending_per_batch': 500, 'query_generator.used_fields': 5}
Configuration file: /sc/home/magnus.menger/repos/mt-flink-1-20/out/configs/1755890780932.yml

Running command: /sc/home/magnus.menger/repos/mt-flink-1-20/flink-1.20.2/bin/flink run /sc/home/magnus.menger/repos/mt-flink-1-20/target/mt-flink-1-20-1.0-SNAPSHOT-fat.jar /sc/home/magnus.menger/repos/mt-flink-1-20/out/configs/1755890780932.yml
STDOUT:
 Job has been submitted with JobID 5500583481a07ba32d411087380c6c50
Program execution finished
Job with JobID 5500583481a07ba32d411087380c6c50 has finished.
Job Runtime: 300581 ms


STDERR:
 

-------

Experiment #58/60
Configuration: {'benchmark.operator': 'Optimized', 'query_generator.max_parallelism': 5000, 'query_generator.ending_per_batch': 500, 'query_generator.reuse_sum_and_count_for_avg': False, 'query_generator.used_fields': 5}
Configuration file: /sc/home/magnus.menger/repos/mt-flink-1-20/out/configs/1755891086119.yml

Running command: /sc/home/magnus.menger/repos/mt-flink-1-20/flink-1.20.2/bin/flink run /sc/home/magnus.menger/repos/mt-flink-1-20/target/mt-flink-1-20-1.0-SNAPSHOT-fat.jar /sc/home/magnus.menger/repos/mt-flink-1-20/out/configs/1755891086119.yml
STDOUT:
 Job has been submitted with JobID e687de713e310e04a46debe6d95b4c21
Program execution finished
Job with JobID e687de713e310e04a46debe6d95b4c21 has finished.
Job Runtime: 300544 ms


STDERR:
 

-------

Experiment #59/60
Configuration: {'benchmark.operator': 'Optimized', 'query_generator.max_parallelism': 5000, 'query_generator.ending_per_batch': 500, 'query_generator.used_fields': 5}
Configuration file: /sc/home/magnus.menger/repos/mt-flink-1-20/out/configs/1755891391417.yml

Running command: /sc/home/magnus.menger/repos/mt-flink-1-20/flink-1.20.2/bin/flink run /sc/home/magnus.menger/repos/mt-flink-1-20/target/mt-flink-1-20-1.0-SNAPSHOT-fat.jar /sc/home/magnus.menger/repos/mt-flink-1-20/out/configs/1755891391417.yml
STDOUT:
 Job has been submitted with JobID 5799b3f5666247f4962b77d159dc4dbe
Program execution finished
Job with JobID 5799b3f5666247f4962b77d159dc4dbe has finished.
Job Runtime: 300454 ms


STDERR:
 

-------

+ /sc/home/magnus.menger/repos/mt-flink-1-20/flink-1.20.2/bin/stop-cluster.sh
Stopping taskexecutor daemon (pid: 1097041) on host cx01.
Stopping standalonesession daemon (pid: 1096453) on host cx01.
