Starting cluster.
Starting standalonesession daemon on host cx01.
Starting taskexecutor daemon on host cx01.
Script has working directory /sc/home/magnus.menger
Experiment #0/12
Configuration: {'benchmark.operator': 'Baseline', 'query_generator.max_parallelism': 50, 'query_generator.ending_per_batch': 5}
Configuration file: /sc/home/magnus.menger/repos/mt-flink-1-20/out/configs/1760090893570.yml

Running command: /sc/home/magnus.menger/repos/mt-flink-1-20/flink-1.20.2/bin/flink run /sc/home/magnus.menger/repos/mt-flink-1-20/target/mt-flink-1-20-1.0-SNAPSHOT-fat.jar /sc/home/magnus.menger/repos/mt-flink-1-20/out/configs/1760090893570.yml
STDOUT:
 Job has been submitted with JobID fc01ac60978538bfedd717da85b980cb
Program execution finished
Job with JobID fc01ac60978538bfedd717da85b980cb has finished.
Job Runtime: 306265 ms


STDERR:
 

-------

Experiment #1/12
Configuration: {'benchmark.operator': 'AStream', 'query_generator.max_parallelism': 50, 'query_generator.ending_per_batch': 5}
Configuration file: /sc/home/magnus.menger/repos/mt-flink-1-20/out/configs/1760091205142.yml

Running command: /sc/home/magnus.menger/repos/mt-flink-1-20/flink-1.20.2/bin/flink run /sc/home/magnus.menger/repos/mt-flink-1-20/target/mt-flink-1-20-1.0-SNAPSHOT-fat.jar /sc/home/magnus.menger/repos/mt-flink-1-20/out/configs/1760091205142.yml
STDOUT:
 Job has been submitted with JobID b90e06022ee0b6608d228530e403489e
Program execution finished
Job with JobID b90e06022ee0b6608d228530e403489e has finished.
Job Runtime: 305535 ms


STDERR:
 

-------

Experiment #2/12
Configuration: {'benchmark.operator': 'Optimized', 'query_generator.max_parallelism': 50, 'query_generator.ending_per_batch': 5}
Configuration file: /sc/home/magnus.menger/repos/mt-flink-1-20/out/configs/1760091515180.yml

Running command: /sc/home/magnus.menger/repos/mt-flink-1-20/flink-1.20.2/bin/flink run /sc/home/magnus.menger/repos/mt-flink-1-20/target/mt-flink-1-20-1.0-SNAPSHOT-fat.jar /sc/home/magnus.menger/repos/mt-flink-1-20/out/configs/1760091515180.yml
STDOUT:
 Job has been submitted with JobID f237404af4350be6222845bd10d5f5cb
Program execution finished
Job with JobID f237404af4350be6222845bd10d5f5cb has finished.
Job Runtime: 300578 ms


STDERR:
 

-------

Experiment #3/12
Configuration: {'benchmark.operator': 'Optimized', 'query_generator.max_parallelism': 50, 'query_generator.ending_per_batch': 5, 'query_generator.aggregations': ['min', 'max', 'count', 'sum', 'avg_shared']}
Configuration file: /sc/home/magnus.menger/repos/mt-flink-1-20/out/configs/1760091821128.yml

Running command: /sc/home/magnus.menger/repos/mt-flink-1-20/flink-1.20.2/bin/flink run /sc/home/magnus.menger/repos/mt-flink-1-20/target/mt-flink-1-20-1.0-SNAPSHOT-fat.jar /sc/home/magnus.menger/repos/mt-flink-1-20/out/configs/1760091821128.yml
STDOUT:
 Job has been submitted with JobID 96ff9972bd1ad1ebb3ca4d5d19c4d945
Program execution finished
Job with JobID 96ff9972bd1ad1ebb3ca4d5d19c4d945 has finished.
Job Runtime: 300521 ms


STDERR:
 

-------

Experiment #4/12
Configuration: {'benchmark.operator': 'Baseline', 'query_generator.max_parallelism': 1000, 'query_generator.ending_per_batch': 100}
Configuration file: /sc/home/magnus.menger/repos/mt-flink-1-20/out/configs/1760092127000.yml

Running command: /sc/home/magnus.menger/repos/mt-flink-1-20/flink-1.20.2/bin/flink run /sc/home/magnus.menger/repos/mt-flink-1-20/target/mt-flink-1-20-1.0-SNAPSHOT-fat.jar /sc/home/magnus.menger/repos/mt-flink-1-20/out/configs/1760092127000.yml
STDOUT:
 Job has been submitted with JobID cd971062de7733530129ed50fabf3de8
Program execution finished
Job with JobID cd971062de7733530129ed50fabf3de8 has finished.
Job Runtime: 305609 ms


STDERR:
 

-------

Experiment #5/12
Configuration: {'benchmark.operator': 'AStream', 'query_generator.max_parallelism': 1000, 'query_generator.ending_per_batch': 100}
Configuration file: /sc/home/magnus.menger/repos/mt-flink-1-20/out/configs/1760092436868.yml

Running command: /sc/home/magnus.menger/repos/mt-flink-1-20/flink-1.20.2/bin/flink run /sc/home/magnus.menger/repos/mt-flink-1-20/target/mt-flink-1-20-1.0-SNAPSHOT-fat.jar /sc/home/magnus.menger/repos/mt-flink-1-20/out/configs/1760092436868.yml
STDOUT:
 Job has been submitted with JobID 52fef8662d1fd76a4f8b0c91471c6478
Program execution finished
Job with JobID 52fef8662d1fd76a4f8b0c91471c6478 has finished.
Job Runtime: 300954 ms


STDERR:
 

-------

Experiment #6/12
Configuration: {'benchmark.operator': 'Optimized', 'query_generator.max_parallelism': 1000, 'query_generator.ending_per_batch': 100}
Configuration file: /sc/home/magnus.menger/repos/mt-flink-1-20/out/configs/1760092742818.yml

Running command: /sc/home/magnus.menger/repos/mt-flink-1-20/flink-1.20.2/bin/flink run /sc/home/magnus.menger/repos/mt-flink-1-20/target/mt-flink-1-20-1.0-SNAPSHOT-fat.jar /sc/home/magnus.menger/repos/mt-flink-1-20/out/configs/1760092742818.yml
STDOUT:
 Job has been submitted with JobID 419200b07e31bcd684063f95481b2a52
Program execution finished
Job with JobID 419200b07e31bcd684063f95481b2a52 has finished.
Job Runtime: 300819 ms


STDERR:
 

-------

Experiment #7/12
Configuration: {'benchmark.operator': 'Optimized', 'query_generator.max_parallelism': 1000, 'query_generator.ending_per_batch': 100, 'query_generator.aggregations': ['min', 'max', 'count', 'sum', 'avg_shared']}
Configuration file: /sc/home/magnus.menger/repos/mt-flink-1-20/out/configs/1760093048662.yml

Running command: /sc/home/magnus.menger/repos/mt-flink-1-20/flink-1.20.2/bin/flink run /sc/home/magnus.menger/repos/mt-flink-1-20/target/mt-flink-1-20-1.0-SNAPSHOT-fat.jar /sc/home/magnus.menger/repos/mt-flink-1-20/out/configs/1760093048662.yml
STDOUT:
 Job has been submitted with JobID 778e35d555a886695810de9e581a74d9
Program execution finished
Job with JobID 778e35d555a886695810de9e581a74d9 has finished.
Job Runtime: 300803 ms


STDERR:
 

-------

Experiment #8/12
Configuration: {'benchmark.operator': 'Baseline', 'query_generator.max_parallelism': 5000, 'query_generator.ending_per_batch': 500}
Configuration file: /sc/home/magnus.menger/repos/mt-flink-1-20/out/configs/1760093354887.yml

Running command: /sc/home/magnus.menger/repos/mt-flink-1-20/flink-1.20.2/bin/flink run /sc/home/magnus.menger/repos/mt-flink-1-20/target/mt-flink-1-20-1.0-SNAPSHOT-fat.jar /sc/home/magnus.menger/repos/mt-flink-1-20/out/configs/1760093354887.yml
STDOUT:
 Job has been submitted with JobID d2503e2d3b95b0d77881ceba7efb3a35
Program execution finished
Job with JobID d2503e2d3b95b0d77881ceba7efb3a35 has finished.
Job Runtime: 305689 ms


STDERR:
 

-------

Experiment #9/12
Configuration: {'benchmark.operator': 'AStream', 'query_generator.max_parallelism': 5000, 'query_generator.ending_per_batch': 500}
Configuration file: /sc/home/magnus.menger/repos/mt-flink-1-20/out/configs/1760093665219.yml

Running command: /sc/home/magnus.menger/repos/mt-flink-1-20/flink-1.20.2/bin/flink run /sc/home/magnus.menger/repos/mt-flink-1-20/target/mt-flink-1-20-1.0-SNAPSHOT-fat.jar /sc/home/magnus.menger/repos/mt-flink-1-20/out/configs/1760093665219.yml
STDOUT:
 Job has been submitted with JobID 273152ccb3f7958905269c0ed418c7f1
Program execution finished
Job with JobID 273152ccb3f7958905269c0ed418c7f1 has finished.
Job Runtime: 307610 ms


STDERR:
 

-------

Experiment #10/12
Configuration: {'benchmark.operator': 'Optimized', 'query_generator.max_parallelism': 5000, 'query_generator.ending_per_batch': 500}
Configuration file: /sc/home/magnus.menger/repos/mt-flink-1-20/out/configs/1760093977268.yml

Running command: /sc/home/magnus.menger/repos/mt-flink-1-20/flink-1.20.2/bin/flink run /sc/home/magnus.menger/repos/mt-flink-1-20/target/mt-flink-1-20-1.0-SNAPSHOT-fat.jar /sc/home/magnus.menger/repos/mt-flink-1-20/out/configs/1760093977268.yml
STDOUT:
 Job has been submitted with JobID de0f341e91b39d5100407b38c9802259
Program execution finished
Job with JobID de0f341e91b39d5100407b38c9802259 has finished.
Job Runtime: 301819 ms


STDERR:
 

-------

Experiment #11/12
Configuration: {'benchmark.operator': 'Optimized', 'query_generator.max_parallelism': 5000, 'query_generator.ending_per_batch': 500, 'query_generator.aggregations': ['min', 'max', 'count', 'sum', 'avg_shared']}
Configuration file: /sc/home/magnus.menger/repos/mt-flink-1-20/out/configs/1760094283338.yml

Running command: /sc/home/magnus.menger/repos/mt-flink-1-20/flink-1.20.2/bin/flink run /sc/home/magnus.menger/repos/mt-flink-1-20/target/mt-flink-1-20-1.0-SNAPSHOT-fat.jar /sc/home/magnus.menger/repos/mt-flink-1-20/out/configs/1760094283338.yml
STDOUT:
 Job has been submitted with JobID 9d10874d5ca85532c03aca0ab000cf60
Program execution finished
Job with JobID 9d10874d5ca85532c03aca0ab000cf60 has finished.
Job Runtime: 306000 ms


STDERR:
 

-------

Stopping taskexecutor daemon (pid: 2296671) on host cx01.
Stopping standalonesession daemon (pid: 2296100) on host cx01.
