+ JAVA=/sc/home/magnus.menger/java/jdk-11.0.28+6
+ FLINK_DIR=/sc/home/magnus.menger/repos/mt-flink-1-20/flink-1.20.2/bin
+ EXPERIMENT_SCRIPT=/sc/home/magnus.menger/repos/mt-plots/experiment_runner.py
+ export JAVA_HOME=/sc/home/magnus.menger/java/jdk-11.0.28+6
+ JAVA_HOME=/sc/home/magnus.menger/java/jdk-11.0.28+6
+ /sc/home/magnus.menger/repos/mt-flink-1-20/flink-1.20.2/bin/start-cluster.sh
Starting cluster.
Starting standalonesession daemon on host cx10.
Starting taskexecutor daemon on host cx10.
+ python /sc/home/magnus.menger/repos/mt-plots/experiment_runner.py
Script has working directory /sc/home/magnus.menger
Experiment #0/4
Configuration: {'query_generator.used_fields': 5, 'benchmark.operator': 'Optimized', 'query_generator.max_parallelism': 1000, 'query_generator.ending_per_batch': 100, 'query_generator.reuse_sum_and_count_for_avg': False}
Configuration file: /sc/home/magnus.menger/repos/mt-flink-1-20/out/configs/1756126890352.yml

Running command: /sc/home/magnus.menger/repos/mt-flink-1-20/flink-1.20.2/bin/flink run /sc/home/magnus.menger/repos/mt-flink-1-20/target/mt-flink-1-20-1.0-SNAPSHOT-fat.jar /sc/home/magnus.menger/repos/mt-flink-1-20/out/configs/1756126890352.yml
STDOUT:
 Job has been submitted with JobID b5ea27e5960b3afc42d154bc4d9eebdb
Program execution finished
Job with JobID b5ea27e5960b3afc42d154bc4d9eebdb has finished.
Job Runtime: 301387 ms


STDERR:
 

-------

Experiment #1/4
Configuration: {'query_generator.used_fields': 5, 'benchmark.operator': 'Optimized', 'query_generator.max_parallelism': 1000, 'query_generator.ending_per_batch': 100}
Configuration file: /sc/home/magnus.menger/repos/mt-flink-1-20/out/configs/1756127200327.yml

Running command: /sc/home/magnus.menger/repos/mt-flink-1-20/flink-1.20.2/bin/flink run /sc/home/magnus.menger/repos/mt-flink-1-20/target/mt-flink-1-20-1.0-SNAPSHOT-fat.jar /sc/home/magnus.menger/repos/mt-flink-1-20/out/configs/1756127200327.yml
STDOUT:
 Job has been submitted with JobID 24773a7ebbcdcf418986cd3d24e0f9ce
Program execution finished
Job with JobID 24773a7ebbcdcf418986cd3d24e0f9ce has finished.
Job Runtime: 300583 ms


STDERR:
 

-------

Experiment #2/4
Configuration: {'query_generator.used_fields': 5, 'benchmark.operator': 'Optimized', 'query_generator.max_parallelism': 5000, 'query_generator.ending_per_batch': 500, 'query_generator.reuse_sum_and_count_for_avg': False}
Configuration file: /sc/home/magnus.menger/repos/mt-flink-1-20/out/configs/1756127506944.yml

Running command: /sc/home/magnus.menger/repos/mt-flink-1-20/flink-1.20.2/bin/flink run /sc/home/magnus.menger/repos/mt-flink-1-20/target/mt-flink-1-20-1.0-SNAPSHOT-fat.jar /sc/home/magnus.menger/repos/mt-flink-1-20/out/configs/1756127506944.yml
STDOUT:
 Job has been submitted with JobID ebe2a443109749fc31629cf79dbd3e3c
Program execution finished
Job with JobID ebe2a443109749fc31629cf79dbd3e3c has finished.
Job Runtime: 300546 ms


STDERR:
 

-------

Experiment #3/4
Configuration: {'query_generator.used_fields': 5, 'benchmark.operator': 'Optimized', 'query_generator.max_parallelism': 5000, 'query_generator.ending_per_batch': 500}
Configuration file: /sc/home/magnus.menger/repos/mt-flink-1-20/out/configs/1756127813226.yml

Running command: /sc/home/magnus.menger/repos/mt-flink-1-20/flink-1.20.2/bin/flink run /sc/home/magnus.menger/repos/mt-flink-1-20/target/mt-flink-1-20-1.0-SNAPSHOT-fat.jar /sc/home/magnus.menger/repos/mt-flink-1-20/out/configs/1756127813226.yml
STDOUT:
 Job has been submitted with JobID 0d471e85581861b55bf8e4bf560c53df
Program execution finished
Job with JobID 0d471e85581861b55bf8e4bf560c53df has finished.
Job Runtime: 300634 ms


STDERR:
 

-------

+ /sc/home/magnus.menger/repos/mt-flink-1-20/flink-1.20.2/bin/stop-cluster.sh
Stopping taskexecutor daemon (pid: 3557025) on host cx10.
Stopping standalonesession daemon (pid: 3556490) on host cx10.
