Starting cluster.
Starting standalonesession daemon on host cx06.
Starting taskexecutor daemon on host cx06.
Script has working directory /sc/home/magnus.menger
Experiment #0/86
Configuration: {'benchmark.operator': 'Baseline', 'query_generator.max_parallelism': 1, 'query_generator.ending_per_batch': 0}
Configuration file: /sc/home/magnus.menger/repos/mt-flink-1-20/out/configs/1760947990034.yml

Running command: /sc/home/magnus.menger/repos/mt-flink-1-20/flink-1.20.2/bin/flink run /sc/home/magnus.menger/repos/mt-flink-1-20/target/mt-flink-1-20-1.0-SNAPSHOT-fat.jar /sc/home/magnus.menger/repos/mt-flink-1-20/out/configs/1760947990034.yml
STDOUT:
 Job has been submitted with JobID f4f93933629e29daab4c80fe5d581427
Program execution finished
Job with JobID f4f93933629e29daab4c80fe5d581427 has finished.
Job Runtime: 298404 ms


STDERR:
 

-------

Experiment #1/86
Configuration: {'benchmark.operator': 'AStream', 'query_generator.max_parallelism': 1, 'query_generator.ending_per_batch': 0}
Configuration file: /sc/home/magnus.menger/repos/mt-flink-1-20/out/configs/1760948295358.yml

Running command: /sc/home/magnus.menger/repos/mt-flink-1-20/flink-1.20.2/bin/flink run /sc/home/magnus.menger/repos/mt-flink-1-20/target/mt-flink-1-20-1.0-SNAPSHOT-fat.jar /sc/home/magnus.menger/repos/mt-flink-1-20/out/configs/1760948295358.yml
STDOUT:
 Job has been submitted with JobID 1bf2e6183a2776fa9bf6295d2eaad10e
Program execution finished
Job with JobID 1bf2e6183a2776fa9bf6295d2eaad10e has finished.
Job Runtime: 301103 ms


STDERR:
 

-------

Experiment #2/86
Configuration: {'benchmark.operator': 'Optimized', 'query_generator.max_parallelism': 1, 'query_generator.ending_per_batch': 0}
Configuration file: /sc/home/magnus.menger/repos/mt-flink-1-20/out/configs/1760948601081.yml

Running command: /sc/home/magnus.menger/repos/mt-flink-1-20/flink-1.20.2/bin/flink run /sc/home/magnus.menger/repos/mt-flink-1-20/target/mt-flink-1-20-1.0-SNAPSHOT-fat.jar /sc/home/magnus.menger/repos/mt-flink-1-20/out/configs/1760948601081.yml
STDOUT:
 Job has been submitted with JobID 5c256a6efd21d22e7829cbb4d1e9f57a
Program execution finished
Job with JobID 5c256a6efd21d22e7829cbb4d1e9f57a has finished.
Job Runtime: 300623 ms


STDERR:
 

-------

Experiment #3/86
Configuration: {'benchmark.operator': 'Optimized', 'query_generator.max_parallelism': 1, 'query_generator.ending_per_batch': 0, 'query_generator.aggregations': ['min', 'max', 'count', 'sum', 'avg_shared']}
Configuration file: /sc/home/magnus.menger/repos/mt-flink-1-20/out/configs/1760948906702.yml

Running command: /sc/home/magnus.menger/repos/mt-flink-1-20/flink-1.20.2/bin/flink run /sc/home/magnus.menger/repos/mt-flink-1-20/target/mt-flink-1-20-1.0-SNAPSHOT-fat.jar /sc/home/magnus.menger/repos/mt-flink-1-20/out/configs/1760948906702.yml
STDOUT:
 Job has been submitted with JobID 884caa64be70eda9c9f88a23c68fac05
Program execution finished
Job with JobID 884caa64be70eda9c9f88a23c68fac05 has finished.
Job Runtime: 299264 ms


STDERR:
 

-------

Experiment #4/86
Configuration: {'benchmark.operator': 'Baseline', 'query_generator.max_parallelism': 50, 'query_generator.ending_per_batch': 5}
Configuration file: /sc/home/magnus.menger/repos/mt-flink-1-20/out/configs/1760949210307.yml

Running command: /sc/home/magnus.menger/repos/mt-flink-1-20/flink-1.20.2/bin/flink run /sc/home/magnus.menger/repos/mt-flink-1-20/target/mt-flink-1-20-1.0-SNAPSHOT-fat.jar /sc/home/magnus.menger/repos/mt-flink-1-20/out/configs/1760949210307.yml
STDOUT:
 Job has been submitted with JobID c905d3e6eb0335594547c5eb8af5ff16
Program execution finished
Job with JobID c905d3e6eb0335594547c5eb8af5ff16 has finished.
Job Runtime: 391966 ms


STDERR:
 

-------

Experiment #5/86
Configuration: {'benchmark.operator': 'AStream', 'query_generator.max_parallelism': 50, 'query_generator.ending_per_batch': 5}
Configuration file: /sc/home/magnus.menger/repos/mt-flink-1-20/out/configs/1760949608114.yml

Running command: /sc/home/magnus.menger/repos/mt-flink-1-20/flink-1.20.2/bin/flink run /sc/home/magnus.menger/repos/mt-flink-1-20/target/mt-flink-1-20-1.0-SNAPSHOT-fat.jar /sc/home/magnus.menger/repos/mt-flink-1-20/out/configs/1760949608114.yml
STDOUT:
 Job has been submitted with JobID 84d3d14486c9936da6040ab7d78bfc6b
Program execution finished
Job with JobID 84d3d14486c9936da6040ab7d78bfc6b has finished.
Job Runtime: 296387 ms


STDERR:
 

-------

Experiment #6/86
Configuration: {'benchmark.operator': 'Optimized', 'query_generator.max_parallelism': 50, 'query_generator.ending_per_batch': 5}
Configuration file: /sc/home/magnus.menger/repos/mt-flink-1-20/out/configs/1760949909635.yml

Running command: /sc/home/magnus.menger/repos/mt-flink-1-20/flink-1.20.2/bin/flink run /sc/home/magnus.menger/repos/mt-flink-1-20/target/mt-flink-1-20-1.0-SNAPSHOT-fat.jar /sc/home/magnus.menger/repos/mt-flink-1-20/out/configs/1760949909635.yml
STDOUT:
 Job has been submitted with JobID 725612079810c0140254ac9d08edd87d
Program execution finished
Job with JobID 725612079810c0140254ac9d08edd87d has finished.
Job Runtime: 292016 ms


STDERR:
 

-------

Experiment #7/86
Configuration: {'benchmark.operator': 'Optimized', 'query_generator.max_parallelism': 50, 'query_generator.ending_per_batch': 5, 'query_generator.aggregations': ['min', 'max', 'count', 'sum', 'avg_shared']}
Configuration file: /sc/home/magnus.menger/repos/mt-flink-1-20/out/configs/1760950207157.yml

Running command: /sc/home/magnus.menger/repos/mt-flink-1-20/flink-1.20.2/bin/flink run /sc/home/magnus.menger/repos/mt-flink-1-20/target/mt-flink-1-20-1.0-SNAPSHOT-fat.jar /sc/home/magnus.menger/repos/mt-flink-1-20/out/configs/1760950207157.yml
STDOUT:
 Job has been submitted with JobID 0b5fa521e9fe006a6d8f83059dbd2f09
Program execution finished
Job with JobID 0b5fa521e9fe006a6d8f83059dbd2f09 has finished.
Job Runtime: 294132 ms


STDERR:
 

-------

Experiment #8/86
Configuration: {'benchmark.operator': 'Baseline', 'query_generator.max_parallelism': 200, 'query_generator.ending_per_batch': 20}
Configuration file: /sc/home/magnus.menger/repos/mt-flink-1-20/out/configs/1760950506575.yml

Running command: /sc/home/magnus.menger/repos/mt-flink-1-20/flink-1.20.2/bin/flink run /sc/home/magnus.menger/repos/mt-flink-1-20/target/mt-flink-1-20-1.0-SNAPSHOT-fat.jar /sc/home/magnus.menger/repos/mt-flink-1-20/out/configs/1760950506575.yml
STDOUT:
 Job has been submitted with JobID ae7e3a519e771a8e4b3cd2fa07e90235
Program execution finished
Job with JobID ae7e3a519e771a8e4b3cd2fa07e90235 has finished.
Job Runtime: 529707 ms


STDERR:
 

-------

Experiment #9/86
Configuration: {'benchmark.operator': 'AStream', 'query_generator.max_parallelism': 200, 'query_generator.ending_per_batch': 20}
Configuration file: /sc/home/magnus.menger/repos/mt-flink-1-20/out/configs/1760951040734.yml

Running command: /sc/home/magnus.menger/repos/mt-flink-1-20/flink-1.20.2/bin/flink run /sc/home/magnus.menger/repos/mt-flink-1-20/target/mt-flink-1-20-1.0-SNAPSHOT-fat.jar /sc/home/magnus.menger/repos/mt-flink-1-20/out/configs/1760951040734.yml
STDOUT:
 Job has been submitted with JobID 058b44815f2fcefebafd413ef8870d4b
Program execution finished
Job with JobID 058b44815f2fcefebafd413ef8870d4b has finished.
Job Runtime: 451471 ms


STDERR:
 

-------

Experiment #10/86
Configuration: {'benchmark.operator': 'Optimized', 'query_generator.max_parallelism': 200, 'query_generator.ending_per_batch': 20}
Configuration file: /sc/home/magnus.menger/repos/mt-flink-1-20/out/configs/1760951496680.yml

Running command: /sc/home/magnus.menger/repos/mt-flink-1-20/flink-1.20.2/bin/flink run /sc/home/magnus.menger/repos/mt-flink-1-20/target/mt-flink-1-20-1.0-SNAPSHOT-fat.jar /sc/home/magnus.menger/repos/mt-flink-1-20/out/configs/1760951496680.yml
STDOUT:
 Job has been submitted with JobID efb835687e5a95a92514ab05fd2c38b1
Program execution finished
Job with JobID efb835687e5a95a92514ab05fd2c38b1 has finished.
Job Runtime: 455413 ms


STDERR:
 

-------

Experiment #11/86
Configuration: {'benchmark.operator': 'Optimized', 'query_generator.max_parallelism': 200, 'query_generator.ending_per_batch': 20, 'query_generator.aggregations': ['min', 'max', 'count', 'sum', 'avg_shared']}
Configuration file: /sc/home/magnus.menger/repos/mt-flink-1-20/out/configs/1760951956437.yml

Running command: /sc/home/magnus.menger/repos/mt-flink-1-20/flink-1.20.2/bin/flink run /sc/home/magnus.menger/repos/mt-flink-1-20/target/mt-flink-1-20-1.0-SNAPSHOT-fat.jar /sc/home/magnus.menger/repos/mt-flink-1-20/out/configs/1760951956437.yml
STDOUT:
 Job has been submitted with JobID c2caa8e36647ec9cf5124816c34243d5
Program execution finished
Job with JobID c2caa8e36647ec9cf5124816c34243d5 has finished.
Job Runtime: 318011 ms


STDERR:
 

-------

Experiment #12/86
Configuration: {'benchmark.operator': 'Baseline', 'query_generator.max_parallelism': 1000, 'query_generator.ending_per_batch': 100}
Configuration file: /sc/home/magnus.menger/repos/mt-flink-1-20/out/configs/1760952279939.yml

Running command: /sc/home/magnus.menger/repos/mt-flink-1-20/flink-1.20.2/bin/flink run /sc/home/magnus.menger/repos/mt-flink-1-20/target/mt-flink-1-20-1.0-SNAPSHOT-fat.jar /sc/home/magnus.menger/repos/mt-flink-1-20/out/configs/1760952279939.yml
STDOUT:
 Job has been submitted with JobID 0966e35972de5d40caf173c8382461a1
Program execution finished
Job with JobID 0966e35972de5d40caf173c8382461a1 has finished.
Job Runtime: 374444 ms


STDERR:
 

-------

Experiment #13/86
Configuration: {'benchmark.operator': 'AStream', 'query_generator.max_parallelism': 1000, 'query_generator.ending_per_batch': 100}
Configuration file: /sc/home/magnus.menger/repos/mt-flink-1-20/out/configs/1760952659569.yml

Running command: /sc/home/magnus.menger/repos/mt-flink-1-20/flink-1.20.2/bin/flink run /sc/home/magnus.menger/repos/mt-flink-1-20/target/mt-flink-1-20-1.0-SNAPSHOT-fat.jar /sc/home/magnus.menger/repos/mt-flink-1-20/out/configs/1760952659569.yml
STDOUT:
 Job has been submitted with JobID 90781b3ff38609140c6d732211495200
Program execution finished
Job with JobID 90781b3ff38609140c6d732211495200 has finished.
Job Runtime: 405980 ms


STDERR:
 

-------

Experiment #14/86
Configuration: {'benchmark.operator': 'Optimized', 'query_generator.max_parallelism': 1000, 'query_generator.ending_per_batch': 100}
Configuration file: /sc/home/magnus.menger/repos/mt-flink-1-20/out/configs/1760953071514.yml

Running command: /sc/home/magnus.menger/repos/mt-flink-1-20/flink-1.20.2/bin/flink run /sc/home/magnus.menger/repos/mt-flink-1-20/target/mt-flink-1-20-1.0-SNAPSHOT-fat.jar /sc/home/magnus.menger/repos/mt-flink-1-20/out/configs/1760953071514.yml
STDOUT:
 Job has been submitted with JobID c8571d3d2f9910d92f4b7645f8614532
Program execution finished
Job with JobID c8571d3d2f9910d92f4b7645f8614532 has finished.
Job Runtime: 365637 ms


STDERR:
 

-------

Experiment #15/86
Configuration: {'benchmark.operator': 'Optimized', 'query_generator.max_parallelism': 1000, 'query_generator.ending_per_batch': 100, 'query_generator.aggregations': ['min', 'max', 'count', 'sum', 'avg_shared']}
Configuration file: /sc/home/magnus.menger/repos/mt-flink-1-20/out/configs/1760953441328.yml

Running command: /sc/home/magnus.menger/repos/mt-flink-1-20/flink-1.20.2/bin/flink run /sc/home/magnus.menger/repos/mt-flink-1-20/target/mt-flink-1-20-1.0-SNAPSHOT-fat.jar /sc/home/magnus.menger/repos/mt-flink-1-20/out/configs/1760953441328.yml
STDOUT:
 Job has been submitted with JobID fa6461acc4e9c37c87adf7e1888341c4
Program execution finished
Job with JobID fa6461acc4e9c37c87adf7e1888341c4 has finished.
Job Runtime: 315861 ms


STDERR:
 

-------

Experiment #16/86
Configuration: {'benchmark.operator': 'Baseline', 'query_generator.max_parallelism': 5000, 'query_generator.ending_per_batch': 500}
Configuration file: /sc/home/magnus.menger/repos/mt-flink-1-20/out/configs/1760953762843.yml

Running command: /sc/home/magnus.menger/repos/mt-flink-1-20/flink-1.20.2/bin/flink run /sc/home/magnus.menger/repos/mt-flink-1-20/target/mt-flink-1-20-1.0-SNAPSHOT-fat.jar /sc/home/magnus.menger/repos/mt-flink-1-20/out/configs/1760953762843.yml
STDOUT:
 Job has been submitted with JobID 85985e3a306a60ad536e0f60e8aab8b6
Program execution finished
Job with JobID 85985e3a306a60ad536e0f60e8aab8b6 has finished.
Job Runtime: 451032 ms


STDERR:
 

-------

Experiment #17/86
Configuration: {'benchmark.operator': 'AStream', 'query_generator.max_parallelism': 5000, 'query_generator.ending_per_batch': 500}
Configuration file: /sc/home/magnus.menger/repos/mt-flink-1-20/out/configs/1760954218806.yml

Running command: /sc/home/magnus.menger/repos/mt-flink-1-20/flink-1.20.2/bin/flink run /sc/home/magnus.menger/repos/mt-flink-1-20/target/mt-flink-1-20-1.0-SNAPSHOT-fat.jar /sc/home/magnus.menger/repos/mt-flink-1-20/out/configs/1760954218806.yml
STDOUT:
 Job has been submitted with JobID 86d84156992695f4c4fa5ce1a5769cbb
Program execution finished
Job with JobID 86d84156992695f4c4fa5ce1a5769cbb has finished.
Job Runtime: 391388 ms


STDERR:
 

-------

Experiment #18/86
Configuration: {'benchmark.operator': 'Optimized', 'query_generator.max_parallelism': 5000, 'query_generator.ending_per_batch': 500}
Configuration file: /sc/home/magnus.menger/repos/mt-flink-1-20/out/configs/1760954614722.yml

Running command: /sc/home/magnus.menger/repos/mt-flink-1-20/flink-1.20.2/bin/flink run /sc/home/magnus.menger/repos/mt-flink-1-20/target/mt-flink-1-20-1.0-SNAPSHOT-fat.jar /sc/home/magnus.menger/repos/mt-flink-1-20/out/configs/1760954614722.yml
STDOUT:
 Job has been submitted with JobID 479217a6db37f04ec9812cbd22574bc6
Program execution finished
Job with JobID 479217a6db37f04ec9812cbd22574bc6 has finished.
Job Runtime: 519097 ms


STDERR:
 

-------

Experiment #19/86
Configuration: {'benchmark.operator': 'Optimized', 'query_generator.max_parallelism': 5000, 'query_generator.ending_per_batch': 500, 'query_generator.aggregations': ['min', 'max', 'count', 'sum', 'avg_shared']}
Configuration file: /sc/home/magnus.menger/repos/mt-flink-1-20/out/configs/1760955138959.yml

Running command: /sc/home/magnus.menger/repos/mt-flink-1-20/flink-1.20.2/bin/flink run /sc/home/magnus.menger/repos/mt-flink-1-20/target/mt-flink-1-20-1.0-SNAPSHOT-fat.jar /sc/home/magnus.menger/repos/mt-flink-1-20/out/configs/1760955138959.yml
STDOUT:
 Job has been submitted with JobID 3021a92a8ec420def24572b5e75ff876
Program execution finished
Job with JobID 3021a92a8ec420def24572b5e75ff876 has finished.
Job Runtime: 457921 ms


STDERR:
 

-------

Experiment #20/86
Configuration: {'benchmark.operator': 'Baseline', 'query_generator.filter_generation_mode': 'EquallySpacedOverlapping', 'query_generator.overlap_ratio': 0.0}
Configuration file: /sc/home/magnus.menger/repos/mt-flink-1-20/out/configs/1760955601233.yml

Running command: /sc/home/magnus.menger/repos/mt-flink-1-20/flink-1.20.2/bin/flink run /sc/home/magnus.menger/repos/mt-flink-1-20/target/mt-flink-1-20-1.0-SNAPSHOT-fat.jar /sc/home/magnus.menger/repos/mt-flink-1-20/out/configs/1760955601233.yml
STDOUT:
 Job has been submitted with JobID 6a2dcd1a2df646f4f0c6753bd62dfaee
Program execution finished
Job with JobID 6a2dcd1a2df646f4f0c6753bd62dfaee has finished.
Job Runtime: 322079 ms


STDERR:
 

-------

Experiment #21/86
Configuration: {'benchmark.operator': 'AStream', 'query_generator.filter_generation_mode': 'EquallySpacedOverlapping', 'query_generator.overlap_ratio': 0.0}
Configuration file: /sc/home/magnus.menger/repos/mt-flink-1-20/out/configs/1760955928904.yml

Running command: /sc/home/magnus.menger/repos/mt-flink-1-20/flink-1.20.2/bin/flink run /sc/home/magnus.menger/repos/mt-flink-1-20/target/mt-flink-1-20-1.0-SNAPSHOT-fat.jar /sc/home/magnus.menger/repos/mt-flink-1-20/out/configs/1760955928904.yml
STDOUT:
 Job has been submitted with JobID f069252168b00d3d497b3e5024f796da
Program execution finished
Job with JobID f069252168b00d3d497b3e5024f796da has finished.
Job Runtime: 323136 ms


STDERR:
 

-------

Experiment #22/86
Configuration: {'benchmark.operator': 'Optimized', 'query_generator.filter_generation_mode': 'EquallySpacedOverlapping', 'query_generator.overlap_ratio': 0.0, 'query_generator.aggregations': ['min', 'max', 'count', 'sum', 'avg_shared']}
Configuration file: /sc/home/magnus.menger/repos/mt-flink-1-20/out/configs/1760956256459.yml

Running command: /sc/home/magnus.menger/repos/mt-flink-1-20/flink-1.20.2/bin/flink run /sc/home/magnus.menger/repos/mt-flink-1-20/target/mt-flink-1-20-1.0-SNAPSHOT-fat.jar /sc/home/magnus.menger/repos/mt-flink-1-20/out/configs/1760956256459.yml
STDOUT:
 Job has been submitted with JobID f2c7ee90a53dd20dbd375b22163a8193
Program execution finished
Job with JobID f2c7ee90a53dd20dbd375b22163a8193 has finished.
Job Runtime: 396967 ms


STDERR:
 

-------

Experiment #23/86
Configuration: {'benchmark.operator': 'Baseline', 'query_generator.filter_generation_mode': 'EquallySpacedOverlapping', 'query_generator.overlap_ratio': 0.1}
Configuration file: /sc/home/magnus.menger/repos/mt-flink-1-20/out/configs/1760956658150.yml

Running command: /sc/home/magnus.menger/repos/mt-flink-1-20/flink-1.20.2/bin/flink run /sc/home/magnus.menger/repos/mt-flink-1-20/target/mt-flink-1-20-1.0-SNAPSHOT-fat.jar /sc/home/magnus.menger/repos/mt-flink-1-20/out/configs/1760956658150.yml
STDOUT:
 Job has been submitted with JobID e1361243f0285226e7679b43408da7ff
Program execution finished
Job with JobID e1361243f0285226e7679b43408da7ff has finished.
Job Runtime: 426455 ms


STDERR:
 

-------

Experiment #24/86
Configuration: {'benchmark.operator': 'AStream', 'query_generator.filter_generation_mode': 'EquallySpacedOverlapping', 'query_generator.overlap_ratio': 0.1}
Configuration file: /sc/home/magnus.menger/repos/mt-flink-1-20/out/configs/1760957089979.yml

Running command: /sc/home/magnus.menger/repos/mt-flink-1-20/flink-1.20.2/bin/flink run /sc/home/magnus.menger/repos/mt-flink-1-20/target/mt-flink-1-20-1.0-SNAPSHOT-fat.jar /sc/home/magnus.menger/repos/mt-flink-1-20/out/configs/1760957089979.yml
STDOUT:
 Job has been submitted with JobID 0fcc14f5b7a09b0db6ee6d2a6def08ee
Program execution finished
Job with JobID 0fcc14f5b7a09b0db6ee6d2a6def08ee has finished.
Job Runtime: 610181 ms


STDERR:
 

-------

Experiment #25/86
Configuration: {'benchmark.operator': 'Optimized', 'query_generator.filter_generation_mode': 'EquallySpacedOverlapping', 'query_generator.overlap_ratio': 0.1, 'query_generator.aggregations': ['min', 'max', 'count', 'sum', 'avg_shared']}
Configuration file: /sc/home/magnus.menger/repos/mt-flink-1-20/out/configs/1760957704239.yml

Running command: /sc/home/magnus.menger/repos/mt-flink-1-20/flink-1.20.2/bin/flink run /sc/home/magnus.menger/repos/mt-flink-1-20/target/mt-flink-1-20-1.0-SNAPSHOT-fat.jar /sc/home/magnus.menger/repos/mt-flink-1-20/out/configs/1760957704239.yml
STDOUT:
 Job has been submitted with JobID 923182d11ae6b08a07e2550609d9c89f
Program execution finished
Job with JobID 923182d11ae6b08a07e2550609d9c89f has finished.
Job Runtime: 378069 ms


STDERR:
 

-------

Experiment #26/86
Configuration: {'benchmark.operator': 'Baseline', 'query_generator.filter_generation_mode': 'EquallySpacedOverlapping', 'query_generator.overlap_ratio': 0.25}
Configuration file: /sc/home/magnus.menger/repos/mt-flink-1-20/out/configs/1760958088047.yml

Running command: /sc/home/magnus.menger/repos/mt-flink-1-20/flink-1.20.2/bin/flink run /sc/home/magnus.menger/repos/mt-flink-1-20/target/mt-flink-1-20-1.0-SNAPSHOT-fat.jar /sc/home/magnus.menger/repos/mt-flink-1-20/out/configs/1760958088047.yml
STDOUT:
 Job has been submitted with JobID 0e7e8c54cc7a1ffe263799850a9a87cd
Program execution finished
Job with JobID 0e7e8c54cc7a1ffe263799850a9a87cd has finished.
Job Runtime: 409353 ms


STDERR:
 

-------

Experiment #27/86
Configuration: {'benchmark.operator': 'AStream', 'query_generator.filter_generation_mode': 'EquallySpacedOverlapping', 'query_generator.overlap_ratio': 0.25}
Configuration file: /sc/home/magnus.menger/repos/mt-flink-1-20/out/configs/1760958501712.yml

Running command: /sc/home/magnus.menger/repos/mt-flink-1-20/flink-1.20.2/bin/flink run /sc/home/magnus.menger/repos/mt-flink-1-20/target/mt-flink-1-20-1.0-SNAPSHOT-fat.jar /sc/home/magnus.menger/repos/mt-flink-1-20/out/configs/1760958501712.yml
STDOUT:
 Job has been submitted with JobID bfbe5a6b96303e41e7891f68a1246f59
Program execution finished
Job with JobID bfbe5a6b96303e41e7891f68a1246f59 has finished.
Job Runtime: 344417 ms


STDERR:
 

-------

Experiment #28/86
Configuration: {'benchmark.operator': 'Optimized', 'query_generator.filter_generation_mode': 'EquallySpacedOverlapping', 'query_generator.overlap_ratio': 0.25, 'query_generator.aggregations': ['min', 'max', 'count', 'sum', 'avg_shared']}
Configuration file: /sc/home/magnus.menger/repos/mt-flink-1-20/out/configs/1760958851156.yml

Running command: /sc/home/magnus.menger/repos/mt-flink-1-20/flink-1.20.2/bin/flink run /sc/home/magnus.menger/repos/mt-flink-1-20/target/mt-flink-1-20-1.0-SNAPSHOT-fat.jar /sc/home/magnus.menger/repos/mt-flink-1-20/out/configs/1760958851156.yml
STDOUT:
 Job has been submitted with JobID 5cd04735b6ab38bc0abaf7a15701d2b4
Program execution finished
Job with JobID 5cd04735b6ab38bc0abaf7a15701d2b4 has finished.
Job Runtime: 366405 ms


STDERR:
 

-------

Experiment #29/86
Configuration: {'benchmark.operator': 'Baseline', 'query_generator.filter_generation_mode': 'EquallySpacedOverlapping', 'query_generator.overlap_ratio': 0.5}
Configuration file: /sc/home/magnus.menger/repos/mt-flink-1-20/out/configs/1760959222779.yml

Running command: /sc/home/magnus.menger/repos/mt-flink-1-20/flink-1.20.2/bin/flink run /sc/home/magnus.menger/repos/mt-flink-1-20/target/mt-flink-1-20-1.0-SNAPSHOT-fat.jar /sc/home/magnus.menger/repos/mt-flink-1-20/out/configs/1760959222779.yml
STDOUT:
 Job has been submitted with JobID f5f6c4655ab5e8a52974a2ede79bbe74
Program execution finished
Job with JobID f5f6c4655ab5e8a52974a2ede79bbe74 has finished.
Job Runtime: 397997 ms


STDERR:
 

-------

Experiment #30/86
Configuration: {'benchmark.operator': 'AStream', 'query_generator.filter_generation_mode': 'EquallySpacedOverlapping', 'query_generator.overlap_ratio': 0.5}
Configuration file: /sc/home/magnus.menger/repos/mt-flink-1-20/out/configs/1760959626427.yml

Running command: /sc/home/magnus.menger/repos/mt-flink-1-20/flink-1.20.2/bin/flink run /sc/home/magnus.menger/repos/mt-flink-1-20/target/mt-flink-1-20-1.0-SNAPSHOT-fat.jar /sc/home/magnus.menger/repos/mt-flink-1-20/out/configs/1760959626427.yml
STDOUT:
 Job has been submitted with JobID d4f11dc4d77df2a7480cc3cc0d19466f
Program execution finished
Job with JobID d4f11dc4d77df2a7480cc3cc0d19466f has finished.
Job Runtime: 344715 ms


STDERR:
 

-------

Experiment #31/86
Configuration: {'benchmark.operator': 'Optimized', 'query_generator.filter_generation_mode': 'EquallySpacedOverlapping', 'query_generator.overlap_ratio': 0.5, 'query_generator.aggregations': ['min', 'max', 'count', 'sum', 'avg_shared']}
Configuration file: /sc/home/magnus.menger/repos/mt-flink-1-20/out/configs/1760959976107.yml

Running command: /sc/home/magnus.menger/repos/mt-flink-1-20/flink-1.20.2/bin/flink run /sc/home/magnus.menger/repos/mt-flink-1-20/target/mt-flink-1-20-1.0-SNAPSHOT-fat.jar /sc/home/magnus.menger/repos/mt-flink-1-20/out/configs/1760959976107.yml
STDOUT:
 Job has been submitted with JobID 28ee96f69598af1a0b2a8000aeefe9f1
Program execution finished
Job with JobID 28ee96f69598af1a0b2a8000aeefe9f1 has finished.
Job Runtime: 412345 ms


STDERR:
 

-------

Experiment #32/86
Configuration: {'benchmark.operator': 'Baseline', 'query_generator.filter_generation_mode': 'EquallySpacedOverlapping', 'query_generator.overlap_ratio': 0.75}
Configuration file: /sc/home/magnus.menger/repos/mt-flink-1-20/out/configs/1760960393951.yml

Running command: /sc/home/magnus.menger/repos/mt-flink-1-20/flink-1.20.2/bin/flink run /sc/home/magnus.menger/repos/mt-flink-1-20/target/mt-flink-1-20-1.0-SNAPSHOT-fat.jar /sc/home/magnus.menger/repos/mt-flink-1-20/out/configs/1760960393951.yml
STDOUT:
 Job has been submitted with JobID f2ecaf36fbfca8565f9583ab7d876c97
Program execution finished
Job with JobID f2ecaf36fbfca8565f9583ab7d876c97 has finished.
Job Runtime: 420305 ms


STDERR:
 

-------

Experiment #33/86
Configuration: {'benchmark.operator': 'AStream', 'query_generator.filter_generation_mode': 'EquallySpacedOverlapping', 'query_generator.overlap_ratio': 0.75}
Configuration file: /sc/home/magnus.menger/repos/mt-flink-1-20/out/configs/1760960819859.yml

Running command: /sc/home/magnus.menger/repos/mt-flink-1-20/flink-1.20.2/bin/flink run /sc/home/magnus.menger/repos/mt-flink-1-20/target/mt-flink-1-20-1.0-SNAPSHOT-fat.jar /sc/home/magnus.menger/repos/mt-flink-1-20/out/configs/1760960819859.yml
STDOUT:
 Job has been submitted with JobID 0db96af71cd00b3cf610a3171521b4e1
Program execution finished
Job with JobID 0db96af71cd00b3cf610a3171521b4e1 has finished.
Job Runtime: 365764 ms


STDERR:
 

-------

Experiment #34/86
Configuration: {'benchmark.operator': 'Optimized', 'query_generator.filter_generation_mode': 'EquallySpacedOverlapping', 'query_generator.overlap_ratio': 0.75, 'query_generator.aggregations': ['min', 'max', 'count', 'sum', 'avg_shared']}
Configuration file: /sc/home/magnus.menger/repos/mt-flink-1-20/out/configs/1760961189538.yml

Running command: /sc/home/magnus.menger/repos/mt-flink-1-20/flink-1.20.2/bin/flink run /sc/home/magnus.menger/repos/mt-flink-1-20/target/mt-flink-1-20-1.0-SNAPSHOT-fat.jar /sc/home/magnus.menger/repos/mt-flink-1-20/out/configs/1760961189538.yml
STDOUT:
 Job has been submitted with JobID 8d5eb785e6403037d44d3287da7a35b1
Program execution finished
Job with JobID 8d5eb785e6403037d44d3287da7a35b1 has finished.
Job Runtime: 303194 ms


STDERR:
 

-------

Experiment #35/86
Configuration: {'benchmark.operator': 'Baseline', 'query_generator.filter_generation_mode': 'EquallySpacedOverlapping', 'query_generator.overlap_ratio': 1.0}
Configuration file: /sc/home/magnus.menger/repos/mt-flink-1-20/out/configs/1760961497096.yml

Running command: /sc/home/magnus.menger/repos/mt-flink-1-20/flink-1.20.2/bin/flink run /sc/home/magnus.menger/repos/mt-flink-1-20/target/mt-flink-1-20-1.0-SNAPSHOT-fat.jar /sc/home/magnus.menger/repos/mt-flink-1-20/out/configs/1760961497096.yml
STDOUT:
 Job has been submitted with JobID f47260202dcb8ec66f54be8736983815
Program execution finished
Job with JobID f47260202dcb8ec66f54be8736983815 has finished.
Job Runtime: 394115 ms


STDERR:
 

-------

Experiment #36/86
Configuration: {'benchmark.operator': 'AStream', 'query_generator.filter_generation_mode': 'EquallySpacedOverlapping', 'query_generator.overlap_ratio': 1.0}
Configuration file: /sc/home/magnus.menger/repos/mt-flink-1-20/out/configs/1760961896797.yml

Running command: /sc/home/magnus.menger/repos/mt-flink-1-20/flink-1.20.2/bin/flink run /sc/home/magnus.menger/repos/mt-flink-1-20/target/mt-flink-1-20-1.0-SNAPSHOT-fat.jar /sc/home/magnus.menger/repos/mt-flink-1-20/out/configs/1760961896797.yml
STDOUT:
 Job has been submitted with JobID c3efd1e06cfa45b098fbc0222f55c993
Program execution finished
Job with JobID c3efd1e06cfa45b098fbc0222f55c993 has finished.
Job Runtime: 423091 ms


STDERR:
 

-------

Experiment #37/86
Configuration: {'benchmark.operator': 'Optimized', 'query_generator.filter_generation_mode': 'EquallySpacedOverlapping', 'query_generator.overlap_ratio': 1.0, 'query_generator.aggregations': ['min', 'max', 'count', 'sum', 'avg_shared']}
Configuration file: /sc/home/magnus.menger/repos/mt-flink-1-20/out/configs/1760962324563.yml

Running command: /sc/home/magnus.menger/repos/mt-flink-1-20/flink-1.20.2/bin/flink run /sc/home/magnus.menger/repos/mt-flink-1-20/target/mt-flink-1-20-1.0-SNAPSHOT-fat.jar /sc/home/magnus.menger/repos/mt-flink-1-20/out/configs/1760962324563.yml
STDOUT:
 Job has been submitted with JobID 716ba5d8d35e9b1b0b7c203f854716c4
Program execution finished
Job with JobID 716ba5d8d35e9b1b0b7c203f854716c4 has finished.
Job Runtime: 395929 ms


STDERR:
 

-------

Experiment #38/86
Configuration: {'benchmark.operator': 'Baseline', 'query_generator.different_filters': 50}
Configuration file: /sc/home/magnus.menger/repos/mt-flink-1-20/out/configs/1760962726370.yml

Running command: /sc/home/magnus.menger/repos/mt-flink-1-20/flink-1.20.2/bin/flink run /sc/home/magnus.menger/repos/mt-flink-1-20/target/mt-flink-1-20-1.0-SNAPSHOT-fat.jar /sc/home/magnus.menger/repos/mt-flink-1-20/out/configs/1760962726370.yml
STDOUT:
 Job has been submitted with JobID 5516f4bd1e36f1b5e56f75233e8742ad
Program execution finished
Job with JobID 5516f4bd1e36f1b5e56f75233e8742ad has finished.
Job Runtime: 399671 ms


STDERR:
 

-------

Experiment #39/86
Configuration: {'benchmark.operator': 'AStream', 'query_generator.different_filters': 50}
Configuration file: /sc/home/magnus.menger/repos/mt-flink-1-20/out/configs/1760963130138.yml

Running command: /sc/home/magnus.menger/repos/mt-flink-1-20/flink-1.20.2/bin/flink run /sc/home/magnus.menger/repos/mt-flink-1-20/target/mt-flink-1-20-1.0-SNAPSHOT-fat.jar /sc/home/magnus.menger/repos/mt-flink-1-20/out/configs/1760963130138.yml
STDOUT:
 Job has been submitted with JobID da68fe7c8d84b1abf7d60e74fa37dcee
Program execution finished
Job with JobID da68fe7c8d84b1abf7d60e74fa37dcee has finished.
Job Runtime: 361263 ms


STDERR:
 

-------

Experiment #40/86
Configuration: {'benchmark.operator': 'Optimized', 'query_generator.different_filters': 50, 'query_generator.aggregations': ['min', 'max', 'count', 'sum', 'avg_shared']}
Configuration file: /sc/home/magnus.menger/repos/mt-flink-1-20/out/configs/1760963495890.yml

Running command: /sc/home/magnus.menger/repos/mt-flink-1-20/flink-1.20.2/bin/flink run /sc/home/magnus.menger/repos/mt-flink-1-20/target/mt-flink-1-20-1.0-SNAPSHOT-fat.jar /sc/home/magnus.menger/repos/mt-flink-1-20/out/configs/1760963495890.yml
STDOUT:
 Job has been submitted with JobID b93dfe11c9352925d6e6d4113be2f138
Program execution finished
Job with JobID b93dfe11c9352925d6e6d4113be2f138 has finished.
Job Runtime: 308822 ms


STDERR:
 

-------

Experiment #41/86
Configuration: {'benchmark.operator': 'Baseline', 'query_generator.different_filters': 200}
Configuration file: /sc/home/magnus.menger/repos/mt-flink-1-20/out/configs/1760963809661.yml

Running command: /sc/home/magnus.menger/repos/mt-flink-1-20/flink-1.20.2/bin/flink run /sc/home/magnus.menger/repos/mt-flink-1-20/target/mt-flink-1-20-1.0-SNAPSHOT-fat.jar /sc/home/magnus.menger/repos/mt-flink-1-20/out/configs/1760963809661.yml
STDOUT:
 Job has been submitted with JobID f716d192b72fd66981c85059b839eda9
Program execution finished
Job with JobID f716d192b72fd66981c85059b839eda9 has finished.
Job Runtime: 523305 ms


STDERR:
 

-------

Experiment #42/86
Configuration: {'benchmark.operator': 'AStream', 'query_generator.different_filters': 200}
Configuration file: /sc/home/magnus.menger/repos/mt-flink-1-20/out/configs/1760964337852.yml

Running command: /sc/home/magnus.menger/repos/mt-flink-1-20/flink-1.20.2/bin/flink run /sc/home/magnus.menger/repos/mt-flink-1-20/target/mt-flink-1-20-1.0-SNAPSHOT-fat.jar /sc/home/magnus.menger/repos/mt-flink-1-20/out/configs/1760964337852.yml
STDOUT:
 Job has been submitted with JobID 674c9235feab207f004a8e300cec07f0
Program execution finished
Job with JobID 674c9235feab207f004a8e300cec07f0 has finished.
Job Runtime: 349409 ms


STDERR:
 

-------

Experiment #43/86
Configuration: {'benchmark.operator': 'Optimized', 'query_generator.different_filters': 200, 'query_generator.aggregations': ['min', 'max', 'count', 'sum', 'avg_shared']}
Configuration file: /sc/home/magnus.menger/repos/mt-flink-1-20/out/configs/1760964691659.yml

Running command: /sc/home/magnus.menger/repos/mt-flink-1-20/flink-1.20.2/bin/flink run /sc/home/magnus.menger/repos/mt-flink-1-20/target/mt-flink-1-20-1.0-SNAPSHOT-fat.jar /sc/home/magnus.menger/repos/mt-flink-1-20/out/configs/1760964691659.yml
STDOUT:
 Job has been submitted with JobID 50534989937b804f9a8614ec169888e6
Program execution finished
Job with JobID 50534989937b804f9a8614ec169888e6 has finished.
Job Runtime: 353844 ms


STDERR:
 

-------

Experiment #44/86
Configuration: {'benchmark.operator': 'Baseline', 'query_generator.different_aggregations': 1}
Configuration file: /sc/home/magnus.menger/repos/mt-flink-1-20/out/configs/1760965051559.yml

Running command: /sc/home/magnus.menger/repos/mt-flink-1-20/flink-1.20.2/bin/flink run /sc/home/magnus.menger/repos/mt-flink-1-20/target/mt-flink-1-20-1.0-SNAPSHOT-fat.jar /sc/home/magnus.menger/repos/mt-flink-1-20/out/configs/1760965051559.yml
STDOUT:
 Job has been submitted with JobID 518eef22cadcc3ac721a632c9b1f329a
Program execution finished
Job with JobID 518eef22cadcc3ac721a632c9b1f329a has finished.
Job Runtime: 541390 ms


STDERR:
 

-------

Experiment #45/86
Configuration: {'benchmark.operator': 'AStream', 'query_generator.different_aggregations': 1}
Configuration file: /sc/home/magnus.menger/repos/mt-flink-1-20/out/configs/1760965597836.yml

Running command: /sc/home/magnus.menger/repos/mt-flink-1-20/flink-1.20.2/bin/flink run /sc/home/magnus.menger/repos/mt-flink-1-20/target/mt-flink-1-20-1.0-SNAPSHOT-fat.jar /sc/home/magnus.menger/repos/mt-flink-1-20/out/configs/1760965597836.yml
STDOUT:
 Job has been submitted with JobID 2ee61c9f634c9c68f7c795507fc22f0f
Program execution finished
Job with JobID 2ee61c9f634c9c68f7c795507fc22f0f has finished.
Job Runtime: 355498 ms


STDERR:
 

-------

Experiment #46/86
Configuration: {'benchmark.operator': 'Optimized', 'query_generator.different_aggregations': 1, 'query_generator.aggregations': ['min', 'max', 'count', 'sum', 'avg_shared']}
Configuration file: /sc/home/magnus.menger/repos/mt-flink-1-20/out/configs/1760965957732.yml

Running command: /sc/home/magnus.menger/repos/mt-flink-1-20/flink-1.20.2/bin/flink run /sc/home/magnus.menger/repos/mt-flink-1-20/target/mt-flink-1-20-1.0-SNAPSHOT-fat.jar /sc/home/magnus.menger/repos/mt-flink-1-20/out/configs/1760965957732.yml
STDOUT:
 Job has been submitted with JobID cb46d4bfdbdf4a7eb19b7fc645677102
Program execution finished
Job with JobID cb46d4bfdbdf4a7eb19b7fc645677102 has finished.
Job Runtime: 375739 ms


STDERR:
 

-------

Experiment #47/86
Configuration: {'benchmark.operator': 'Baseline', 'query_generator.different_aggregations': 5}
Configuration file: /sc/home/magnus.menger/repos/mt-flink-1-20/out/configs/1760966339254.yml

Running command: /sc/home/magnus.menger/repos/mt-flink-1-20/flink-1.20.2/bin/flink run /sc/home/magnus.menger/repos/mt-flink-1-20/target/mt-flink-1-20-1.0-SNAPSHOT-fat.jar /sc/home/magnus.menger/repos/mt-flink-1-20/out/configs/1760966339254.yml
STDOUT:
 Job has been submitted with JobID c3d9946016c16c3c8b0a714cc029af14
Program execution finished
Job with JobID c3d9946016c16c3c8b0a714cc029af14 has finished.
Job Runtime: 376055 ms


STDERR:
 

-------

Experiment #48/86
Configuration: {'benchmark.operator': 'AStream', 'query_generator.different_aggregations': 5}
Configuration file: /sc/home/magnus.menger/repos/mt-flink-1-20/out/configs/1760966721014.yml

Running command: /sc/home/magnus.menger/repos/mt-flink-1-20/flink-1.20.2/bin/flink run /sc/home/magnus.menger/repos/mt-flink-1-20/target/mt-flink-1-20-1.0-SNAPSHOT-fat.jar /sc/home/magnus.menger/repos/mt-flink-1-20/out/configs/1760966721014.yml
STDOUT:
 Job has been submitted with JobID b3c141d495b24801be805e9f64298406
Program execution finished
Job with JobID b3c141d495b24801be805e9f64298406 has finished.
Job Runtime: 356458 ms


STDERR:
 

-------

Experiment #49/86
Configuration: {'benchmark.operator': 'Optimized', 'query_generator.different_aggregations': 5, 'query_generator.aggregations': ['min', 'max', 'count', 'sum', 'avg_shared']}
Configuration file: /sc/home/magnus.menger/repos/mt-flink-1-20/out/configs/1760967082722.yml

Running command: /sc/home/magnus.menger/repos/mt-flink-1-20/flink-1.20.2/bin/flink run /sc/home/magnus.menger/repos/mt-flink-1-20/target/mt-flink-1-20-1.0-SNAPSHOT-fat.jar /sc/home/magnus.menger/repos/mt-flink-1-20/out/configs/1760967082722.yml
STDOUT:
 Job has been submitted with JobID 73b4d84bb004154d1d1633e6eb8aca49
Program execution finished
Job with JobID 73b4d84bb004154d1d1633e6eb8aca49 has finished.
Job Runtime: 310578 ms


STDERR:
 

-------

Experiment #50/86
Configuration: {'benchmark.operator': 'Baseline', 'query_generator.different_aggregations': 15}
Configuration file: /sc/home/magnus.menger/repos/mt-flink-1-20/out/configs/1760967398229.yml

Running command: /sc/home/magnus.menger/repos/mt-flink-1-20/flink-1.20.2/bin/flink run /sc/home/magnus.menger/repos/mt-flink-1-20/target/mt-flink-1-20-1.0-SNAPSHOT-fat.jar /sc/home/magnus.menger/repos/mt-flink-1-20/out/configs/1760967398229.yml
STDOUT:
 Job has been submitted with JobID 036b05341a8c9eaa675f58355389ca0e
Program execution finished
Job with JobID 036b05341a8c9eaa675f58355389ca0e has finished.
Job Runtime: 374551 ms


STDERR:
 

-------

Experiment #51/86
Configuration: {'benchmark.operator': 'AStream', 'query_generator.different_aggregations': 15}
Configuration file: /sc/home/magnus.menger/repos/mt-flink-1-20/out/configs/1760967778133.yml

Running command: /sc/home/magnus.menger/repos/mt-flink-1-20/flink-1.20.2/bin/flink run /sc/home/magnus.menger/repos/mt-flink-1-20/target/mt-flink-1-20-1.0-SNAPSHOT-fat.jar /sc/home/magnus.menger/repos/mt-flink-1-20/out/configs/1760967778133.yml
STDOUT:
 Job has been submitted with JobID d25b6a92cc529df82fac050918f40f21
Program execution finished
Job with JobID d25b6a92cc529df82fac050918f40f21 has finished.
Job Runtime: 346656 ms


STDERR:
 

-------

Experiment #52/86
Configuration: {'benchmark.operator': 'Optimized', 'query_generator.different_aggregations': 15, 'query_generator.aggregations': ['min', 'max', 'count', 'sum', 'avg_shared']}
Configuration file: /sc/home/magnus.menger/repos/mt-flink-1-20/out/configs/1760968129823.yml

Running command: /sc/home/magnus.menger/repos/mt-flink-1-20/flink-1.20.2/bin/flink run /sc/home/magnus.menger/repos/mt-flink-1-20/target/mt-flink-1-20-1.0-SNAPSHOT-fat.jar /sc/home/magnus.menger/repos/mt-flink-1-20/out/configs/1760968129823.yml
STDOUT:
 Job has been submitted with JobID c2d48e39c545716e3364f9f4ea756d1d
Program execution finished
Job with JobID c2d48e39c545716e3364f9f4ea756d1d has finished.
Job Runtime: 491977 ms


STDERR:
 

-------

Experiment #53/86
Configuration: {'benchmark.operator': 'Baseline', 'data_generator.synthetic_field_count': 10}
Configuration file: /sc/home/magnus.menger/repos/mt-flink-1-20/out/configs/1760968625899.yml

Running command: /sc/home/magnus.menger/repos/mt-flink-1-20/flink-1.20.2/bin/flink run /sc/home/magnus.menger/repos/mt-flink-1-20/target/mt-flink-1-20-1.0-SNAPSHOT-fat.jar /sc/home/magnus.menger/repos/mt-flink-1-20/out/configs/1760968625899.yml
STDOUT:
 Job has been submitted with JobID 6bcbe281c59cdfa6bd033054fb8f2f71
Program execution finished
Job with JobID 6bcbe281c59cdfa6bd033054fb8f2f71 has finished.
Job Runtime: 491283 ms


STDERR:
 

-------

Experiment #54/86
Configuration: {'benchmark.operator': 'AStream', 'data_generator.synthetic_field_count': 10}
Configuration file: /sc/home/magnus.menger/repos/mt-flink-1-20/out/configs/1760969121807.yml

Running command: /sc/home/magnus.menger/repos/mt-flink-1-20/flink-1.20.2/bin/flink run /sc/home/magnus.menger/repos/mt-flink-1-20/target/mt-flink-1-20-1.0-SNAPSHOT-fat.jar /sc/home/magnus.menger/repos/mt-flink-1-20/out/configs/1760969121807.yml
STDOUT:
 Job has been submitted with JobID 563d8a28f85b0a2e6d3e18512ea5c00e
Program execution finished
Job with JobID 563d8a28f85b0a2e6d3e18512ea5c00e has finished.
Job Runtime: 354713 ms


STDERR:
 

-------

Experiment #55/86
Configuration: {'benchmark.operator': 'Optimized', 'data_generator.synthetic_field_count': 10, 'query_generator.aggregations': ['min', 'max', 'count', 'sum', 'avg_shared']}
Configuration file: /sc/home/magnus.menger/repos/mt-flink-1-20/out/configs/1760969481373.yml

Running command: /sc/home/magnus.menger/repos/mt-flink-1-20/flink-1.20.2/bin/flink run /sc/home/magnus.menger/repos/mt-flink-1-20/target/mt-flink-1-20-1.0-SNAPSHOT-fat.jar /sc/home/magnus.menger/repos/mt-flink-1-20/out/configs/1760969481373.yml
STDOUT:
 Job has been submitted with JobID ed5ce3b0588db91524752df1e1443473
Program execution finished
Job with JobID ed5ce3b0588db91524752df1e1443473 has finished.
Job Runtime: 362075 ms


STDERR:
 

-------

Experiment #56/86
Configuration: {'benchmark.operator': 'Baseline', 'data_generator.synthetic_field_count': 20}
Configuration file: /sc/home/magnus.menger/repos/mt-flink-1-20/out/configs/1760969849128.yml

Running command: /sc/home/magnus.menger/repos/mt-flink-1-20/flink-1.20.2/bin/flink run /sc/home/magnus.menger/repos/mt-flink-1-20/target/mt-flink-1-20-1.0-SNAPSHOT-fat.jar /sc/home/magnus.menger/repos/mt-flink-1-20/out/configs/1760969849128.yml
STDOUT:
 Job has been submitted with JobID 1ac8c2d7bf2699a3907e01ae142640ae
Program execution finished
Job with JobID 1ac8c2d7bf2699a3907e01ae142640ae has finished.
Job Runtime: 391142 ms


STDERR:
 

-------

Experiment #57/86
Configuration: {'benchmark.operator': 'AStream', 'data_generator.synthetic_field_count': 20}
Configuration file: /sc/home/magnus.menger/repos/mt-flink-1-20/out/configs/1760970245043.yml

Running command: /sc/home/magnus.menger/repos/mt-flink-1-20/flink-1.20.2/bin/flink run /sc/home/magnus.menger/repos/mt-flink-1-20/target/mt-flink-1-20-1.0-SNAPSHOT-fat.jar /sc/home/magnus.menger/repos/mt-flink-1-20/out/configs/1760970245043.yml
STDOUT:
 Job has been submitted with JobID a772d1c0bfddabf9d8e64b9556188b2a
Program execution finished
Job with JobID a772d1c0bfddabf9d8e64b9556188b2a has finished.
Job Runtime: 436134 ms


STDERR:
 

-------

Experiment #58/86
Configuration: {'benchmark.operator': 'Optimized', 'data_generator.synthetic_field_count': 20, 'query_generator.aggregations': ['min', 'max', 'count', 'sum', 'avg_shared']}
Configuration file: /sc/home/magnus.menger/repos/mt-flink-1-20/out/configs/1760970687121.yml

Running command: /sc/home/magnus.menger/repos/mt-flink-1-20/flink-1.20.2/bin/flink run /sc/home/magnus.menger/repos/mt-flink-1-20/target/mt-flink-1-20-1.0-SNAPSHOT-fat.jar /sc/home/magnus.menger/repos/mt-flink-1-20/out/configs/1760970687121.yml
STDOUT:
 Job has been submitted with JobID 25fceedf84a78693247e9a0e52d46c60
Program execution finished
Job with JobID 25fceedf84a78693247e9a0e52d46c60 has finished.
Job Runtime: 414317 ms


STDERR:
 

-------

Experiment #59/86
Configuration: {'benchmark.operator': 'Baseline', 'data_generator.synthetic_field_count': 50}
Configuration file: /sc/home/magnus.menger/repos/mt-flink-1-20/out/configs/1760971106910.yml

Running command: /sc/home/magnus.menger/repos/mt-flink-1-20/flink-1.20.2/bin/flink run /sc/home/magnus.menger/repos/mt-flink-1-20/target/mt-flink-1-20-1.0-SNAPSHOT-fat.jar /sc/home/magnus.menger/repos/mt-flink-1-20/out/configs/1760971106910.yml
STDOUT:
 Job has been submitted with JobID 56a466318f67aba1e04056bb2cb84c13
Program execution finished
Job with JobID 56a466318f67aba1e04056bb2cb84c13 has finished.
Job Runtime: 454914 ms


STDERR:
 

-------

Experiment #60/86
Configuration: {'benchmark.operator': 'AStream', 'data_generator.synthetic_field_count': 50}
Configuration file: /sc/home/magnus.menger/repos/mt-flink-1-20/out/configs/1760971566916.yml

Running command: /sc/home/magnus.menger/repos/mt-flink-1-20/flink-1.20.2/bin/flink run /sc/home/magnus.menger/repos/mt-flink-1-20/target/mt-flink-1-20-1.0-SNAPSHOT-fat.jar /sc/home/magnus.menger/repos/mt-flink-1-20/out/configs/1760971566916.yml
STDOUT:
 Job has been submitted with JobID 3401ad09b702eb4e288ec70b836cfbc8
Program execution finished
Job with JobID 3401ad09b702eb4e288ec70b836cfbc8 has finished.
Job Runtime: 561100 ms


STDERR:
 

-------

Experiment #61/86
Configuration: {'benchmark.operator': 'Optimized', 'data_generator.synthetic_field_count': 50, 'query_generator.aggregations': ['min', 'max', 'count', 'sum', 'avg_shared']}
Configuration file: /sc/home/magnus.menger/repos/mt-flink-1-20/out/configs/1760972133199.yml

Running command: /sc/home/magnus.menger/repos/mt-flink-1-20/flink-1.20.2/bin/flink run /sc/home/magnus.menger/repos/mt-flink-1-20/target/mt-flink-1-20-1.0-SNAPSHOT-fat.jar /sc/home/magnus.menger/repos/mt-flink-1-20/out/configs/1760972133199.yml
STDOUT:
 Job has been submitted with JobID 2187f98156dd25509d8db7cb7a685398
Program execution finished
Job with JobID 2187f98156dd25509d8db7cb7a685398 has finished.
Job Runtime: 377361 ms


STDERR:
 

-------

Experiment #62/86
Configuration: {'benchmark.operator': 'Baseline', 'benchmark.parallelism': 2}
Configuration file: /sc/home/magnus.menger/repos/mt-flink-1-20/out/configs/1760972514849.yml

Running command: /sc/home/magnus.menger/repos/mt-flink-1-20/flink-1.20.2/bin/flink run /sc/home/magnus.menger/repos/mt-flink-1-20/target/mt-flink-1-20-1.0-SNAPSHOT-fat.jar /sc/home/magnus.menger/repos/mt-flink-1-20/out/configs/1760972514849.yml
STDOUT:
 Job has been submitted with JobID b996a7108f5b059feab1ca68084c28b5
Program execution finished
Job with JobID b996a7108f5b059feab1ca68084c28b5 has finished.
Job Runtime: 367246 ms


STDERR:
 

-------

Experiment #63/86
Configuration: {'benchmark.operator': 'AStream', 'benchmark.parallelism': 2}
Configuration file: /sc/home/magnus.menger/repos/mt-flink-1-20/out/configs/1760972886316.yml

Running command: /sc/home/magnus.menger/repos/mt-flink-1-20/flink-1.20.2/bin/flink run /sc/home/magnus.menger/repos/mt-flink-1-20/target/mt-flink-1-20-1.0-SNAPSHOT-fat.jar /sc/home/magnus.menger/repos/mt-flink-1-20/out/configs/1760972886316.yml
STDOUT:
 Job has been submitted with JobID 1bcc102cafe8c60d20446d9aac73f349
Program execution finished
Job with JobID 1bcc102cafe8c60d20446d9aac73f349 has finished.
Job Runtime: 388508 ms


STDERR:
 

-------

Experiment #64/86
Configuration: {'benchmark.operator': 'Optimized', 'benchmark.parallelism': 2, 'query_generator.aggregations': ['min', 'max', 'count', 'sum', 'avg_shared']}
Configuration file: /sc/home/magnus.menger/repos/mt-flink-1-20/out/configs/1760973279833.yml

Running command: /sc/home/magnus.menger/repos/mt-flink-1-20/flink-1.20.2/bin/flink run /sc/home/magnus.menger/repos/mt-flink-1-20/target/mt-flink-1-20-1.0-SNAPSHOT-fat.jar /sc/home/magnus.menger/repos/mt-flink-1-20/out/configs/1760973279833.yml
STDOUT:
 Job has been submitted with JobID 20ecd585bd77039be96b364c1c11ef3e
Program execution finished
Job with JobID 20ecd585bd77039be96b364c1c11ef3e has finished.
Job Runtime: 524544 ms


STDERR:
 

-------

Experiment #65/86
Configuration: {'benchmark.operator': 'Baseline', 'benchmark.parallelism': 4}
Configuration file: /sc/home/magnus.menger/repos/mt-flink-1-20/out/configs/1760973809763.yml

Running command: /sc/home/magnus.menger/repos/mt-flink-1-20/flink-1.20.2/bin/flink run /sc/home/magnus.menger/repos/mt-flink-1-20/target/mt-flink-1-20-1.0-SNAPSHOT-fat.jar /sc/home/magnus.menger/repos/mt-flink-1-20/out/configs/1760973809763.yml
STDOUT:
 Job has been submitted with JobID 12506b966d26c6e9040ed6a06a797594
Program execution finished
Job with JobID 12506b966d26c6e9040ed6a06a797594 has finished.
Job Runtime: 524782 ms


STDERR:
 

-------

Experiment #66/86
Configuration: {'benchmark.operator': 'AStream', 'benchmark.parallelism': 4}
Configuration file: /sc/home/magnus.menger/repos/mt-flink-1-20/out/configs/1760974339554.yml

Running command: /sc/home/magnus.menger/repos/mt-flink-1-20/flink-1.20.2/bin/flink run /sc/home/magnus.menger/repos/mt-flink-1-20/target/mt-flink-1-20-1.0-SNAPSHOT-fat.jar /sc/home/magnus.menger/repos/mt-flink-1-20/out/configs/1760974339554.yml
STDOUT:
 Job has been submitted with JobID 5d0d7dcf549c088756324582a330295c
Program execution finished
Job with JobID 5d0d7dcf549c088756324582a330295c has finished.
Job Runtime: 344999 ms


STDERR:
 

-------

Experiment #67/86
Configuration: {'benchmark.operator': 'Optimized', 'benchmark.parallelism': 4, 'query_generator.aggregations': ['min', 'max', 'count', 'sum', 'avg_shared']}
Configuration file: /sc/home/magnus.menger/repos/mt-flink-1-20/out/configs/1760974689099.yml

Running command: /sc/home/magnus.menger/repos/mt-flink-1-20/flink-1.20.2/bin/flink run /sc/home/magnus.menger/repos/mt-flink-1-20/target/mt-flink-1-20-1.0-SNAPSHOT-fat.jar /sc/home/magnus.menger/repos/mt-flink-1-20/out/configs/1760974689099.yml
STDOUT:
 Job has been submitted with JobID 4a733e226bca108f7bdaeb9e474099a0
Program execution finished
Job with JobID 4a733e226bca108f7bdaeb9e474099a0 has finished.
Job Runtime: 437209 ms


STDERR:
 

-------

Experiment #68/86
Configuration: {'benchmark.operator': 'Baseline', 'benchmark.parallelism': 8}
Configuration file: /sc/home/magnus.menger/repos/mt-flink-1-20/out/configs/1760975130710.yml

Running command: /sc/home/magnus.menger/repos/mt-flink-1-20/flink-1.20.2/bin/flink run /sc/home/magnus.menger/repos/mt-flink-1-20/target/mt-flink-1-20-1.0-SNAPSHOT-fat.jar /sc/home/magnus.menger/repos/mt-flink-1-20/out/configs/1760975130710.yml
STDOUT:
 Job has been submitted with JobID fa559265657f52ec0a5b03ae872cd6d0
Program execution finished
Job with JobID fa559265657f52ec0a5b03ae872cd6d0 has finished.
Job Runtime: 439973 ms


STDERR:
 

-------

Experiment #69/86
Configuration: {'benchmark.operator': 'AStream', 'benchmark.parallelism': 8}
Configuration file: /sc/home/magnus.menger/repos/mt-flink-1-20/out/configs/1760975576399.yml

Running command: /sc/home/magnus.menger/repos/mt-flink-1-20/flink-1.20.2/bin/flink run /sc/home/magnus.menger/repos/mt-flink-1-20/target/mt-flink-1-20-1.0-SNAPSHOT-fat.jar /sc/home/magnus.menger/repos/mt-flink-1-20/out/configs/1760975576399.yml
STDOUT:
 Job has been submitted with JobID ce47601c3f49082e7439f502a6a13335
Program execution finished
Job with JobID ce47601c3f49082e7439f502a6a13335 has finished.
Job Runtime: 380888 ms


STDERR:
 

-------

Experiment #70/86
Configuration: {'benchmark.operator': 'Optimized', 'benchmark.parallelism': 8, 'query_generator.aggregations': ['min', 'max', 'count', 'sum', 'avg_shared']}
Configuration file: /sc/home/magnus.menger/repos/mt-flink-1-20/out/configs/1760975962081.yml

Running command: /sc/home/magnus.menger/repos/mt-flink-1-20/flink-1.20.2/bin/flink run /sc/home/magnus.menger/repos/mt-flink-1-20/target/mt-flink-1-20-1.0-SNAPSHOT-fat.jar /sc/home/magnus.menger/repos/mt-flink-1-20/out/configs/1760975962081.yml
STDOUT:
 Job has been submitted with JobID 082150a838642b4f243f6ae530e98fa5
Program execution finished
Job with JobID 082150a838642b4f243f6ae530e98fa5 has finished.
Job Runtime: 493013 ms


STDERR:
 

-------

Experiment #71/86
Configuration: {'data_generator.data_source': 'Debs2013', 'benchmark.operator': 'Baseline', 'query_generator.max_parallelism': 1, 'query_generator.ending_per_batch': 0}
Configuration file: /sc/home/magnus.menger/repos/mt-flink-1-20/out/configs/1760976459946.yml

Running command: /sc/home/magnus.menger/repos/mt-flink-1-20/flink-1.20.2/bin/flink run /sc/home/magnus.menger/repos/mt-flink-1-20/target/mt-flink-1-20-1.0-SNAPSHOT-fat.jar /sc/home/magnus.menger/repos/mt-flink-1-20/out/configs/1760976459946.yml
STDOUT:
 Job has been submitted with JobID dfc9a81a2baad94c3bf4997bec4e872c
Program execution finished
Job with JobID dfc9a81a2baad94c3bf4997bec4e872c has finished.
Job Runtime: 342767 ms


STDERR:
 

-------

Experiment #72/86
Configuration: {'data_generator.data_source': 'Debs2013', 'benchmark.operator': 'AStream', 'query_generator.max_parallelism': 1, 'query_generator.ending_per_batch': 0}
Configuration file: /sc/home/magnus.menger/repos/mt-flink-1-20/out/configs/1760976807739.yml

Running command: /sc/home/magnus.menger/repos/mt-flink-1-20/flink-1.20.2/bin/flink run /sc/home/magnus.menger/repos/mt-flink-1-20/target/mt-flink-1-20-1.0-SNAPSHOT-fat.jar /sc/home/magnus.menger/repos/mt-flink-1-20/out/configs/1760976807739.yml
STDOUT:
 Job has been submitted with JobID ac1b2fa4a21f52119c17434e46eaacdb
Program execution finished
Job with JobID ac1b2fa4a21f52119c17434e46eaacdb has finished.
Job Runtime: 547477 ms


STDERR:
 

-------

Experiment #73/86
Configuration: {'data_generator.data_source': 'Debs2013', 'benchmark.operator': 'Optimized', 'query_generator.max_parallelism': 1, 'query_generator.ending_per_batch': 0, 'query_generator.aggregations': ['min', 'max', 'count', 'sum', 'avg_shared']}
Configuration file: /sc/home/magnus.menger/repos/mt-flink-1-20/out/configs/1760977359753.yml

Running command: /sc/home/magnus.menger/repos/mt-flink-1-20/flink-1.20.2/bin/flink run /sc/home/magnus.menger/repos/mt-flink-1-20/target/mt-flink-1-20-1.0-SNAPSHOT-fat.jar /sc/home/magnus.menger/repos/mt-flink-1-20/out/configs/1760977359753.yml
STDOUT:
 Job has been submitted with JobID ecb07f95a4ca2a401ee8070dd509f6a0
Program execution finished
Job with JobID ecb07f95a4ca2a401ee8070dd509f6a0 has finished.
Job Runtime: 441163 ms


STDERR:
 

-------

Experiment #74/86
Configuration: {'data_generator.data_source': 'Debs2013', 'benchmark.operator': 'Baseline', 'query_generator.max_parallelism': 50, 'query_generator.ending_per_batch': 5}
Configuration file: /sc/home/magnus.menger/repos/mt-flink-1-20/out/configs/1760977805555.yml

Running command: /sc/home/magnus.menger/repos/mt-flink-1-20/flink-1.20.2/bin/flink run /sc/home/magnus.menger/repos/mt-flink-1-20/target/mt-flink-1-20-1.0-SNAPSHOT-fat.jar /sc/home/magnus.menger/repos/mt-flink-1-20/out/configs/1760977805555.yml
STDOUT:
 Job has been submitted with JobID 9691c4451f7d621a94fbaba4fddb3253
Program execution finished
Job with JobID 9691c4451f7d621a94fbaba4fddb3253 has finished.
Job Runtime: 409118 ms


STDERR:
 

-------

Experiment #75/86
Configuration: {'data_generator.data_source': 'Debs2013', 'benchmark.operator': 'AStream', 'query_generator.max_parallelism': 50, 'query_generator.ending_per_batch': 5}
Configuration file: /sc/home/magnus.menger/repos/mt-flink-1-20/out/configs/1760978219427.yml

Running command: /sc/home/magnus.menger/repos/mt-flink-1-20/flink-1.20.2/bin/flink run /sc/home/magnus.menger/repos/mt-flink-1-20/target/mt-flink-1-20-1.0-SNAPSHOT-fat.jar /sc/home/magnus.menger/repos/mt-flink-1-20/out/configs/1760978219427.yml
STDOUT:
 Job has been submitted with JobID f82d5770f8c5b7654a208bdbf0449ac4
Program execution finished
Job with JobID f82d5770f8c5b7654a208bdbf0449ac4 has finished.
Job Runtime: 544377 ms


STDERR:
 

-------

Experiment #76/86
Configuration: {'data_generator.data_source': 'Debs2013', 'benchmark.operator': 'Optimized', 'query_generator.max_parallelism': 50, 'query_generator.ending_per_batch': 5, 'query_generator.aggregations': ['min', 'max', 'count', 'sum', 'avg_shared']}
Configuration file: /sc/home/magnus.menger/repos/mt-flink-1-20/out/configs/1760978769534.yml

Running command: /sc/home/magnus.menger/repos/mt-flink-1-20/flink-1.20.2/bin/flink run /sc/home/magnus.menger/repos/mt-flink-1-20/target/mt-flink-1-20-1.0-SNAPSHOT-fat.jar /sc/home/magnus.menger/repos/mt-flink-1-20/out/configs/1760978769534.yml
STDOUT:
 Job has been submitted with JobID fddc87222bbd156a865b3074767e7bb6
Program execution finished
Job with JobID fddc87222bbd156a865b3074767e7bb6 has finished.
Job Runtime: 412892 ms


STDERR:
 

-------

Experiment #77/86
Configuration: {'data_generator.data_source': 'Debs2013', 'benchmark.operator': 'Baseline', 'query_generator.max_parallelism': 200, 'query_generator.ending_per_batch': 20}
Configuration file: /sc/home/magnus.menger/repos/mt-flink-1-20/out/configs/1760979187404.yml

Running command: /sc/home/magnus.menger/repos/mt-flink-1-20/flink-1.20.2/bin/flink run /sc/home/magnus.menger/repos/mt-flink-1-20/target/mt-flink-1-20-1.0-SNAPSHOT-fat.jar /sc/home/magnus.menger/repos/mt-flink-1-20/out/configs/1760979187404.yml
STDOUT:
 Job has been submitted with JobID 3577f315dd7acfdc71157e7c4f0f8591
Program execution finished
Job with JobID 3577f315dd7acfdc71157e7c4f0f8591 has finished.
Job Runtime: 602981 ms


STDERR:
 

-------

Experiment #78/86
Configuration: {'data_generator.data_source': 'Debs2013', 'benchmark.operator': 'AStream', 'query_generator.max_parallelism': 200, 'query_generator.ending_per_batch': 20}
Configuration file: /sc/home/magnus.menger/repos/mt-flink-1-20/out/configs/1760979795890.yml

Running command: /sc/home/magnus.menger/repos/mt-flink-1-20/flink-1.20.2/bin/flink run /sc/home/magnus.menger/repos/mt-flink-1-20/target/mt-flink-1-20-1.0-SNAPSHOT-fat.jar /sc/home/magnus.menger/repos/mt-flink-1-20/out/configs/1760979795890.yml
STDOUT:
 Job has been submitted with JobID cf55a2e262269d3d0f5b30c27efc115b
Program execution finished
Job with JobID cf55a2e262269d3d0f5b30c27efc115b has finished.
Job Runtime: 376496 ms


STDERR:
 

-------

Experiment #79/86
Configuration: {'data_generator.data_source': 'Debs2013', 'benchmark.operator': 'Optimized', 'query_generator.max_parallelism': 200, 'query_generator.ending_per_batch': 20, 'query_generator.aggregations': ['min', 'max', 'count', 'sum', 'avg_shared']}
Configuration file: /sc/home/magnus.menger/repos/mt-flink-1-20/out/configs/1760980177785.yml

Running command: /sc/home/magnus.menger/repos/mt-flink-1-20/flink-1.20.2/bin/flink run /sc/home/magnus.menger/repos/mt-flink-1-20/target/mt-flink-1-20-1.0-SNAPSHOT-fat.jar /sc/home/magnus.menger/repos/mt-flink-1-20/out/configs/1760980177785.yml
STDOUT:
 Job has been submitted with JobID 33c46162dbc292411f7132fd9519cd2d
Program execution finished
Job with JobID 33c46162dbc292411f7132fd9519cd2d has finished.
Job Runtime: 398789 ms


STDERR:
 

-------

Experiment #80/86
Configuration: {'data_generator.data_source': 'Debs2013', 'benchmark.operator': 'Baseline', 'query_generator.max_parallelism': 1000, 'query_generator.ending_per_batch': 100}
Configuration file: /sc/home/magnus.menger/repos/mt-flink-1-20/out/configs/1760980581699.yml

Running command: /sc/home/magnus.menger/repos/mt-flink-1-20/flink-1.20.2/bin/flink run /sc/home/magnus.menger/repos/mt-flink-1-20/target/mt-flink-1-20-1.0-SNAPSHOT-fat.jar /sc/home/magnus.menger/repos/mt-flink-1-20/out/configs/1760980581699.yml
STDOUT:
 Job has been submitted with JobID afce3f239cbc234a4365c8e01f744070
Program execution finished
Job with JobID afce3f239cbc234a4365c8e01f744070 has finished.
Job Runtime: 430889 ms


STDERR:
 

-------

Experiment #81/86
Configuration: {'data_generator.data_source': 'Debs2013', 'benchmark.operator': 'AStream', 'query_generator.max_parallelism': 1000, 'query_generator.ending_per_batch': 100}
Configuration file: /sc/home/magnus.menger/repos/mt-flink-1-20/out/configs/1760981017600.yml

Running command: /sc/home/magnus.menger/repos/mt-flink-1-20/flink-1.20.2/bin/flink run /sc/home/magnus.menger/repos/mt-flink-1-20/target/mt-flink-1-20-1.0-SNAPSHOT-fat.jar /sc/home/magnus.menger/repos/mt-flink-1-20/out/configs/1760981017600.yml
STDOUT:
 Job has been submitted with JobID 0f94ea6485ed1d1f1b76f9eef95399d7
Program execution finished
Job with JobID 0f94ea6485ed1d1f1b76f9eef95399d7 has finished.
Job Runtime: 402320 ms


STDERR:
 

-------

Experiment #82/86
Configuration: {'data_generator.data_source': 'Debs2013', 'benchmark.operator': 'Optimized', 'query_generator.max_parallelism': 1000, 'query_generator.ending_per_batch': 100, 'query_generator.aggregations': ['min', 'max', 'count', 'sum', 'avg_shared']}
Configuration file: /sc/home/magnus.menger/repos/mt-flink-1-20/out/configs/1760981425450.yml

Running command: /sc/home/magnus.menger/repos/mt-flink-1-20/flink-1.20.2/bin/flink run /sc/home/magnus.menger/repos/mt-flink-1-20/target/mt-flink-1-20-1.0-SNAPSHOT-fat.jar /sc/home/magnus.menger/repos/mt-flink-1-20/out/configs/1760981425450.yml
STDOUT:
 Job has been submitted with JobID de198660a3aa347e27ca7328ac7e71c9
Program execution finished
Job with JobID de198660a3aa347e27ca7328ac7e71c9 has finished.
Job Runtime: 467622 ms


STDERR:
 

-------

Experiment #83/86
Configuration: {'data_generator.data_source': 'Debs2013', 'benchmark.operator': 'Baseline', 'query_generator.max_parallelism': 5000, 'query_generator.ending_per_batch': 500}
Configuration file: /sc/home/magnus.menger/repos/mt-flink-1-20/out/configs/1760981897252.yml

Running command: /sc/home/magnus.menger/repos/mt-flink-1-20/flink-1.20.2/bin/flink run /sc/home/magnus.menger/repos/mt-flink-1-20/target/mt-flink-1-20-1.0-SNAPSHOT-fat.jar /sc/home/magnus.menger/repos/mt-flink-1-20/out/configs/1760981897252.yml
STDOUT:
 Job has been submitted with JobID 34a9fd210f6150becfe0d9ae7f9b981a
Program execution finished
Job with JobID 34a9fd210f6150becfe0d9ae7f9b981a has finished.
Job Runtime: 560791 ms


STDERR:
 

-------

Experiment #84/86
Configuration: {'data_generator.data_source': 'Debs2013', 'benchmark.operator': 'AStream', 'query_generator.max_parallelism': 5000, 'query_generator.ending_per_batch': 500}
Configuration file: /sc/home/magnus.menger/repos/mt-flink-1-20/out/configs/1760982463254.yml

Running command: /sc/home/magnus.menger/repos/mt-flink-1-20/flink-1.20.2/bin/flink run /sc/home/magnus.menger/repos/mt-flink-1-20/target/mt-flink-1-20-1.0-SNAPSHOT-fat.jar /sc/home/magnus.menger/repos/mt-flink-1-20/out/configs/1760982463254.yml
STDOUT:
 Job has been submitted with JobID f07506c21330fcfa22a1c0b948f36155
Program execution finished
Job with JobID f07506c21330fcfa22a1c0b948f36155 has finished.
Job Runtime: 446349 ms


STDERR:
 

-------

Experiment #85/86
Configuration: {'data_generator.data_source': 'Debs2013', 'benchmark.operator': 'Optimized', 'query_generator.max_parallelism': 5000, 'query_generator.ending_per_batch': 500, 'query_generator.aggregations': ['min', 'max', 'count', 'sum', 'avg_shared']}
Configuration file: /sc/home/magnus.menger/repos/mt-flink-1-20/out/configs/1760982915134.yml

Running command: /sc/home/magnus.menger/repos/mt-flink-1-20/flink-1.20.2/bin/flink run /sc/home/magnus.menger/repos/mt-flink-1-20/target/mt-flink-1-20-1.0-SNAPSHOT-fat.jar /sc/home/magnus.menger/repos/mt-flink-1-20/out/configs/1760982915134.yml
STDOUT:
 Job has been submitted with JobID d262e5db05eea7b96b0d372d90ea930e
Program execution finished
Job with JobID d262e5db05eea7b96b0d372d90ea930e has finished.
Job Runtime: 608749 ms


STDERR:
 

-------

Stopping taskexecutor daemon (pid: 1304582) on host cx06.
Stopping standalonesession daemon (pid: 1304033) on host cx06.
