Starting cluster.
Starting standalonesession daemon on host cx03.
Starting taskexecutor daemon on host cx03.
Script has working directory /sc/home/magnus.menger
Experiment #0/12
Configuration: {'benchmark.operator': 'Baseline', 'query_generator.max_parallelism': 50, 'query_generator.ending_per_batch': 5}
Configuration file: /sc/home/magnus.menger/repos/mt-flink-1-20/out/configs/1760106153751.yml

Running command: /sc/home/magnus.menger/repos/mt-flink-1-20/flink-1.20.2/bin/flink run /sc/home/magnus.menger/repos/mt-flink-1-20/target/mt-flink-1-20-1.0-SNAPSHOT-fat.jar /sc/home/magnus.menger/repos/mt-flink-1-20/out/configs/1760106153751.yml
STDOUT:
 Job has been submitted with JobID 2989138f0790f7c9dd1eb27f33df5c24
Program execution finished
Job with JobID 2989138f0790f7c9dd1eb27f33df5c24 has finished.
Job Runtime: 303276 ms


STDERR:
 

-------

Experiment #1/12
Configuration: {'benchmark.operator': 'AStream', 'query_generator.max_parallelism': 50, 'query_generator.ending_per_batch': 5}
Configuration file: /sc/home/magnus.menger/repos/mt-flink-1-20/out/configs/1760106463081.yml

Running command: /sc/home/magnus.menger/repos/mt-flink-1-20/flink-1.20.2/bin/flink run /sc/home/magnus.menger/repos/mt-flink-1-20/target/mt-flink-1-20-1.0-SNAPSHOT-fat.jar /sc/home/magnus.menger/repos/mt-flink-1-20/out/configs/1760106463081.yml
STDOUT:
 Job has been submitted with JobID 01586dfe8fdc925237b9d126975d6cff
Program execution finished
Job with JobID 01586dfe8fdc925237b9d126975d6cff has finished.
Job Runtime: 300535 ms


STDERR:
 

-------

Experiment #2/12
Configuration: {'benchmark.operator': 'Optimized', 'query_generator.max_parallelism': 50, 'query_generator.ending_per_batch': 5}
Configuration file: /sc/home/magnus.menger/repos/mt-flink-1-20/out/configs/1760106768804.yml

Running command: /sc/home/magnus.menger/repos/mt-flink-1-20/flink-1.20.2/bin/flink run /sc/home/magnus.menger/repos/mt-flink-1-20/target/mt-flink-1-20-1.0-SNAPSHOT-fat.jar /sc/home/magnus.menger/repos/mt-flink-1-20/out/configs/1760106768804.yml
STDOUT:
 Job has been submitted with JobID 1a9a392221ba9fa770feb59513cc815f
Program execution finished
Job with JobID 1a9a392221ba9fa770feb59513cc815f has finished.
Job Runtime: 302523 ms


STDERR:
 

-------

Experiment #3/12
Configuration: {'benchmark.operator': 'Optimized', 'query_generator.max_parallelism': 50, 'query_generator.ending_per_batch': 5, 'query_generator.aggregations': ['min', 'max', 'count', 'sum', 'avg_shared']}
Configuration file: /sc/home/magnus.menger/repos/mt-flink-1-20/out/configs/1760107076380.yml

Running command: /sc/home/magnus.menger/repos/mt-flink-1-20/flink-1.20.2/bin/flink run /sc/home/magnus.menger/repos/mt-flink-1-20/target/mt-flink-1-20-1.0-SNAPSHOT-fat.jar /sc/home/magnus.menger/repos/mt-flink-1-20/out/configs/1760107076380.yml
STDOUT:
 Job has been submitted with JobID c5c022fc2199499f8ec0d256cedf0bfe
Program execution finished
Job with JobID c5c022fc2199499f8ec0d256cedf0bfe has finished.
Job Runtime: 300481 ms


STDERR:
 

-------

Experiment #4/12
Configuration: {'benchmark.operator': 'Baseline', 'query_generator.max_parallelism': 1000, 'query_generator.ending_per_batch': 100}
Configuration file: /sc/home/magnus.menger/repos/mt-flink-1-20/out/configs/1760107381926.yml

Running command: /sc/home/magnus.menger/repos/mt-flink-1-20/flink-1.20.2/bin/flink run /sc/home/magnus.menger/repos/mt-flink-1-20/target/mt-flink-1-20-1.0-SNAPSHOT-fat.jar /sc/home/magnus.menger/repos/mt-flink-1-20/out/configs/1760107381926.yml
STDOUT:
 Job has been submitted with JobID a3c26e4602c1e04a32855eb6591d3cec
Program execution finished
Job with JobID a3c26e4602c1e04a32855eb6591d3cec has finished.
Job Runtime: 302524 ms


STDERR:
 

-------

Experiment #5/12
Configuration: {'benchmark.operator': 'AStream', 'query_generator.max_parallelism': 1000, 'query_generator.ending_per_batch': 100}
Configuration file: /sc/home/magnus.menger/repos/mt-flink-1-20/out/configs/1760107689455.yml

Running command: /sc/home/magnus.menger/repos/mt-flink-1-20/flink-1.20.2/bin/flink run /sc/home/magnus.menger/repos/mt-flink-1-20/target/mt-flink-1-20-1.0-SNAPSHOT-fat.jar /sc/home/magnus.menger/repos/mt-flink-1-20/out/configs/1760107689455.yml
STDOUT:
 Job has been submitted with JobID 4fcac66c676fd038fdd7c829743cd973
Program execution finished
Job with JobID 4fcac66c676fd038fdd7c829743cd973 has finished.
Job Runtime: 300644 ms


STDERR:
 

-------

Experiment #6/12
Configuration: {'benchmark.operator': 'Optimized', 'query_generator.max_parallelism': 1000, 'query_generator.ending_per_batch': 100}
Configuration file: /sc/home/magnus.menger/repos/mt-flink-1-20/out/configs/1760107995105.yml

Running command: /sc/home/magnus.menger/repos/mt-flink-1-20/flink-1.20.2/bin/flink run /sc/home/magnus.menger/repos/mt-flink-1-20/target/mt-flink-1-20-1.0-SNAPSHOT-fat.jar /sc/home/magnus.menger/repos/mt-flink-1-20/out/configs/1760107995105.yml
STDOUT:
 Job has been submitted with JobID a154dd37f4e87e1f7208ca3d944dafb5
Program execution finished
Job with JobID a154dd37f4e87e1f7208ca3d944dafb5 has finished.
Job Runtime: 300753 ms


STDERR:
 

-------

Experiment #7/12
Configuration: {'benchmark.operator': 'Optimized', 'query_generator.max_parallelism': 1000, 'query_generator.ending_per_batch': 100, 'query_generator.aggregations': ['min', 'max', 'count', 'sum', 'avg_shared']}
Configuration file: /sc/home/magnus.menger/repos/mt-flink-1-20/out/configs/1760108300709.yml

Running command: /sc/home/magnus.menger/repos/mt-flink-1-20/flink-1.20.2/bin/flink run /sc/home/magnus.menger/repos/mt-flink-1-20/target/mt-flink-1-20-1.0-SNAPSHOT-fat.jar /sc/home/magnus.menger/repos/mt-flink-1-20/out/configs/1760108300709.yml
STDOUT:
 Job has been submitted with JobID 601aa740a087ddf41dd2be51fb133c46
Program execution finished
Job with JobID 601aa740a087ddf41dd2be51fb133c46 has finished.
Job Runtime: 300676 ms


STDERR:
 

-------

Experiment #8/12
Configuration: {'benchmark.operator': 'Baseline', 'query_generator.max_parallelism': 5000, 'query_generator.ending_per_batch': 500}
Configuration file: /sc/home/magnus.menger/repos/mt-flink-1-20/out/configs/1760108606459.yml

Running command: /sc/home/magnus.menger/repos/mt-flink-1-20/flink-1.20.2/bin/flink run /sc/home/magnus.menger/repos/mt-flink-1-20/target/mt-flink-1-20-1.0-SNAPSHOT-fat.jar /sc/home/magnus.menger/repos/mt-flink-1-20/out/configs/1760108606459.yml
STDOUT:
 Job has been submitted with JobID bd7a3eb4b288c70a7d2921b5d7f0b806
Program execution finished
Job with JobID bd7a3eb4b288c70a7d2921b5d7f0b806 has finished.
Job Runtime: 303405 ms


STDERR:
 

-------

Experiment #9/12
Configuration: {'benchmark.operator': 'AStream', 'query_generator.max_parallelism': 5000, 'query_generator.ending_per_batch': 500}
Configuration file: /sc/home/magnus.menger/repos/mt-flink-1-20/out/configs/1760108914282.yml

Running command: /sc/home/magnus.menger/repos/mt-flink-1-20/flink-1.20.2/bin/flink run /sc/home/magnus.menger/repos/mt-flink-1-20/target/mt-flink-1-20-1.0-SNAPSHOT-fat.jar /sc/home/magnus.menger/repos/mt-flink-1-20/out/configs/1760108914282.yml
STDOUT:
 Job has been submitted with JobID f015c2c39c474a18809efd0e238ae634
Program execution finished
Job with JobID f015c2c39c474a18809efd0e238ae634 has finished.
Job Runtime: 302801 ms


STDERR:
 

-------

Experiment #10/12
Configuration: {'benchmark.operator': 'Optimized', 'query_generator.max_parallelism': 5000, 'query_generator.ending_per_batch': 500}
Configuration file: /sc/home/magnus.menger/repos/mt-flink-1-20/out/configs/1760109221977.yml

Running command: /sc/home/magnus.menger/repos/mt-flink-1-20/flink-1.20.2/bin/flink run /sc/home/magnus.menger/repos/mt-flink-1-20/target/mt-flink-1-20-1.0-SNAPSHOT-fat.jar /sc/home/magnus.menger/repos/mt-flink-1-20/out/configs/1760109221977.yml
STDOUT:
 Job has been submitted with JobID 740869da9ca46cf42e6d8b5c668bbc36
Program execution finished
Job with JobID 740869da9ca46cf42e6d8b5c668bbc36 has finished.
Job Runtime: 301361 ms


STDERR:
 

-------

Experiment #11/12
Configuration: {'benchmark.operator': 'Optimized', 'query_generator.max_parallelism': 5000, 'query_generator.ending_per_batch': 500, 'query_generator.aggregations': ['min', 'max', 'count', 'sum', 'avg_shared']}
Configuration file: /sc/home/magnus.menger/repos/mt-flink-1-20/out/configs/1760109527621.yml

Running command: /sc/home/magnus.menger/repos/mt-flink-1-20/flink-1.20.2/bin/flink run /sc/home/magnus.menger/repos/mt-flink-1-20/target/mt-flink-1-20-1.0-SNAPSHOT-fat.jar /sc/home/magnus.menger/repos/mt-flink-1-20/out/configs/1760109527621.yml
STDOUT:
 Job has been submitted with JobID 6bfbd1239a63bea1a8da0a9c2133610e
Program execution finished
Job with JobID 6bfbd1239a63bea1a8da0a9c2133610e has finished.
Job Runtime: 302901 ms


STDERR:
 

-------

Stopping taskexecutor daemon (pid: 220938) on host cx03.
Stopping standalonesession daemon (pid: 220373) on host cx03.
