Starting cluster.
Starting standalonesession daemon on host cx20.
Starting taskexecutor daemon on host cx20.
Script has working directory /sc/home/magnus.menger
Experiment #0/86
Configuration: {'benchmark.operator': 'Baseline', 'query_generator.max_parallelism': 1, 'query_generator.ending_per_batch': 0}
Configuration file: /sc/home/magnus.menger/repos/mt-flink-1-20/out/configs/1760688824935.yml

Running command: /sc/home/magnus.menger/repos/mt-flink-1-20/flink-1.20.2/bin/flink run /sc/home/magnus.menger/repos/mt-flink-1-20/target/mt-flink-1-20-1.0-SNAPSHOT-fat.jar /sc/home/magnus.menger/repos/mt-flink-1-20/out/configs/1760688824935.yml
STDOUT:
 Job has been submitted with JobID 8a97acfcc39c7e3e966fb3f454235623
Program execution finished
Job with JobID 8a97acfcc39c7e3e966fb3f454235623 has finished.
Job Runtime: 308201 ms


STDERR:
 

-------

Experiment #1/86
Configuration: {'benchmark.operator': 'AStream', 'query_generator.max_parallelism': 1, 'query_generator.ending_per_batch': 0}
Configuration file: /sc/home/magnus.menger/repos/mt-flink-1-20/out/configs/1760689136881.yml

Running command: /sc/home/magnus.menger/repos/mt-flink-1-20/flink-1.20.2/bin/flink run /sc/home/magnus.menger/repos/mt-flink-1-20/target/mt-flink-1-20-1.0-SNAPSHOT-fat.jar /sc/home/magnus.menger/repos/mt-flink-1-20/out/configs/1760689136881.yml
STDOUT:
 Job has been submitted with JobID b0acf36a5cacb0c7651ee002c288eb69
Program execution finished
Job with JobID b0acf36a5cacb0c7651ee002c288eb69 has finished.
Job Runtime: 286971 ms


STDERR:
 

-------

Experiment #2/86
Configuration: {'benchmark.operator': 'Optimized', 'query_generator.max_parallelism': 1, 'query_generator.ending_per_batch': 0}
Configuration file: /sc/home/magnus.menger/repos/mt-flink-1-20/out/configs/1760689427600.yml

Running command: /sc/home/magnus.menger/repos/mt-flink-1-20/flink-1.20.2/bin/flink run /sc/home/magnus.menger/repos/mt-flink-1-20/target/mt-flink-1-20-1.0-SNAPSHOT-fat.jar /sc/home/magnus.menger/repos/mt-flink-1-20/out/configs/1760689427600.yml
STDOUT:
 Job has been submitted with JobID 7b30b3f01c28c2c7c4fffbff98d03317
Program execution finished
Job with JobID 7b30b3f01c28c2c7c4fffbff98d03317 has finished.
Job Runtime: 429653 ms


STDERR:
 

-------

Experiment #3/86
Configuration: {'benchmark.operator': 'Optimized', 'query_generator.max_parallelism': 1, 'query_generator.ending_per_batch': 0, 'query_generator.aggregations': ['min', 'max', 'count', 'sum', 'avg_shared']}
Configuration file: /sc/home/magnus.menger/repos/mt-flink-1-20/out/configs/1760689860685.yml

Running command: /sc/home/magnus.menger/repos/mt-flink-1-20/flink-1.20.2/bin/flink run /sc/home/magnus.menger/repos/mt-flink-1-20/target/mt-flink-1-20-1.0-SNAPSHOT-fat.jar /sc/home/magnus.menger/repos/mt-flink-1-20/out/configs/1760689860685.yml
STDOUT:
 Job has been submitted with JobID e374ffd18c31f6082448d35265c9217f
Program execution finished
Job with JobID e374ffd18c31f6082448d35265c9217f has finished.
Job Runtime: 452939 ms


STDERR:
 

-------

Experiment #4/86
Configuration: {'benchmark.operator': 'Baseline', 'query_generator.max_parallelism': 50, 'query_generator.ending_per_batch': 5}
Configuration file: /sc/home/magnus.menger/repos/mt-flink-1-20/out/configs/1760690317796.yml

Running command: /sc/home/magnus.menger/repos/mt-flink-1-20/flink-1.20.2/bin/flink run /sc/home/magnus.menger/repos/mt-flink-1-20/target/mt-flink-1-20-1.0-SNAPSHOT-fat.jar /sc/home/magnus.menger/repos/mt-flink-1-20/out/configs/1760690317796.yml
STDOUT:
 Job has been submitted with JobID 221b5f66262657ee3b1d2b83e3599ef3
Program execution finished
Job with JobID 221b5f66262657ee3b1d2b83e3599ef3 has finished.
Job Runtime: 310812 ms


STDERR:
 

-------

Experiment #5/86
Configuration: {'benchmark.operator': 'AStream', 'query_generator.max_parallelism': 50, 'query_generator.ending_per_batch': 5}
Configuration file: /sc/home/magnus.menger/repos/mt-flink-1-20/out/configs/1760690632453.yml

Running command: /sc/home/magnus.menger/repos/mt-flink-1-20/flink-1.20.2/bin/flink run /sc/home/magnus.menger/repos/mt-flink-1-20/target/mt-flink-1-20-1.0-SNAPSHOT-fat.jar /sc/home/magnus.menger/repos/mt-flink-1-20/out/configs/1760690632453.yml
STDOUT:
 Job has been submitted with JobID bb2e6dcfd398b901757bc34ab6fdf7fc
Program execution finished
Job with JobID bb2e6dcfd398b901757bc34ab6fdf7fc has finished.
Job Runtime: 305272 ms


STDERR:
 

-------

Experiment #6/86
Configuration: {'benchmark.operator': 'Optimized', 'query_generator.max_parallelism': 50, 'query_generator.ending_per_batch': 5}
Configuration file: /sc/home/magnus.menger/repos/mt-flink-1-20/out/configs/1760690941088.yml

Running command: /sc/home/magnus.menger/repos/mt-flink-1-20/flink-1.20.2/bin/flink run /sc/home/magnus.menger/repos/mt-flink-1-20/target/mt-flink-1-20-1.0-SNAPSHOT-fat.jar /sc/home/magnus.menger/repos/mt-flink-1-20/out/configs/1760690941088.yml
STDOUT:
 Job has been submitted with JobID 4d728a0e8652df84191e76358aae8fbc
Program execution finished
Job with JobID 4d728a0e8652df84191e76358aae8fbc has finished.
Job Runtime: 344208 ms


STDERR:
 

-------

Experiment #7/86
Configuration: {'benchmark.operator': 'Optimized', 'query_generator.max_parallelism': 50, 'query_generator.ending_per_batch': 5, 'query_generator.aggregations': ['min', 'max', 'count', 'sum', 'avg_shared']}
Configuration file: /sc/home/magnus.menger/repos/mt-flink-1-20/out/configs/1760691289948.yml

Running command: /sc/home/magnus.menger/repos/mt-flink-1-20/flink-1.20.2/bin/flink run /sc/home/magnus.menger/repos/mt-flink-1-20/target/mt-flink-1-20-1.0-SNAPSHOT-fat.jar /sc/home/magnus.menger/repos/mt-flink-1-20/out/configs/1760691289948.yml
STDOUT:
 Job has been submitted with JobID 87879bd26b321dfddbaa12459c1c3a66
Program execution finished
Job with JobID 87879bd26b321dfddbaa12459c1c3a66 has finished.
Job Runtime: 351593 ms


STDERR:
 

-------

Experiment #8/86
Configuration: {'benchmark.operator': 'Baseline', 'query_generator.max_parallelism': 200, 'query_generator.ending_per_batch': 20}
Configuration file: /sc/home/magnus.menger/repos/mt-flink-1-20/out/configs/1760691644707.yml

Running command: /sc/home/magnus.menger/repos/mt-flink-1-20/flink-1.20.2/bin/flink run /sc/home/magnus.menger/repos/mt-flink-1-20/target/mt-flink-1-20-1.0-SNAPSHOT-fat.jar /sc/home/magnus.menger/repos/mt-flink-1-20/out/configs/1760691644707.yml
STDOUT:
 Job has been submitted with JobID e73a0963392b891936aed72d598c0bae
Program execution finished
Job with JobID e73a0963392b891936aed72d598c0bae has finished.
Job Runtime: 482373 ms


STDERR:
 

-------

Experiment #9/86
Configuration: {'benchmark.operator': 'AStream', 'query_generator.max_parallelism': 200, 'query_generator.ending_per_batch': 20}
Configuration file: /sc/home/magnus.menger/repos/mt-flink-1-20/out/configs/1760692131760.yml

Running command: /sc/home/magnus.menger/repos/mt-flink-1-20/flink-1.20.2/bin/flink run /sc/home/magnus.menger/repos/mt-flink-1-20/target/mt-flink-1-20-1.0-SNAPSHOT-fat.jar /sc/home/magnus.menger/repos/mt-flink-1-20/out/configs/1760692131760.yml
STDOUT:
 Job has been submitted with JobID 91669cc7ba053069d9fcb004cd9e609a
Program execution finished
Job with JobID 91669cc7ba053069d9fcb004cd9e609a has finished.
Job Runtime: 330609 ms


STDERR:
 

-------

Experiment #10/86
Configuration: {'benchmark.operator': 'Optimized', 'query_generator.max_parallelism': 200, 'query_generator.ending_per_batch': 20}
Configuration file: /sc/home/magnus.menger/repos/mt-flink-1-20/out/configs/1760692466471.yml

Running command: /sc/home/magnus.menger/repos/mt-flink-1-20/flink-1.20.2/bin/flink run /sc/home/magnus.menger/repos/mt-flink-1-20/target/mt-flink-1-20-1.0-SNAPSHOT-fat.jar /sc/home/magnus.menger/repos/mt-flink-1-20/out/configs/1760692466471.yml
STDOUT:
 Job has been submitted with JobID a3f291b783036286dabcfbcb3f8a58dc
Program execution finished
Job with JobID a3f291b783036286dabcfbcb3f8a58dc has finished.
Job Runtime: 569083 ms


STDERR:
 

-------

Experiment #11/86
Configuration: {'benchmark.operator': 'Optimized', 'query_generator.max_parallelism': 200, 'query_generator.ending_per_batch': 20, 'query_generator.aggregations': ['min', 'max', 'count', 'sum', 'avg_shared']}
Configuration file: /sc/home/magnus.menger/repos/mt-flink-1-20/out/configs/1760693039711.yml

Running command: /sc/home/magnus.menger/repos/mt-flink-1-20/flink-1.20.2/bin/flink run /sc/home/magnus.menger/repos/mt-flink-1-20/target/mt-flink-1-20-1.0-SNAPSHOT-fat.jar /sc/home/magnus.menger/repos/mt-flink-1-20/out/configs/1760693039711.yml
STDOUT:
 Job has been submitted with JobID 9985f9205b8d97e2933554656323fc92
Program execution finished
Job with JobID 9985f9205b8d97e2933554656323fc92 has finished.
Job Runtime: 360834 ms


STDERR:
 

-------

Experiment #12/86
Configuration: {'benchmark.operator': 'Baseline', 'query_generator.max_parallelism': 1000, 'query_generator.ending_per_batch': 100}
Configuration file: /sc/home/magnus.menger/repos/mt-flink-1-20/out/configs/1760693404479.yml

Running command: /sc/home/magnus.menger/repos/mt-flink-1-20/flink-1.20.2/bin/flink run /sc/home/magnus.menger/repos/mt-flink-1-20/target/mt-flink-1-20-1.0-SNAPSHOT-fat.jar /sc/home/magnus.menger/repos/mt-flink-1-20/out/configs/1760693404479.yml
STDOUT:
 Job has been submitted with JobID 9ee85c3e4e3267de7d1aa8992d65e355
Program execution finished
Job with JobID 9ee85c3e4e3267de7d1aa8992d65e355 has finished.
Job Runtime: 592812 ms


STDERR:
 

-------

Experiment #13/86
Configuration: {'benchmark.operator': 'AStream', 'query_generator.max_parallelism': 1000, 'query_generator.ending_per_batch': 100}
Configuration file: /sc/home/magnus.menger/repos/mt-flink-1-20/out/configs/1760694001953.yml

Running command: /sc/home/magnus.menger/repos/mt-flink-1-20/flink-1.20.2/bin/flink run /sc/home/magnus.menger/repos/mt-flink-1-20/target/mt-flink-1-20-1.0-SNAPSHOT-fat.jar /sc/home/magnus.menger/repos/mt-flink-1-20/out/configs/1760694001953.yml
STDOUT:
 Job has been submitted with JobID beeddc63bb91408978bb3c50f7901660
Program execution finished
Job with JobID beeddc63bb91408978bb3c50f7901660 has finished.
Job Runtime: 358651 ms


STDERR:
 

-------

Experiment #14/86
Configuration: {'benchmark.operator': 'Optimized', 'query_generator.max_parallelism': 1000, 'query_generator.ending_per_batch': 100}
Configuration file: /sc/home/magnus.menger/repos/mt-flink-1-20/out/configs/1760694364940.yml

Running command: /sc/home/magnus.menger/repos/mt-flink-1-20/flink-1.20.2/bin/flink run /sc/home/magnus.menger/repos/mt-flink-1-20/target/mt-flink-1-20-1.0-SNAPSHOT-fat.jar /sc/home/magnus.menger/repos/mt-flink-1-20/out/configs/1760694364940.yml
STDOUT:
 Job has been submitted with JobID 3cfe8d95f74c4751fd5aa4cc7236f89c
Program execution finished
Job with JobID 3cfe8d95f74c4751fd5aa4cc7236f89c has finished.
Job Runtime: 330395 ms


STDERR:
 

-------

Experiment #15/86
Configuration: {'benchmark.operator': 'Optimized', 'query_generator.max_parallelism': 1000, 'query_generator.ending_per_batch': 100, 'query_generator.aggregations': ['min', 'max', 'count', 'sum', 'avg_shared']}
Configuration file: /sc/home/magnus.menger/repos/mt-flink-1-20/out/configs/1760694699845.yml

Running command: /sc/home/magnus.menger/repos/mt-flink-1-20/flink-1.20.2/bin/flink run /sc/home/magnus.menger/repos/mt-flink-1-20/target/mt-flink-1-20-1.0-SNAPSHOT-fat.jar /sc/home/magnus.menger/repos/mt-flink-1-20/out/configs/1760694699845.yml
STDOUT:
 Job has been submitted with JobID 702e8ef4a13cc0b242b0c24d713d7d3b
Program execution finished
Job with JobID 702e8ef4a13cc0b242b0c24d713d7d3b has finished.
Job Runtime: 363159 ms


STDERR:
 

-------

Experiment #16/86
Configuration: {'benchmark.operator': 'Baseline', 'query_generator.max_parallelism': 5000, 'query_generator.ending_per_batch': 500}
Configuration file: /sc/home/magnus.menger/repos/mt-flink-1-20/out/configs/1760695066912.yml

Running command: /sc/home/magnus.menger/repos/mt-flink-1-20/flink-1.20.2/bin/flink run /sc/home/magnus.menger/repos/mt-flink-1-20/target/mt-flink-1-20-1.0-SNAPSHOT-fat.jar /sc/home/magnus.menger/repos/mt-flink-1-20/out/configs/1760695066912.yml
STDOUT:
 Job has been submitted with JobID e32154d16fcd1a2e4a9aefcab6301e3b
Program execution finished
Job with JobID e32154d16fcd1a2e4a9aefcab6301e3b has finished.
Job Runtime: 395980 ms


STDERR:
 

-------

Experiment #17/86
Configuration: {'benchmark.operator': 'AStream', 'query_generator.max_parallelism': 5000, 'query_generator.ending_per_batch': 500}
Configuration file: /sc/home/magnus.menger/repos/mt-flink-1-20/out/configs/1760695467980.yml

Running command: /sc/home/magnus.menger/repos/mt-flink-1-20/flink-1.20.2/bin/flink run /sc/home/magnus.menger/repos/mt-flink-1-20/target/mt-flink-1-20-1.0-SNAPSHOT-fat.jar /sc/home/magnus.menger/repos/mt-flink-1-20/out/configs/1760695467980.yml
STDOUT:
 Job has been submitted with JobID f22f70ae09b100a9368ff59394a7d6c2
Program execution finished
Job with JobID f22f70ae09b100a9368ff59394a7d6c2 has finished.
Job Runtime: 443054 ms


STDERR:
 

-------

Experiment #18/86
Configuration: {'benchmark.operator': 'Optimized', 'query_generator.max_parallelism': 5000, 'query_generator.ending_per_batch': 500}
Configuration file: /sc/home/magnus.menger/repos/mt-flink-1-20/out/configs/1760695915361.yml

Running command: /sc/home/magnus.menger/repos/mt-flink-1-20/flink-1.20.2/bin/flink run /sc/home/magnus.menger/repos/mt-flink-1-20/target/mt-flink-1-20-1.0-SNAPSHOT-fat.jar /sc/home/magnus.menger/repos/mt-flink-1-20/out/configs/1760695915361.yml
STDOUT:
 Job has been submitted with JobID 3dc07102cb40eb6deaf9b7cf1c090454
Program execution finished
Job with JobID 3dc07102cb40eb6deaf9b7cf1c090454 has finished.
Job Runtime: 515062 ms


STDERR:
 

-------

Experiment #19/86
Configuration: {'benchmark.operator': 'Optimized', 'query_generator.max_parallelism': 5000, 'query_generator.ending_per_batch': 500, 'query_generator.aggregations': ['min', 'max', 'count', 'sum', 'avg_shared']}
Configuration file: /sc/home/magnus.menger/repos/mt-flink-1-20/out/configs/1760696434611.yml

Running command: /sc/home/magnus.menger/repos/mt-flink-1-20/flink-1.20.2/bin/flink run /sc/home/magnus.menger/repos/mt-flink-1-20/target/mt-flink-1-20-1.0-SNAPSHOT-fat.jar /sc/home/magnus.menger/repos/mt-flink-1-20/out/configs/1760696434611.yml
STDOUT:
 Job has been submitted with JobID 2cc4d6a03b2a01abe3f631f1c6241c24
Program execution finished
Job with JobID 2cc4d6a03b2a01abe3f631f1c6241c24 has finished.
Job Runtime: 359813 ms


STDERR:
 

-------

Experiment #20/86
Configuration: {'benchmark.operator': 'Baseline', 'query_generator.filter_generation_mode': 'EquallySpacedOverlapping', 'query_generator.overlap_ratio': 0.0}
Configuration file: /sc/home/magnus.menger/repos/mt-flink-1-20/out/configs/1760696799481.yml

Running command: /sc/home/magnus.menger/repos/mt-flink-1-20/flink-1.20.2/bin/flink run /sc/home/magnus.menger/repos/mt-flink-1-20/target/mt-flink-1-20-1.0-SNAPSHOT-fat.jar /sc/home/magnus.menger/repos/mt-flink-1-20/out/configs/1760696799481.yml
STDOUT:
 Job has been submitted with JobID ba7bbecb1b195d2940df8c2d3c706a29
Program execution finished
Job with JobID ba7bbecb1b195d2940df8c2d3c706a29 has finished.
Job Runtime: 371080 ms


STDERR:
 

-------

Experiment #21/86
Configuration: {'benchmark.operator': 'AStream', 'query_generator.filter_generation_mode': 'EquallySpacedOverlapping', 'query_generator.overlap_ratio': 0.0}
Configuration file: /sc/home/magnus.menger/repos/mt-flink-1-20/out/configs/1760697174094.yml

Running command: /sc/home/magnus.menger/repos/mt-flink-1-20/flink-1.20.2/bin/flink run /sc/home/magnus.menger/repos/mt-flink-1-20/target/mt-flink-1-20-1.0-SNAPSHOT-fat.jar /sc/home/magnus.menger/repos/mt-flink-1-20/out/configs/1760697174094.yml
STDOUT:
 Job has been submitted with JobID ae1ea216e610f27716f61c1db408695e
Program execution finished
Job with JobID ae1ea216e610f27716f61c1db408695e has finished.
Job Runtime: 676471 ms


STDERR:
 

-------

Experiment #22/86
Configuration: {'benchmark.operator': 'Optimized', 'query_generator.filter_generation_mode': 'EquallySpacedOverlapping', 'query_generator.overlap_ratio': 0.0, 'query_generator.aggregations': ['min', 'max', 'count', 'sum', 'avg_shared']}
Configuration file: /sc/home/magnus.menger/repos/mt-flink-1-20/out/configs/1760697855539.yml

Running command: /sc/home/magnus.menger/repos/mt-flink-1-20/flink-1.20.2/bin/flink run /sc/home/magnus.menger/repos/mt-flink-1-20/target/mt-flink-1-20-1.0-SNAPSHOT-fat.jar /sc/home/magnus.menger/repos/mt-flink-1-20/out/configs/1760697855539.yml
STDOUT:
 Job has been submitted with JobID b13d2617cb0d66ae6d8414c232ca2339
Program execution finished
Job with JobID b13d2617cb0d66ae6d8414c232ca2339 has finished.
Job Runtime: 356890 ms


STDERR:
 

-------

Experiment #23/86
Configuration: {'benchmark.operator': 'Baseline', 'query_generator.filter_generation_mode': 'EquallySpacedOverlapping', 'query_generator.overlap_ratio': 0.1}
Configuration file: /sc/home/magnus.menger/repos/mt-flink-1-20/out/configs/1760698216348.yml

Running command: /sc/home/magnus.menger/repos/mt-flink-1-20/flink-1.20.2/bin/flink run /sc/home/magnus.menger/repos/mt-flink-1-20/target/mt-flink-1-20-1.0-SNAPSHOT-fat.jar /sc/home/magnus.menger/repos/mt-flink-1-20/out/configs/1760698216348.yml
STDOUT:
 Job has been submitted with JobID dbca91f39aa18723b3e742fd5a8e1938
Program execution finished
Job with JobID dbca91f39aa18723b3e742fd5a8e1938 has finished.
Job Runtime: 457426 ms


STDERR:
 

-------

Experiment #24/86
Configuration: {'benchmark.operator': 'AStream', 'query_generator.filter_generation_mode': 'EquallySpacedOverlapping', 'query_generator.overlap_ratio': 0.1}
Configuration file: /sc/home/magnus.menger/repos/mt-flink-1-20/out/configs/1760698677296.yml

Running command: /sc/home/magnus.menger/repos/mt-flink-1-20/flink-1.20.2/bin/flink run /sc/home/magnus.menger/repos/mt-flink-1-20/target/mt-flink-1-20-1.0-SNAPSHOT-fat.jar /sc/home/magnus.menger/repos/mt-flink-1-20/out/configs/1760698677296.yml
STDOUT:
 Job has been submitted with JobID b85f239a229c78976b0be0dbabb024c9
Program execution finished
Job with JobID b85f239a229c78976b0be0dbabb024c9 has finished.
Job Runtime: 335527 ms


STDERR:
 

-------

Experiment #25/86
Configuration: {'benchmark.operator': 'Optimized', 'query_generator.filter_generation_mode': 'EquallySpacedOverlapping', 'query_generator.overlap_ratio': 0.1, 'query_generator.aggregations': ['min', 'max', 'count', 'sum', 'avg_shared']}
Configuration file: /sc/home/magnus.menger/repos/mt-flink-1-20/out/configs/1760699015902.yml

Running command: /sc/home/magnus.menger/repos/mt-flink-1-20/flink-1.20.2/bin/flink run /sc/home/magnus.menger/repos/mt-flink-1-20/target/mt-flink-1-20-1.0-SNAPSHOT-fat.jar /sc/home/magnus.menger/repos/mt-flink-1-20/out/configs/1760699015902.yml
STDOUT:
 Job has been submitted with JobID 4f54b1cc3544964620afcb24b5aa97e1
Program execution finished
Job with JobID 4f54b1cc3544964620afcb24b5aa97e1 has finished.
Job Runtime: 336463 ms


STDERR:
 

-------

Experiment #26/86
Configuration: {'benchmark.operator': 'Baseline', 'query_generator.filter_generation_mode': 'EquallySpacedOverlapping', 'query_generator.overlap_ratio': 0.25}
Configuration file: /sc/home/magnus.menger/repos/mt-flink-1-20/out/configs/1760699356702.yml

Running command: /sc/home/magnus.menger/repos/mt-flink-1-20/flink-1.20.2/bin/flink run /sc/home/magnus.menger/repos/mt-flink-1-20/target/mt-flink-1-20-1.0-SNAPSHOT-fat.jar /sc/home/magnus.menger/repos/mt-flink-1-20/out/configs/1760699356702.yml
STDOUT:
 Job has been submitted with JobID 7a81561c38018694a6c853594ebf259f
Program execution finished
Job with JobID 7a81561c38018694a6c853594ebf259f has finished.
Job Runtime: 442418 ms


STDERR:
 

-------

Experiment #27/86
Configuration: {'benchmark.operator': 'AStream', 'query_generator.filter_generation_mode': 'EquallySpacedOverlapping', 'query_generator.overlap_ratio': 0.25}
Configuration file: /sc/home/magnus.menger/repos/mt-flink-1-20/out/configs/1760699803736.yml

Running command: /sc/home/magnus.menger/repos/mt-flink-1-20/flink-1.20.2/bin/flink run /sc/home/magnus.menger/repos/mt-flink-1-20/target/mt-flink-1-20-1.0-SNAPSHOT-fat.jar /sc/home/magnus.menger/repos/mt-flink-1-20/out/configs/1760699803736.yml
STDOUT:
 Job has been submitted with JobID ffcca81ed501978e20d646ac095ef475
Program execution finished
Job with JobID ffcca81ed501978e20d646ac095ef475 has finished.
Job Runtime: 381740 ms


STDERR:
 

-------

Experiment #28/86
Configuration: {'benchmark.operator': 'Optimized', 'query_generator.filter_generation_mode': 'EquallySpacedOverlapping', 'query_generator.overlap_ratio': 0.25, 'query_generator.aggregations': ['min', 'max', 'count', 'sum', 'avg_shared']}
Configuration file: /sc/home/magnus.menger/repos/mt-flink-1-20/out/configs/1760700190538.yml

Running command: /sc/home/magnus.menger/repos/mt-flink-1-20/flink-1.20.2/bin/flink run /sc/home/magnus.menger/repos/mt-flink-1-20/target/mt-flink-1-20-1.0-SNAPSHOT-fat.jar /sc/home/magnus.menger/repos/mt-flink-1-20/out/configs/1760700190538.yml
STDOUT:
 Job has been submitted with JobID 42812ccf08568d46aacf0c519ccd6020
Program execution finished
Job with JobID 42812ccf08568d46aacf0c519ccd6020 has finished.
Job Runtime: 321383 ms


STDERR:
 

-------

Experiment #29/86
Configuration: {'benchmark.operator': 'Baseline', 'query_generator.filter_generation_mode': 'EquallySpacedOverlapping', 'query_generator.overlap_ratio': 0.5}
Configuration file: /sc/home/magnus.menger/repos/mt-flink-1-20/out/configs/1760700515201.yml

Running command: /sc/home/magnus.menger/repos/mt-flink-1-20/flink-1.20.2/bin/flink run /sc/home/magnus.menger/repos/mt-flink-1-20/target/mt-flink-1-20-1.0-SNAPSHOT-fat.jar /sc/home/magnus.menger/repos/mt-flink-1-20/out/configs/1760700515201.yml
STDOUT:
 Job has been submitted with JobID 0aec8d1c014bd07a88deb28be16aa434
Program execution finished
Job with JobID 0aec8d1c014bd07a88deb28be16aa434 has finished.
Job Runtime: 405401 ms


STDERR:
 

-------

Experiment #30/86
Configuration: {'benchmark.operator': 'AStream', 'query_generator.filter_generation_mode': 'EquallySpacedOverlapping', 'query_generator.overlap_ratio': 0.5}
Configuration file: /sc/home/magnus.menger/repos/mt-flink-1-20/out/configs/1760700924306.yml

Running command: /sc/home/magnus.menger/repos/mt-flink-1-20/flink-1.20.2/bin/flink run /sc/home/magnus.menger/repos/mt-flink-1-20/target/mt-flink-1-20-1.0-SNAPSHOT-fat.jar /sc/home/magnus.menger/repos/mt-flink-1-20/out/configs/1760700924306.yml
STDOUT:
 Job has been submitted with JobID 5d0d6f67d3450ed032d98189f0f63530
Program execution finished
Job with JobID 5d0d6f67d3450ed032d98189f0f63530 has finished.
Job Runtime: 469739 ms


STDERR:
 

-------

Experiment #31/86
Configuration: {'benchmark.operator': 'Optimized', 'query_generator.filter_generation_mode': 'EquallySpacedOverlapping', 'query_generator.overlap_ratio': 0.5, 'query_generator.aggregations': ['min', 'max', 'count', 'sum', 'avg_shared']}
Configuration file: /sc/home/magnus.menger/repos/mt-flink-1-20/out/configs/1760701397573.yml

Running command: /sc/home/magnus.menger/repos/mt-flink-1-20/flink-1.20.2/bin/flink run /sc/home/magnus.menger/repos/mt-flink-1-20/target/mt-flink-1-20-1.0-SNAPSHOT-fat.jar /sc/home/magnus.menger/repos/mt-flink-1-20/out/configs/1760701397573.yml
STDOUT:
 Job has been submitted with JobID 3bcfceadb1e12382eb574fda7ff5ac93
Program execution finished
Job with JobID 3bcfceadb1e12382eb574fda7ff5ac93 has finished.
Job Runtime: 431392 ms


STDERR:
 

-------

Experiment #32/86
Configuration: {'benchmark.operator': 'Baseline', 'query_generator.filter_generation_mode': 'EquallySpacedOverlapping', 'query_generator.overlap_ratio': 0.75}
Configuration file: /sc/home/magnus.menger/repos/mt-flink-1-20/out/configs/1760701832809.yml

Running command: /sc/home/magnus.menger/repos/mt-flink-1-20/flink-1.20.2/bin/flink run /sc/home/magnus.menger/repos/mt-flink-1-20/target/mt-flink-1-20-1.0-SNAPSHOT-fat.jar /sc/home/magnus.menger/repos/mt-flink-1-20/out/configs/1760701832809.yml
STDOUT:
 Job has been submitted with JobID 979c528a0522f70f8ba8b15a6e68931e
Program execution finished
Job with JobID 979c528a0522f70f8ba8b15a6e68931e has finished.
Job Runtime: 382207 ms


STDERR:
 

-------

Experiment #33/86
Configuration: {'benchmark.operator': 'AStream', 'query_generator.filter_generation_mode': 'EquallySpacedOverlapping', 'query_generator.overlap_ratio': 0.75}
Configuration file: /sc/home/magnus.menger/repos/mt-flink-1-20/out/configs/1760702219836.yml

Running command: /sc/home/magnus.menger/repos/mt-flink-1-20/flink-1.20.2/bin/flink run /sc/home/magnus.menger/repos/mt-flink-1-20/target/mt-flink-1-20-1.0-SNAPSHOT-fat.jar /sc/home/magnus.menger/repos/mt-flink-1-20/out/configs/1760702219836.yml
STDOUT:
 Job has been submitted with JobID d1517fad4ed96259781b814e7ea4d76d
Program execution finished
Job with JobID d1517fad4ed96259781b814e7ea4d76d has finished.
Job Runtime: 530747 ms


STDERR:
 

-------

Experiment #34/86
Configuration: {'benchmark.operator': 'Optimized', 'query_generator.filter_generation_mode': 'EquallySpacedOverlapping', 'query_generator.overlap_ratio': 0.75, 'query_generator.aggregations': ['min', 'max', 'count', 'sum', 'avg_shared']}
Configuration file: /sc/home/magnus.menger/repos/mt-flink-1-20/out/configs/1760702755261.yml

Running command: /sc/home/magnus.menger/repos/mt-flink-1-20/flink-1.20.2/bin/flink run /sc/home/magnus.menger/repos/mt-flink-1-20/target/mt-flink-1-20-1.0-SNAPSHOT-fat.jar /sc/home/magnus.menger/repos/mt-flink-1-20/out/configs/1760702755261.yml
STDOUT:
 Job has been submitted with JobID 07be658eac40b27380a6c256f0faecbb
Program execution finished
Job with JobID 07be658eac40b27380a6c256f0faecbb has finished.
Job Runtime: 301013 ms


STDERR:
 

-------

Experiment #35/86
Configuration: {'benchmark.operator': 'Baseline', 'query_generator.filter_generation_mode': 'EquallySpacedOverlapping', 'query_generator.overlap_ratio': 1.0}
Configuration file: /sc/home/magnus.menger/repos/mt-flink-1-20/out/configs/1760703060240.yml

Running command: /sc/home/magnus.menger/repos/mt-flink-1-20/flink-1.20.2/bin/flink run /sc/home/magnus.menger/repos/mt-flink-1-20/target/mt-flink-1-20-1.0-SNAPSHOT-fat.jar /sc/home/magnus.menger/repos/mt-flink-1-20/out/configs/1760703060240.yml
STDOUT:
 Job has been submitted with JobID a8d37836fad710a99dd7f3be7342a1be
Program execution finished
Job with JobID a8d37836fad710a99dd7f3be7342a1be has finished.
Job Runtime: 529699 ms


STDERR:
 

-------

Experiment #36/86
Configuration: {'benchmark.operator': 'AStream', 'query_generator.filter_generation_mode': 'EquallySpacedOverlapping', 'query_generator.overlap_ratio': 1.0}
Configuration file: /sc/home/magnus.menger/repos/mt-flink-1-20/out/configs/1760703593685.yml

Running command: /sc/home/magnus.menger/repos/mt-flink-1-20/flink-1.20.2/bin/flink run /sc/home/magnus.menger/repos/mt-flink-1-20/target/mt-flink-1-20-1.0-SNAPSHOT-fat.jar /sc/home/magnus.menger/repos/mt-flink-1-20/out/configs/1760703593685.yml
STDOUT:
 Job has been submitted with JobID 0f806e3c79f2c0278acdeddbed897f57
Program execution finished
Job with JobID 0f806e3c79f2c0278acdeddbed897f57 has finished.
Job Runtime: 364731 ms


STDERR:
 

-------

Experiment #37/86
Configuration: {'benchmark.operator': 'Optimized', 'query_generator.filter_generation_mode': 'EquallySpacedOverlapping', 'query_generator.overlap_ratio': 1.0, 'query_generator.aggregations': ['min', 'max', 'count', 'sum', 'avg_shared']}
Configuration file: /sc/home/magnus.menger/repos/mt-flink-1-20/out/configs/1760703962802.yml

Running command: /sc/home/magnus.menger/repos/mt-flink-1-20/flink-1.20.2/bin/flink run /sc/home/magnus.menger/repos/mt-flink-1-20/target/mt-flink-1-20-1.0-SNAPSHOT-fat.jar /sc/home/magnus.menger/repos/mt-flink-1-20/out/configs/1760703962802.yml
STDOUT:
 Job has been submitted with JobID 96cbc226043dda66f18008d45cec21bc
Program execution finished
Job with JobID 96cbc226043dda66f18008d45cec21bc has finished.
Job Runtime: 358854 ms


STDERR:
 

-------

Experiment #38/86
Configuration: {'benchmark.operator': 'Baseline', 'query_generator.different_filters': 50}
Configuration file: /sc/home/magnus.menger/repos/mt-flink-1-20/out/configs/1760704325776.yml

Running command: /sc/home/magnus.menger/repos/mt-flink-1-20/flink-1.20.2/bin/flink run /sc/home/magnus.menger/repos/mt-flink-1-20/target/mt-flink-1-20-1.0-SNAPSHOT-fat.jar /sc/home/magnus.menger/repos/mt-flink-1-20/out/configs/1760704325776.yml
STDOUT:
 Job has been submitted with JobID 2362058d2887bd4f6f96f4a2a7d32ba6
Program execution finished
Job with JobID 2362058d2887bd4f6f96f4a2a7d32ba6 has finished.
Job Runtime: 472302 ms


STDERR:
 

-------

Experiment #39/86
Configuration: {'benchmark.operator': 'AStream', 'query_generator.different_filters': 50}
Configuration file: /sc/home/magnus.menger/repos/mt-flink-1-20/out/configs/1760704803001.yml

Running command: /sc/home/magnus.menger/repos/mt-flink-1-20/flink-1.20.2/bin/flink run /sc/home/magnus.menger/repos/mt-flink-1-20/target/mt-flink-1-20-1.0-SNAPSHOT-fat.jar /sc/home/magnus.menger/repos/mt-flink-1-20/out/configs/1760704803001.yml
STDOUT:
 Job has been submitted with JobID 11d2e07557cef6497e42b1ee5156b9e2
Program execution finished
Job with JobID 11d2e07557cef6497e42b1ee5156b9e2 has finished.
Job Runtime: 390559 ms


STDERR:
 

-------

Experiment #40/86
Configuration: {'benchmark.operator': 'Optimized', 'query_generator.different_filters': 50, 'query_generator.aggregations': ['min', 'max', 'count', 'sum', 'avg_shared']}
Configuration file: /sc/home/magnus.menger/repos/mt-flink-1-20/out/configs/1760705198110.yml

Running command: /sc/home/magnus.menger/repos/mt-flink-1-20/flink-1.20.2/bin/flink run /sc/home/magnus.menger/repos/mt-flink-1-20/target/mt-flink-1-20-1.0-SNAPSHOT-fat.jar /sc/home/magnus.menger/repos/mt-flink-1-20/out/configs/1760705198110.yml
STDOUT:
 Job has been submitted with JobID a5a2f15c543b8fb35d93196df762ba88
Program execution finished
Job with JobID a5a2f15c543b8fb35d93196df762ba88 has finished.
Job Runtime: 311306 ms


STDERR:
 

-------

Experiment #41/86
Configuration: {'benchmark.operator': 'Baseline', 'query_generator.different_filters': 200}
Configuration file: /sc/home/magnus.menger/repos/mt-flink-1-20/out/configs/1760705513097.yml

Running command: /sc/home/magnus.menger/repos/mt-flink-1-20/flink-1.20.2/bin/flink run /sc/home/magnus.menger/repos/mt-flink-1-20/target/mt-flink-1-20-1.0-SNAPSHOT-fat.jar /sc/home/magnus.menger/repos/mt-flink-1-20/out/configs/1760705513097.yml
STDOUT:
 Job has been submitted with JobID 035d2bf5481b0f75acc42d097d99dc4c
Program execution finished
Job with JobID 035d2bf5481b0f75acc42d097d99dc4c has finished.
Job Runtime: 440825 ms


STDERR:
 

-------

Experiment #42/86
Configuration: {'benchmark.operator': 'AStream', 'query_generator.different_filters': 200}
Configuration file: /sc/home/magnus.menger/repos/mt-flink-1-20/out/configs/1760705958339.yml

Running command: /sc/home/magnus.menger/repos/mt-flink-1-20/flink-1.20.2/bin/flink run /sc/home/magnus.menger/repos/mt-flink-1-20/target/mt-flink-1-20-1.0-SNAPSHOT-fat.jar /sc/home/magnus.menger/repos/mt-flink-1-20/out/configs/1760705958339.yml
STDOUT:
 Job has been submitted with JobID b3ee5226036a353a1e40a285c69da986
Program execution finished
Job with JobID b3ee5226036a353a1e40a285c69da986 has finished.
Job Runtime: 363853 ms


STDERR:
 

-------

Experiment #43/86
Configuration: {'benchmark.operator': 'Optimized', 'query_generator.different_filters': 200, 'query_generator.aggregations': ['min', 'max', 'count', 'sum', 'avg_shared']}
Configuration file: /sc/home/magnus.menger/repos/mt-flink-1-20/out/configs/1760706327511.yml

Running command: /sc/home/magnus.menger/repos/mt-flink-1-20/flink-1.20.2/bin/flink run /sc/home/magnus.menger/repos/mt-flink-1-20/target/mt-flink-1-20-1.0-SNAPSHOT-fat.jar /sc/home/magnus.menger/repos/mt-flink-1-20/out/configs/1760706327511.yml
STDOUT:
 Job has been submitted with JobID d7a21425d356ec4b658f1aacb7f477bb
Program execution finished
Job with JobID d7a21425d356ec4b658f1aacb7f477bb has finished.
Job Runtime: 298284 ms


STDERR:
 

-------

Experiment #44/86
Configuration: {'benchmark.operator': 'Baseline', 'query_generator.different_aggregations': 1}
Configuration file: /sc/home/magnus.menger/repos/mt-flink-1-20/out/configs/1760706630412.yml

Running command: /sc/home/magnus.menger/repos/mt-flink-1-20/flink-1.20.2/bin/flink run /sc/home/magnus.menger/repos/mt-flink-1-20/target/mt-flink-1-20-1.0-SNAPSHOT-fat.jar /sc/home/magnus.menger/repos/mt-flink-1-20/out/configs/1760706630412.yml
STDOUT:
 Job has been submitted with JobID d48df33a481d9f2589880c380761f825
Program execution finished
Job with JobID d48df33a481d9f2589880c380761f825 has finished.
Job Runtime: 417398 ms


STDERR:
 

-------

Experiment #45/86
Configuration: {'benchmark.operator': 'AStream', 'query_generator.different_aggregations': 1}
Configuration file: /sc/home/magnus.menger/repos/mt-flink-1-20/out/configs/1760707051604.yml

Running command: /sc/home/magnus.menger/repos/mt-flink-1-20/flink-1.20.2/bin/flink run /sc/home/magnus.menger/repos/mt-flink-1-20/target/mt-flink-1-20-1.0-SNAPSHOT-fat.jar /sc/home/magnus.menger/repos/mt-flink-1-20/out/configs/1760707051604.yml
STDOUT:
 Job has been submitted with JobID f58d1c294d3a66a779a6f5cdb4cfa7fd
Program execution finished
Job with JobID f58d1c294d3a66a779a6f5cdb4cfa7fd has finished.
Job Runtime: 433624 ms


STDERR:
 

-------

Experiment #46/86
Configuration: {'benchmark.operator': 'Optimized', 'query_generator.different_aggregations': 1, 'query_generator.aggregations': ['min', 'max', 'count', 'sum', 'avg_shared']}
Configuration file: /sc/home/magnus.menger/repos/mt-flink-1-20/out/configs/1760707488894.yml

Running command: /sc/home/magnus.menger/repos/mt-flink-1-20/flink-1.20.2/bin/flink run /sc/home/magnus.menger/repos/mt-flink-1-20/target/mt-flink-1-20-1.0-SNAPSHOT-fat.jar /sc/home/magnus.menger/repos/mt-flink-1-20/out/configs/1760707488894.yml
STDOUT:
 Job has been submitted with JobID fcd9b4230374f6e2ace4ce970a261f5a
Program execution finished
Job with JobID fcd9b4230374f6e2ace4ce970a261f5a has finished.
Job Runtime: 321526 ms


STDERR:
 

-------

Experiment #47/86
Configuration: {'benchmark.operator': 'Baseline', 'query_generator.different_aggregations': 5}
Configuration file: /sc/home/magnus.menger/repos/mt-flink-1-20/out/configs/1760707813823.yml

Running command: /sc/home/magnus.menger/repos/mt-flink-1-20/flink-1.20.2/bin/flink run /sc/home/magnus.menger/repos/mt-flink-1-20/target/mt-flink-1-20-1.0-SNAPSHOT-fat.jar /sc/home/magnus.menger/repos/mt-flink-1-20/out/configs/1760707813823.yml
STDOUT:
 Job has been submitted with JobID 9657976179c30d1bdc2b8e6e89438af1
Program execution finished
Job with JobID 9657976179c30d1bdc2b8e6e89438af1 has finished.
Job Runtime: 619672 ms


STDERR:
 

-------

Experiment #48/86
Configuration: {'benchmark.operator': 'AStream', 'query_generator.different_aggregations': 5}
Configuration file: /sc/home/magnus.menger/repos/mt-flink-1-20/out/configs/1760708437378.yml

Running command: /sc/home/magnus.menger/repos/mt-flink-1-20/flink-1.20.2/bin/flink run /sc/home/magnus.menger/repos/mt-flink-1-20/target/mt-flink-1-20-1.0-SNAPSHOT-fat.jar /sc/home/magnus.menger/repos/mt-flink-1-20/out/configs/1760708437378.yml
STDOUT:
 Job has been submitted with JobID 0ffc3a4aed9bc8d12627dd34e2ee36de
Program execution finished
Job with JobID 0ffc3a4aed9bc8d12627dd34e2ee36de has finished.
Job Runtime: 335108 ms


STDERR:
 

-------

Experiment #49/86
Configuration: {'benchmark.operator': 'Optimized', 'query_generator.different_aggregations': 5, 'query_generator.aggregations': ['min', 'max', 'count', 'sum', 'avg_shared']}
Configuration file: /sc/home/magnus.menger/repos/mt-flink-1-20/out/configs/1760708776425.yml

Running command: /sc/home/magnus.menger/repos/mt-flink-1-20/flink-1.20.2/bin/flink run /sc/home/magnus.menger/repos/mt-flink-1-20/target/mt-flink-1-20-1.0-SNAPSHOT-fat.jar /sc/home/magnus.menger/repos/mt-flink-1-20/out/configs/1760708776425.yml
STDOUT:
 Job has been submitted with JobID c470643866b8a9e7b1792a7cdd1bbac5
Program execution finished
Job with JobID c470643866b8a9e7b1792a7cdd1bbac5 has finished.
Job Runtime: 325566 ms


STDERR:
 

-------

Experiment #50/86
Configuration: {'benchmark.operator': 'Baseline', 'query_generator.different_aggregations': 15}
Configuration file: /sc/home/magnus.menger/repos/mt-flink-1-20/out/configs/1760709105322.yml

Running command: /sc/home/magnus.menger/repos/mt-flink-1-20/flink-1.20.2/bin/flink run /sc/home/magnus.menger/repos/mt-flink-1-20/target/mt-flink-1-20-1.0-SNAPSHOT-fat.jar /sc/home/magnus.menger/repos/mt-flink-1-20/out/configs/1760709105322.yml
STDOUT:
 Job has been submitted with JobID 97557a2e2c938375446d1b891f548519
Program execution finished
Job with JobID 97557a2e2c938375446d1b891f548519 has finished.
Job Runtime: 638232 ms


STDERR:
 

-------

Experiment #51/86
Configuration: {'benchmark.operator': 'AStream', 'query_generator.different_aggregations': 15}
Configuration file: /sc/home/magnus.menger/repos/mt-flink-1-20/out/configs/1760709746958.yml

Running command: /sc/home/magnus.menger/repos/mt-flink-1-20/flink-1.20.2/bin/flink run /sc/home/magnus.menger/repos/mt-flink-1-20/target/mt-flink-1-20-1.0-SNAPSHOT-fat.jar /sc/home/magnus.menger/repos/mt-flink-1-20/out/configs/1760709746958.yml
STDOUT:
 Job has been submitted with JobID f87829b1c7842da164928bfe6c7ebb91
Program execution finished
Job with JobID f87829b1c7842da164928bfe6c7ebb91 has finished.
Job Runtime: 364000 ms


STDERR:
 

-------

Experiment #52/86
Configuration: {'benchmark.operator': 'Optimized', 'query_generator.different_aggregations': 15, 'query_generator.aggregations': ['min', 'max', 'count', 'sum', 'avg_shared']}
Configuration file: /sc/home/magnus.menger/repos/mt-flink-1-20/out/configs/1760710115968.yml

Running command: /sc/home/magnus.menger/repos/mt-flink-1-20/flink-1.20.2/bin/flink run /sc/home/magnus.menger/repos/mt-flink-1-20/target/mt-flink-1-20-1.0-SNAPSHOT-fat.jar /sc/home/magnus.menger/repos/mt-flink-1-20/out/configs/1760710115968.yml
STDOUT:
 Job has been submitted with JobID c0cfe78e52530580e6037b3d375f1662
Program execution finished
Job with JobID c0cfe78e52530580e6037b3d375f1662 has finished.
Job Runtime: 335391 ms


STDERR:
 

-------

Experiment #53/86
Configuration: {'benchmark.operator': 'Baseline', 'data_generator.synthetic_field_count': 10}
Configuration file: /sc/home/magnus.menger/repos/mt-flink-1-20/out/configs/1760710454965.yml

Running command: /sc/home/magnus.menger/repos/mt-flink-1-20/flink-1.20.2/bin/flink run /sc/home/magnus.menger/repos/mt-flink-1-20/target/mt-flink-1-20-1.0-SNAPSHOT-fat.jar /sc/home/magnus.menger/repos/mt-flink-1-20/out/configs/1760710454965.yml
STDOUT:
 Job has been submitted with JobID 543a261cd472ceeccb9117c6740179ac
Program execution finished
Job with JobID 543a261cd472ceeccb9117c6740179ac has finished.
Job Runtime: 712801 ms


STDERR:
 

-------

Experiment #54/86
Configuration: {'benchmark.operator': 'AStream', 'data_generator.synthetic_field_count': 10}
Configuration file: /sc/home/magnus.menger/repos/mt-flink-1-20/out/configs/1760711172640.yml

Running command: /sc/home/magnus.menger/repos/mt-flink-1-20/flink-1.20.2/bin/flink run /sc/home/magnus.menger/repos/mt-flink-1-20/target/mt-flink-1-20-1.0-SNAPSHOT-fat.jar /sc/home/magnus.menger/repos/mt-flink-1-20/out/configs/1760711172640.yml
STDOUT:
 Job has been submitted with JobID d30f500f08da644a333d045c41f3dbdb
Program execution finished
Job with JobID d30f500f08da644a333d045c41f3dbdb has finished.
Job Runtime: 361898 ms


STDERR:
 

-------

Experiment #55/86
Configuration: {'benchmark.operator': 'Optimized', 'data_generator.synthetic_field_count': 10, 'query_generator.aggregations': ['min', 'max', 'count', 'sum', 'avg_shared']}
Configuration file: /sc/home/magnus.menger/repos/mt-flink-1-20/out/configs/1760711539626.yml

Running command: /sc/home/magnus.menger/repos/mt-flink-1-20/flink-1.20.2/bin/flink run /sc/home/magnus.menger/repos/mt-flink-1-20/target/mt-flink-1-20-1.0-SNAPSHOT-fat.jar /sc/home/magnus.menger/repos/mt-flink-1-20/out/configs/1760711539626.yml
STDOUT:
 Job has been submitted with JobID 3e4e07341eca6268c6970bf64ffb802d
Program execution finished
Job with JobID 3e4e07341eca6268c6970bf64ffb802d has finished.
Job Runtime: 524188 ms


STDERR:
 

-------

Experiment #56/86
Configuration: {'benchmark.operator': 'Baseline', 'data_generator.synthetic_field_count': 20}
Configuration file: /sc/home/magnus.menger/repos/mt-flink-1-20/out/configs/1760712069082.yml

Running command: /sc/home/magnus.menger/repos/mt-flink-1-20/flink-1.20.2/bin/flink run /sc/home/magnus.menger/repos/mt-flink-1-20/target/mt-flink-1-20-1.0-SNAPSHOT-fat.jar /sc/home/magnus.menger/repos/mt-flink-1-20/out/configs/1760712069082.yml
STDOUT:
 Job has been submitted with JobID fa0c1fffeb462092f47727204666c8bb
Program execution finished
Job with JobID fa0c1fffeb462092f47727204666c8bb has finished.
Job Runtime: 472813 ms


STDERR:
 

-------

Experiment #57/86
Configuration: {'benchmark.operator': 'AStream', 'data_generator.synthetic_field_count': 20}
Configuration file: /sc/home/magnus.menger/repos/mt-flink-1-20/out/configs/1760712546376.yml

Running command: /sc/home/magnus.menger/repos/mt-flink-1-20/flink-1.20.2/bin/flink run /sc/home/magnus.menger/repos/mt-flink-1-20/target/mt-flink-1-20-1.0-SNAPSHOT-fat.jar /sc/home/magnus.menger/repos/mt-flink-1-20/out/configs/1760712546376.yml
STDOUT:
 Job has been submitted with JobID 4bda8b5b7e2f4226501d897165b623cd
Program execution finished
Job with JobID 4bda8b5b7e2f4226501d897165b623cd has finished.
Job Runtime: 377480 ms


STDERR:
 

-------

Experiment #58/86
Configuration: {'benchmark.operator': 'Optimized', 'data_generator.synthetic_field_count': 20, 'query_generator.aggregations': ['min', 'max', 'count', 'sum', 'avg_shared']}
Configuration file: /sc/home/magnus.menger/repos/mt-flink-1-20/out/configs/1760712927506.yml

Running command: /sc/home/magnus.menger/repos/mt-flink-1-20/flink-1.20.2/bin/flink run /sc/home/magnus.menger/repos/mt-flink-1-20/target/mt-flink-1-20-1.0-SNAPSHOT-fat.jar /sc/home/magnus.menger/repos/mt-flink-1-20/out/configs/1760712927506.yml
STDOUT:
 Job has been submitted with JobID 9c3d8555f9014cf0f130fa3f58a0fb07
Program execution finished
Job with JobID 9c3d8555f9014cf0f130fa3f58a0fb07 has finished.
Job Runtime: 482435 ms


STDERR:
 

-------

Experiment #59/86
Configuration: {'benchmark.operator': 'Baseline', 'data_generator.synthetic_field_count': 50}
Configuration file: /sc/home/magnus.menger/repos/mt-flink-1-20/out/configs/1760713414901.yml

Running command: /sc/home/magnus.menger/repos/mt-flink-1-20/flink-1.20.2/bin/flink run /sc/home/magnus.menger/repos/mt-flink-1-20/target/mt-flink-1-20-1.0-SNAPSHOT-fat.jar /sc/home/magnus.menger/repos/mt-flink-1-20/out/configs/1760713414901.yml
STDOUT:
 Job has been submitted with JobID a8c02584938a6dac9d6fa3b2ed531916
Program execution finished
Job with JobID a8c02584938a6dac9d6fa3b2ed531916 has finished.
Job Runtime: 466395 ms


STDERR:
 

-------

Experiment #60/86
Configuration: {'benchmark.operator': 'AStream', 'data_generator.synthetic_field_count': 50}
Configuration file: /sc/home/magnus.menger/repos/mt-flink-1-20/out/configs/1760713885845.yml

Running command: /sc/home/magnus.menger/repos/mt-flink-1-20/flink-1.20.2/bin/flink run /sc/home/magnus.menger/repos/mt-flink-1-20/target/mt-flink-1-20-1.0-SNAPSHOT-fat.jar /sc/home/magnus.menger/repos/mt-flink-1-20/out/configs/1760713885845.yml
STDOUT:
 Job has been submitted with JobID 07bc8ebcf6027f2d23f4687027b42761
Program execution finished
Job with JobID 07bc8ebcf6027f2d23f4687027b42761 has finished.
Job Runtime: 376409 ms


STDERR:
 

-------

Experiment #61/86
Configuration: {'benchmark.operator': 'Optimized', 'data_generator.synthetic_field_count': 50, 'query_generator.aggregations': ['min', 'max', 'count', 'sum', 'avg_shared']}
Configuration file: /sc/home/magnus.menger/repos/mt-flink-1-20/out/configs/1760714266758.yml

Running command: /sc/home/magnus.menger/repos/mt-flink-1-20/flink-1.20.2/bin/flink run /sc/home/magnus.menger/repos/mt-flink-1-20/target/mt-flink-1-20-1.0-SNAPSHOT-fat.jar /sc/home/magnus.menger/repos/mt-flink-1-20/out/configs/1760714266758.yml
STDOUT:
 Job has been submitted with JobID 615cbc60d8007c7a3f8021f956d068fc
Program execution finished
Job with JobID 615cbc60d8007c7a3f8021f956d068fc has finished.
Job Runtime: 529402 ms


STDERR:
 

-------

Experiment #62/86
Configuration: {'benchmark.operator': 'Baseline', 'benchmark.parallelism': 2}
Configuration file: /sc/home/magnus.menger/repos/mt-flink-1-20/out/configs/1760714800319.yml

Running command: /sc/home/magnus.menger/repos/mt-flink-1-20/flink-1.20.2/bin/flink run /sc/home/magnus.menger/repos/mt-flink-1-20/target/mt-flink-1-20-1.0-SNAPSHOT-fat.jar /sc/home/magnus.menger/repos/mt-flink-1-20/out/configs/1760714800319.yml
STDOUT:
 Job has been submitted with JobID 7f2a3b9120eb4f78a560a4159ae534f4
Program execution finished
Job with JobID 7f2a3b9120eb4f78a560a4159ae534f4 has finished.
Job Runtime: 374042 ms


STDERR:
 

-------

Experiment #63/86
Configuration: {'benchmark.operator': 'AStream', 'benchmark.parallelism': 2}
Configuration file: /sc/home/magnus.menger/repos/mt-flink-1-20/out/configs/1760715178923.yml

Running command: /sc/home/magnus.menger/repos/mt-flink-1-20/flink-1.20.2/bin/flink run /sc/home/magnus.menger/repos/mt-flink-1-20/target/mt-flink-1-20-1.0-SNAPSHOT-fat.jar /sc/home/magnus.menger/repos/mt-flink-1-20/out/configs/1760715178923.yml
STDOUT:
 Job has been submitted with JobID 1cbd47a649322cec6272d563b144421a
Program execution finished
Job with JobID 1cbd47a649322cec6272d563b144421a has finished.
Job Runtime: 575026 ms


STDERR:
 

-------

Experiment #64/86
Configuration: {'benchmark.operator': 'Optimized', 'benchmark.parallelism': 2, 'query_generator.aggregations': ['min', 'max', 'count', 'sum', 'avg_shared']}
Configuration file: /sc/home/magnus.menger/repos/mt-flink-1-20/out/configs/1760715758046.yml

Running command: /sc/home/magnus.menger/repos/mt-flink-1-20/flink-1.20.2/bin/flink run /sc/home/magnus.menger/repos/mt-flink-1-20/target/mt-flink-1-20-1.0-SNAPSHOT-fat.jar /sc/home/magnus.menger/repos/mt-flink-1-20/out/configs/1760715758046.yml
STDOUT:
 Job has been submitted with JobID 9bd5ed38d296043c6d1ea97f12536af1
Program execution finished
Job with JobID 9bd5ed38d296043c6d1ea97f12536af1 has finished.
Job Runtime: 293553 ms


STDERR:
 

-------

Experiment #65/86
Configuration: {'benchmark.operator': 'Baseline', 'benchmark.parallelism': 4}
Configuration file: /sc/home/magnus.menger/repos/mt-flink-1-20/out/configs/1760716056697.yml

Running command: /sc/home/magnus.menger/repos/mt-flink-1-20/flink-1.20.2/bin/flink run /sc/home/magnus.menger/repos/mt-flink-1-20/target/mt-flink-1-20-1.0-SNAPSHOT-fat.jar /sc/home/magnus.menger/repos/mt-flink-1-20/out/configs/1760716056697.yml
STDOUT:
 Job has been submitted with JobID 46b8a788bf2e91290e8ea56c5ff820d4
Program execution finished
Job with JobID 46b8a788bf2e91290e8ea56c5ff820d4 has finished.
Job Runtime: 380767 ms


STDERR:
 

-------

Experiment #66/86
Configuration: {'benchmark.operator': 'AStream', 'benchmark.parallelism': 4}
Configuration file: /sc/home/magnus.menger/repos/mt-flink-1-20/out/configs/1760716441665.yml

Running command: /sc/home/magnus.menger/repos/mt-flink-1-20/flink-1.20.2/bin/flink run /sc/home/magnus.menger/repos/mt-flink-1-20/target/mt-flink-1-20-1.0-SNAPSHOT-fat.jar /sc/home/magnus.menger/repos/mt-flink-1-20/out/configs/1760716441665.yml
STDOUT:
 Job has been submitted with JobID 9ca9786d29b59fb07d9a8d0c16b62def
Program execution finished
Job with JobID 9ca9786d29b59fb07d9a8d0c16b62def has finished.
Job Runtime: 357800 ms


STDERR:
 

-------

Experiment #67/86
Configuration: {'benchmark.operator': 'Optimized', 'benchmark.parallelism': 4, 'query_generator.aggregations': ['min', 'max', 'count', 'sum', 'avg_shared']}
Configuration file: /sc/home/magnus.menger/repos/mt-flink-1-20/out/configs/1760716804282.yml

Running command: /sc/home/magnus.menger/repos/mt-flink-1-20/flink-1.20.2/bin/flink run /sc/home/magnus.menger/repos/mt-flink-1-20/target/mt-flink-1-20-1.0-SNAPSHOT-fat.jar /sc/home/magnus.menger/repos/mt-flink-1-20/out/configs/1760716804282.yml
STDOUT:
 Job has been submitted with JobID 54065cd8945d852f451bce9a234ecca1
Program execution finished
Job with JobID 54065cd8945d852f451bce9a234ecca1 has finished.
Job Runtime: 438670 ms


STDERR:
 

-------

Experiment #68/86
Configuration: {'benchmark.operator': 'Baseline', 'benchmark.parallelism': 8}
Configuration file: /sc/home/magnus.menger/repos/mt-flink-1-20/out/configs/1760717247256.yml

Running command: /sc/home/magnus.menger/repos/mt-flink-1-20/flink-1.20.2/bin/flink run /sc/home/magnus.menger/repos/mt-flink-1-20/target/mt-flink-1-20-1.0-SNAPSHOT-fat.jar /sc/home/magnus.menger/repos/mt-flink-1-20/out/configs/1760717247256.yml
STDOUT:
 Job has been submitted with JobID 2572f1dadd7df1043220620678c5d28f
Program execution finished
Job with JobID 2572f1dadd7df1043220620678c5d28f has finished.
Job Runtime: 414834 ms


STDERR:
 

-------

Experiment #69/86
Configuration: {'benchmark.operator': 'AStream', 'benchmark.parallelism': 8}
Configuration file: /sc/home/magnus.menger/repos/mt-flink-1-20/out/configs/1760717666287.yml

Running command: /sc/home/magnus.menger/repos/mt-flink-1-20/flink-1.20.2/bin/flink run /sc/home/magnus.menger/repos/mt-flink-1-20/target/mt-flink-1-20-1.0-SNAPSHOT-fat.jar /sc/home/magnus.menger/repos/mt-flink-1-20/out/configs/1760717666287.yml
STDOUT:
 Job has been submitted with JobID aca44a2688f856b97839cd86a935f08a
Program execution finished
Job with JobID aca44a2688f856b97839cd86a935f08a has finished.
Job Runtime: 332421 ms


STDERR:
 

-------

Experiment #70/86
Configuration: {'benchmark.operator': 'Optimized', 'benchmark.parallelism': 8, 'query_generator.aggregations': ['min', 'max', 'count', 'sum', 'avg_shared']}
Configuration file: /sc/home/magnus.menger/repos/mt-flink-1-20/out/configs/1760718003165.yml

Running command: /sc/home/magnus.menger/repos/mt-flink-1-20/flink-1.20.2/bin/flink run /sc/home/magnus.menger/repos/mt-flink-1-20/target/mt-flink-1-20-1.0-SNAPSHOT-fat.jar /sc/home/magnus.menger/repos/mt-flink-1-20/out/configs/1760718003165.yml
STDOUT:
 Job has been submitted with JobID 42a8c3c2f850980bc9d7de5aad483e17
Program execution finished
Job with JobID 42a8c3c2f850980bc9d7de5aad483e17 has finished.
Job Runtime: 335377 ms


STDERR:
 

-------

Experiment #71/86
Configuration: {'data_generator.data_source': 'Debs2013', 'benchmark.operator': 'Baseline', 'query_generator.max_parallelism': 1, 'query_generator.ending_per_batch': 0}
Configuration file: /sc/home/magnus.menger/repos/mt-flink-1-20/out/configs/1760718342003.yml

Running command: /sc/home/magnus.menger/repos/mt-flink-1-20/flink-1.20.2/bin/flink run /sc/home/magnus.menger/repos/mt-flink-1-20/target/mt-flink-1-20-1.0-SNAPSHOT-fat.jar /sc/home/magnus.menger/repos/mt-flink-1-20/out/configs/1760718342003.yml
STDOUT:
 Job has been submitted with JobID 8fb490079be5450406dfcf27cb25c441
Program execution finished
Job with JobID 8fb490079be5450406dfcf27cb25c441 has finished.
Job Runtime: 202290 ms


STDERR:
 

-------

Experiment #72/86
Configuration: {'data_generator.data_source': 'Debs2013', 'benchmark.operator': 'AStream', 'query_generator.max_parallelism': 1, 'query_generator.ending_per_batch': 0}
Configuration file: /sc/home/magnus.menger/repos/mt-flink-1-20/out/configs/1760718548380.yml

Running command: /sc/home/magnus.menger/repos/mt-flink-1-20/flink-1.20.2/bin/flink run /sc/home/magnus.menger/repos/mt-flink-1-20/target/mt-flink-1-20-1.0-SNAPSHOT-fat.jar /sc/home/magnus.menger/repos/mt-flink-1-20/out/configs/1760718548380.yml
STDOUT:
 Job has been submitted with JobID 387b5ee1124ff5329d5534fdb4f8597d
Program execution finished
Job with JobID 387b5ee1124ff5329d5534fdb4f8597d has finished.
Job Runtime: 202286 ms


STDERR:
 

-------

Experiment #73/86
Configuration: {'data_generator.data_source': 'Debs2013', 'benchmark.operator': 'Optimized', 'query_generator.max_parallelism': 1, 'query_generator.ending_per_batch': 0, 'query_generator.aggregations': ['min', 'max', 'count', 'sum', 'avg_shared']}
Configuration file: /sc/home/magnus.menger/repos/mt-flink-1-20/out/configs/1760718754758.yml

Running command: /sc/home/magnus.menger/repos/mt-flink-1-20/flink-1.20.2/bin/flink run /sc/home/magnus.menger/repos/mt-flink-1-20/target/mt-flink-1-20-1.0-SNAPSHOT-fat.jar /sc/home/magnus.menger/repos/mt-flink-1-20/out/configs/1760718754758.yml
STDOUT:
 Job has been submitted with JobID 94c04f388d57beea57eba1eeaa16ec3e
Program execution finished
Job with JobID 94c04f388d57beea57eba1eeaa16ec3e has finished.
Job Runtime: 202328 ms


STDERR:
 

-------

Experiment #74/86
Configuration: {'data_generator.data_source': 'Debs2013', 'benchmark.operator': 'Baseline', 'query_generator.max_parallelism': 50, 'query_generator.ending_per_batch': 5}
Configuration file: /sc/home/magnus.menger/repos/mt-flink-1-20/out/configs/1760718961177.yml

Running command: /sc/home/magnus.menger/repos/mt-flink-1-20/flink-1.20.2/bin/flink run /sc/home/magnus.menger/repos/mt-flink-1-20/target/mt-flink-1-20-1.0-SNAPSHOT-fat.jar /sc/home/magnus.menger/repos/mt-flink-1-20/out/configs/1760718961177.yml
STDOUT:
 Job has been submitted with JobID d56d7c9fff1ab176e34140e2d3ba917e
Program execution finished
Job with JobID d56d7c9fff1ab176e34140e2d3ba917e has finished.
Job Runtime: 602995 ms


STDERR:
 

-------

Experiment #75/86
Configuration: {'data_generator.data_source': 'Debs2013', 'benchmark.operator': 'AStream', 'query_generator.max_parallelism': 50, 'query_generator.ending_per_batch': 5}
Configuration file: /sc/home/magnus.menger/repos/mt-flink-1-20/out/configs/1760719568557.yml

Running command: /sc/home/magnus.menger/repos/mt-flink-1-20/flink-1.20.2/bin/flink run /sc/home/magnus.menger/repos/mt-flink-1-20/target/mt-flink-1-20-1.0-SNAPSHOT-fat.jar /sc/home/magnus.menger/repos/mt-flink-1-20/out/configs/1760719568557.yml
STDOUT:
 Job has been submitted with JobID 0923b72cb1ee75cce5488626154fae7e
Program execution finished
Job with JobID 0923b72cb1ee75cce5488626154fae7e has finished.
Job Runtime: 643319 ms


STDERR:
 

-------

Experiment #76/86
Configuration: {'data_generator.data_source': 'Debs2013', 'benchmark.operator': 'Optimized', 'query_generator.max_parallelism': 50, 'query_generator.ending_per_batch': 5, 'query_generator.aggregations': ['min', 'max', 'count', 'sum', 'avg_shared']}
Configuration file: /sc/home/magnus.menger/repos/mt-flink-1-20/out/configs/1760720216062.yml

Running command: /sc/home/magnus.menger/repos/mt-flink-1-20/flink-1.20.2/bin/flink run /sc/home/magnus.menger/repos/mt-flink-1-20/target/mt-flink-1-20-1.0-SNAPSHOT-fat.jar /sc/home/magnus.menger/repos/mt-flink-1-20/out/configs/1760720216062.yml
STDOUT:
 Job has been submitted with JobID c8810932e4e2cfd6a5c2e3c255fcbf5e
Program execution finished
Job with JobID c8810932e4e2cfd6a5c2e3c255fcbf5e has finished.
Job Runtime: 702442 ms


STDERR:
 

-------

Experiment #77/86
Configuration: {'data_generator.data_source': 'Debs2013', 'benchmark.operator': 'Baseline', 'query_generator.max_parallelism': 200, 'query_generator.ending_per_batch': 20}
Configuration file: /sc/home/magnus.menger/repos/mt-flink-1-20/out/configs/1760720921841.yml

Running command: /sc/home/magnus.menger/repos/mt-flink-1-20/flink-1.20.2/bin/flink run /sc/home/magnus.menger/repos/mt-flink-1-20/target/mt-flink-1-20-1.0-SNAPSHOT-fat.jar /sc/home/magnus.menger/repos/mt-flink-1-20/out/configs/1760720921841.yml
STDOUT:
 Job has been submitted with JobID 4e9bccf6bab30a4d5959bbcb3b0484ee
Program execution finished
Job with JobID 4e9bccf6bab30a4d5959bbcb3b0484ee has finished.
Job Runtime: 608585 ms


STDERR:
 

-------

Experiment #78/86
Configuration: {'data_generator.data_source': 'Debs2013', 'benchmark.operator': 'AStream', 'query_generator.max_parallelism': 200, 'query_generator.ending_per_batch': 20}
Configuration file: /sc/home/magnus.menger/repos/mt-flink-1-20/out/configs/1760721535273.yml

Running command: /sc/home/magnus.menger/repos/mt-flink-1-20/flink-1.20.2/bin/flink run /sc/home/magnus.menger/repos/mt-flink-1-20/target/mt-flink-1-20-1.0-SNAPSHOT-fat.jar /sc/home/magnus.menger/repos/mt-flink-1-20/out/configs/1760721535273.yml
STDOUT:
 Job has been submitted with JobID cdd8129179b807806ed062c403b60b80
Program execution finished
Job with JobID cdd8129179b807806ed062c403b60b80 has finished.
Job Runtime: 429477 ms


STDERR:
 

-------

Experiment #79/86
Configuration: {'data_generator.data_source': 'Debs2013', 'benchmark.operator': 'Optimized', 'query_generator.max_parallelism': 200, 'query_generator.ending_per_batch': 20, 'query_generator.aggregations': ['min', 'max', 'count', 'sum', 'avg_shared']}
Configuration file: /sc/home/magnus.menger/repos/mt-flink-1-20/out/configs/1760721968473.yml

Running command: /sc/home/magnus.menger/repos/mt-flink-1-20/flink-1.20.2/bin/flink run /sc/home/magnus.menger/repos/mt-flink-1-20/target/mt-flink-1-20-1.0-SNAPSHOT-fat.jar /sc/home/magnus.menger/repos/mt-flink-1-20/out/configs/1760721968473.yml
STDOUT:
 Job has been submitted with JobID 8e1576e7f379d992c09c48ccbcafe6c4
Program execution finished
Job with JobID 8e1576e7f379d992c09c48ccbcafe6c4 has finished.
Job Runtime: 518822 ms


STDERR:
 

-------

Experiment #80/86
Configuration: {'data_generator.data_source': 'Debs2013', 'benchmark.operator': 'Baseline', 'query_generator.max_parallelism': 1000, 'query_generator.ending_per_batch': 100}
Configuration file: /sc/home/magnus.menger/repos/mt-flink-1-20/out/configs/1760722491772.yml

Running command: /sc/home/magnus.menger/repos/mt-flink-1-20/flink-1.20.2/bin/flink run /sc/home/magnus.menger/repos/mt-flink-1-20/target/mt-flink-1-20-1.0-SNAPSHOT-fat.jar /sc/home/magnus.menger/repos/mt-flink-1-20/out/configs/1760722491772.yml
STDOUT:
 Job has been submitted with JobID eb6ebb400a3955c07364b035d75669d5
Program execution finished
Job with JobID eb6ebb400a3955c07364b035d75669d5 has finished.
Job Runtime: 480258 ms


STDERR:
 

-------

Experiment #81/86
Configuration: {'data_generator.data_source': 'Debs2013', 'benchmark.operator': 'AStream', 'query_generator.max_parallelism': 1000, 'query_generator.ending_per_batch': 100}
Configuration file: /sc/home/magnus.menger/repos/mt-flink-1-20/out/configs/1760722976861.yml

Running command: /sc/home/magnus.menger/repos/mt-flink-1-20/flink-1.20.2/bin/flink run /sc/home/magnus.menger/repos/mt-flink-1-20/target/mt-flink-1-20-1.0-SNAPSHOT-fat.jar /sc/home/magnus.menger/repos/mt-flink-1-20/out/configs/1760722976861.yml
STDOUT:
 Job has been submitted with JobID 52eb27094c2c8c94a972015202641897
Program execution finished
Job with JobID 52eb27094c2c8c94a972015202641897 has finished.
Job Runtime: 607780 ms


STDERR:
 

-------

Experiment #82/86
Configuration: {'data_generator.data_source': 'Debs2013', 'benchmark.operator': 'Optimized', 'query_generator.max_parallelism': 1000, 'query_generator.ending_per_batch': 100, 'query_generator.aggregations': ['min', 'max', 'count', 'sum', 'avg_shared']}
Configuration file: /sc/home/magnus.menger/repos/mt-flink-1-20/out/configs/1760723588289.yml

Running command: /sc/home/magnus.menger/repos/mt-flink-1-20/flink-1.20.2/bin/flink run /sc/home/magnus.menger/repos/mt-flink-1-20/target/mt-flink-1-20-1.0-SNAPSHOT-fat.jar /sc/home/magnus.menger/repos/mt-flink-1-20/out/configs/1760723588289.yml
STDOUT:
 Job has been submitted with JobID 6ae66be36590dac2a48cb0c1547791b8
Program execution finished
Job with JobID 6ae66be36590dac2a48cb0c1547791b8 has finished.
Job Runtime: 468126 ms


STDERR:
 

-------

Experiment #83/86
Configuration: {'data_generator.data_source': 'Debs2013', 'benchmark.operator': 'Baseline', 'query_generator.max_parallelism': 5000, 'query_generator.ending_per_batch': 500}
Configuration file: /sc/home/magnus.menger/repos/mt-flink-1-20/out/configs/1760724061514.yml

Running command: /sc/home/magnus.menger/repos/mt-flink-1-20/flink-1.20.2/bin/flink run /sc/home/magnus.menger/repos/mt-flink-1-20/target/mt-flink-1-20-1.0-SNAPSHOT-fat.jar /sc/home/magnus.menger/repos/mt-flink-1-20/out/configs/1760724061514.yml
STDOUT:
 Job has been submitted with JobID cf075709a31d47132d0db690ab6bcef0
Program execution finished
Job with JobID cf075709a31d47132d0db690ab6bcef0 has finished.
Job Runtime: 501501 ms


STDERR:
 

-------

Experiment #84/86
Configuration: {'data_generator.data_source': 'Debs2013', 'benchmark.operator': 'AStream', 'query_generator.max_parallelism': 5000, 'query_generator.ending_per_batch': 500}
Configuration file: /sc/home/magnus.menger/repos/mt-flink-1-20/out/configs/1760724566742.yml

Running command: /sc/home/magnus.menger/repos/mt-flink-1-20/flink-1.20.2/bin/flink run /sc/home/magnus.menger/repos/mt-flink-1-20/target/mt-flink-1-20-1.0-SNAPSHOT-fat.jar /sc/home/magnus.menger/repos/mt-flink-1-20/out/configs/1760724566742.yml
STDOUT:
 Job has been submitted with JobID c2e6280179223e574a9ef750fe8ad04c
Program execution finished
Job with JobID c2e6280179223e574a9ef750fe8ad04c has finished.
Job Runtime: 475316 ms


STDERR:
 

-------

Experiment #85/86
Configuration: {'data_generator.data_source': 'Debs2013', 'benchmark.operator': 'Optimized', 'query_generator.max_parallelism': 5000, 'query_generator.ending_per_batch': 500, 'query_generator.aggregations': ['min', 'max', 'count', 'sum', 'avg_shared']}
Configuration file: /sc/home/magnus.menger/repos/mt-flink-1-20/out/configs/1760725045890.yml

Running command: /sc/home/magnus.menger/repos/mt-flink-1-20/flink-1.20.2/bin/flink run /sc/home/magnus.menger/repos/mt-flink-1-20/target/mt-flink-1-20-1.0-SNAPSHOT-fat.jar /sc/home/magnus.menger/repos/mt-flink-1-20/out/configs/1760725045890.yml
STDOUT:
 Job has been submitted with JobID 3865b17d573924d4fbe4e06faf0608d6
Program execution finished
Job with JobID 3865b17d573924d4fbe4e06faf0608d6 has finished.
Job Runtime: 469945 ms


STDERR:
 

-------

Stopping taskexecutor daemon (pid: 1334339) on host cx20.
Stopping standalonesession daemon (pid: 1333792) on host cx20.
