+ JAVA=/sc/home/magnus.menger/java/jdk-11.0.28+6
+ FLINK_DIR=/sc/home/magnus.menger/repos/mt-flink-1-20/flink-1.20.2/bin
+ EXPERIMENT_SCRIPT=/sc/home/magnus.menger/repos/mt-plots/experiment_runner.py
+ export JAVA_HOME=/sc/home/magnus.menger/java/jdk-11.0.28+6
+ JAVA_HOME=/sc/home/magnus.menger/java/jdk-11.0.28+6
+ /sc/home/magnus.menger/repos/mt-flink-1-20/flink-1.20.2/bin/start-cluster.sh
Starting cluster.
Starting standalonesession daemon on host cx01.
Starting taskexecutor daemon on host cx01.
+ python /sc/home/magnus.menger/repos/mt-plots/experiment_runner.py
Script has working directory /sc/home/magnus.menger
Experiment #0/40
Configuration: {'query_generator.used_fields': 5, 'benchmark.operator': 'Baseline', 'query_generator.max_parallelism': 1, 'query_generator.ending_per_batch': 0}
Configuration file: /sc/home/magnus.menger/repos/mt-flink-1-20/out/configs/1755947455293.yml

Running command: /sc/home/magnus.menger/repos/mt-flink-1-20/flink-1.20.2/bin/flink run /sc/home/magnus.menger/repos/mt-flink-1-20/target/mt-flink-1-20-1.0-SNAPSHOT-fat.jar /sc/home/magnus.menger/repos/mt-flink-1-20/out/configs/1755947455293.yml
STDOUT:
 Job has been submitted with JobID d011c0dc6dacefd84bd1ab4f7ea45ee6
Program execution finished
Job with JobID d011c0dc6dacefd84bd1ab4f7ea45ee6 has finished.
Job Runtime: 301270 ms


STDERR:
 

-------

Experiment #1/40
Configuration: {'query_generator.used_fields': 5, 'benchmark.operator': 'AStream', 'query_generator.max_parallelism': 1, 'query_generator.ending_per_batch': 0}
Configuration file: /sc/home/magnus.menger/repos/mt-flink-1-20/out/configs/1755947763527.yml

Running command: /sc/home/magnus.menger/repos/mt-flink-1-20/flink-1.20.2/bin/flink run /sc/home/magnus.menger/repos/mt-flink-1-20/target/mt-flink-1-20-1.0-SNAPSHOT-fat.jar /sc/home/magnus.menger/repos/mt-flink-1-20/out/configs/1755947763527.yml
STDOUT:
 Job has been submitted with JobID 3515dfb83ea1aadb472eca7821c0afb2
Program execution finished
Job with JobID 3515dfb83ea1aadb472eca7821c0afb2 has finished.
Job Runtime: 300648 ms


STDERR:
 

-------

Experiment #2/40
Configuration: {'query_generator.used_fields': 5, 'benchmark.operator': 'Optimized', 'query_generator.max_parallelism': 1, 'query_generator.ending_per_batch': 0, 'query_generator.reuse_sum_and_count_for_avg': False}
Configuration file: /sc/home/magnus.menger/repos/mt-flink-1-20/out/configs/1755948069523.yml

Running command: /sc/home/magnus.menger/repos/mt-flink-1-20/flink-1.20.2/bin/flink run /sc/home/magnus.menger/repos/mt-flink-1-20/target/mt-flink-1-20-1.0-SNAPSHOT-fat.jar /sc/home/magnus.menger/repos/mt-flink-1-20/out/configs/1755948069523.yml
STDOUT:
 Job has been submitted with JobID df14c59b60107a0a0826d90369f1ac37
Program execution finished
Job with JobID df14c59b60107a0a0826d90369f1ac37 has finished.
Job Runtime: 300466 ms


STDERR:
 

-------

Experiment #3/40
Configuration: {'query_generator.used_fields': 5, 'benchmark.operator': 'Optimized', 'query_generator.max_parallelism': 1, 'query_generator.ending_per_batch': 0}
Configuration file: /sc/home/magnus.menger/repos/mt-flink-1-20/out/configs/1755948375253.yml

Running command: /sc/home/magnus.menger/repos/mt-flink-1-20/flink-1.20.2/bin/flink run /sc/home/magnus.menger/repos/mt-flink-1-20/target/mt-flink-1-20-1.0-SNAPSHOT-fat.jar /sc/home/magnus.menger/repos/mt-flink-1-20/out/configs/1755948375253.yml
STDOUT:
 Job has been submitted with JobID d10f47e1a488681d3195ecf1f43647e2
Program execution finished
Job with JobID d10f47e1a488681d3195ecf1f43647e2 has finished.
Job Runtime: 300448 ms


STDERR:
 

-------

Experiment #4/40
Configuration: {'query_generator.used_fields': 5, 'benchmark.operator': 'Baseline', 'query_generator.max_parallelism': 50, 'query_generator.ending_per_batch': 5}
Configuration file: /sc/home/magnus.menger/repos/mt-flink-1-20/out/configs/1755948680525.yml

Running command: /sc/home/magnus.menger/repos/mt-flink-1-20/flink-1.20.2/bin/flink run /sc/home/magnus.menger/repos/mt-flink-1-20/target/mt-flink-1-20-1.0-SNAPSHOT-fat.jar /sc/home/magnus.menger/repos/mt-flink-1-20/out/configs/1755948680525.yml
STDOUT:
 Job has been submitted with JobID 6d6017873df8e176a5470553e67f0513
Program execution finished
Job with JobID 6d6017873df8e176a5470553e67f0513 has finished.
Job Runtime: 300497 ms


STDERR:
 

-------

Experiment #5/40
Configuration: {'query_generator.used_fields': 5, 'benchmark.operator': 'AStream', 'query_generator.max_parallelism': 50, 'query_generator.ending_per_batch': 5}
Configuration file: /sc/home/magnus.menger/repos/mt-flink-1-20/out/configs/1755948985758.yml

Running command: /sc/home/magnus.menger/repos/mt-flink-1-20/flink-1.20.2/bin/flink run /sc/home/magnus.menger/repos/mt-flink-1-20/target/mt-flink-1-20-1.0-SNAPSHOT-fat.jar /sc/home/magnus.menger/repos/mt-flink-1-20/out/configs/1755948985758.yml
STDOUT:
 Job has been submitted with JobID 8d6a3784d54258b0ab5dea1e2f3b4783
Program execution finished
Job with JobID 8d6a3784d54258b0ab5dea1e2f3b4783 has finished.
Job Runtime: 300450 ms


STDERR:
 

-------

Experiment #6/40
Configuration: {'query_generator.used_fields': 5, 'benchmark.operator': 'Optimized', 'query_generator.max_parallelism': 50, 'query_generator.ending_per_batch': 5, 'query_generator.reuse_sum_and_count_for_avg': False}
Configuration file: /sc/home/magnus.menger/repos/mt-flink-1-20/out/configs/1755949291083.yml

Running command: /sc/home/magnus.menger/repos/mt-flink-1-20/flink-1.20.2/bin/flink run /sc/home/magnus.menger/repos/mt-flink-1-20/target/mt-flink-1-20-1.0-SNAPSHOT-fat.jar /sc/home/magnus.menger/repos/mt-flink-1-20/out/configs/1755949291083.yml
STDOUT:
 Job has been submitted with JobID 97c58094db6a71a11533c2311cfa9b53
Program execution finished
Job with JobID 97c58094db6a71a11533c2311cfa9b53 has finished.
Job Runtime: 300449 ms


STDERR:
 

-------

Experiment #7/40
Configuration: {'query_generator.used_fields': 5, 'benchmark.operator': 'Optimized', 'query_generator.max_parallelism': 50, 'query_generator.ending_per_batch': 5}
Configuration file: /sc/home/magnus.menger/repos/mt-flink-1-20/out/configs/1755949596298.yml

Running command: /sc/home/magnus.menger/repos/mt-flink-1-20/flink-1.20.2/bin/flink run /sc/home/magnus.menger/repos/mt-flink-1-20/target/mt-flink-1-20-1.0-SNAPSHOT-fat.jar /sc/home/magnus.menger/repos/mt-flink-1-20/out/configs/1755949596298.yml
STDOUT:
 Job has been submitted with JobID a8f5792e981d5afbb2ecb30e5fc77d7c
Program execution finished
Job with JobID a8f5792e981d5afbb2ecb30e5fc77d7c has finished.
Job Runtime: 300460 ms


STDERR:
 

-------

Experiment #8/40
Configuration: {'query_generator.used_fields': 5, 'benchmark.operator': 'Baseline', 'query_generator.max_parallelism': 200, 'query_generator.ending_per_batch': 20}
Configuration file: /sc/home/magnus.menger/repos/mt-flink-1-20/out/configs/1755949901623.yml

Running command: /sc/home/magnus.menger/repos/mt-flink-1-20/flink-1.20.2/bin/flink run /sc/home/magnus.menger/repos/mt-flink-1-20/target/mt-flink-1-20-1.0-SNAPSHOT-fat.jar /sc/home/magnus.menger/repos/mt-flink-1-20/out/configs/1755949901623.yml
STDOUT:
 Job has been submitted with JobID df1774ca42aa326114f66c7d71a9fd89
Program execution finished
Job with JobID df1774ca42aa326114f66c7d71a9fd89 has finished.
Job Runtime: 300461 ms


STDERR:
 

-------

Experiment #9/40
Configuration: {'query_generator.used_fields': 5, 'benchmark.operator': 'AStream', 'query_generator.max_parallelism': 200, 'query_generator.ending_per_batch': 20}
Configuration file: /sc/home/magnus.menger/repos/mt-flink-1-20/out/configs/1755950207134.yml

Running command: /sc/home/magnus.menger/repos/mt-flink-1-20/flink-1.20.2/bin/flink run /sc/home/magnus.menger/repos/mt-flink-1-20/target/mt-flink-1-20-1.0-SNAPSHOT-fat.jar /sc/home/magnus.menger/repos/mt-flink-1-20/out/configs/1755950207134.yml
STDOUT:
 Job has been submitted with JobID e7f70ba8a7c506289f050d5bd79530ac
Program execution finished
Job with JobID e7f70ba8a7c506289f050d5bd79530ac has finished.
Job Runtime: 300604 ms


STDERR:
 

-------

Experiment #10/40
Configuration: {'query_generator.used_fields': 5, 'benchmark.operator': 'Optimized', 'query_generator.max_parallelism': 200, 'query_generator.ending_per_batch': 20, 'query_generator.reuse_sum_and_count_for_avg': False}
Configuration file: /sc/home/magnus.menger/repos/mt-flink-1-20/out/configs/1755950513563.yml

Running command: /sc/home/magnus.menger/repos/mt-flink-1-20/flink-1.20.2/bin/flink run /sc/home/magnus.menger/repos/mt-flink-1-20/target/mt-flink-1-20-1.0-SNAPSHOT-fat.jar /sc/home/magnus.menger/repos/mt-flink-1-20/out/configs/1755950513563.yml
STDOUT:
 Job has been submitted with JobID 15b2df0e204c5e33f78dabdf6fd7c092
Program execution finished
Job with JobID 15b2df0e204c5e33f78dabdf6fd7c092 has finished.
Job Runtime: 300650 ms


STDERR:
 

-------

Experiment #11/40
Configuration: {'query_generator.used_fields': 5, 'benchmark.operator': 'Optimized', 'query_generator.max_parallelism': 200, 'query_generator.ending_per_batch': 20}
Configuration file: /sc/home/magnus.menger/repos/mt-flink-1-20/out/configs/1755950819950.yml

Running command: /sc/home/magnus.menger/repos/mt-flink-1-20/flink-1.20.2/bin/flink run /sc/home/magnus.menger/repos/mt-flink-1-20/target/mt-flink-1-20-1.0-SNAPSHOT-fat.jar /sc/home/magnus.menger/repos/mt-flink-1-20/out/configs/1755950819950.yml
STDOUT:
 Job has been submitted with JobID 18a12851ff78ca4ee87796dda5b7af2d
Program execution finished
Job with JobID 18a12851ff78ca4ee87796dda5b7af2d has finished.
Job Runtime: 300602 ms


STDERR:
 

-------

Experiment #12/40
Configuration: {'query_generator.used_fields': 5, 'benchmark.operator': 'Baseline', 'query_generator.max_parallelism': 1000, 'query_generator.ending_per_batch': 100}
Configuration file: /sc/home/magnus.menger/repos/mt-flink-1-20/out/configs/1755951126895.yml

Running command: /sc/home/magnus.menger/repos/mt-flink-1-20/flink-1.20.2/bin/flink run /sc/home/magnus.menger/repos/mt-flink-1-20/target/mt-flink-1-20-1.0-SNAPSHOT-fat.jar /sc/home/magnus.menger/repos/mt-flink-1-20/out/configs/1755951126895.yml
STDOUT:
 Job has been submitted with JobID 2982f4bbbb6ed5b512f84665f100d5ae
Program execution finished
Job with JobID 2982f4bbbb6ed5b512f84665f100d5ae has finished.
Job Runtime: 300609 ms


STDERR:
 

-------

Experiment #13/40
Configuration: {'query_generator.used_fields': 5, 'benchmark.operator': 'AStream', 'query_generator.max_parallelism': 1000, 'query_generator.ending_per_batch': 100}
Configuration file: /sc/home/magnus.menger/repos/mt-flink-1-20/out/configs/1755951433539.yml

Running command: /sc/home/magnus.menger/repos/mt-flink-1-20/flink-1.20.2/bin/flink run /sc/home/magnus.menger/repos/mt-flink-1-20/target/mt-flink-1-20-1.0-SNAPSHOT-fat.jar /sc/home/magnus.menger/repos/mt-flink-1-20/out/configs/1755951433539.yml
STDOUT:
 Job has been submitted with JobID 52680c41a64c0db9fc3f4f6f97253d43
Program execution finished
Job with JobID 52680c41a64c0db9fc3f4f6f97253d43 has finished.
Job Runtime: 300471 ms


STDERR:
 

-------

Experiment #14/40
Configuration: {'query_generator.used_fields': 5, 'benchmark.operator': 'Optimized', 'query_generator.max_parallelism': 1000, 'query_generator.ending_per_batch': 100, 'query_generator.reuse_sum_and_count_for_avg': False}
Configuration file: /sc/home/magnus.menger/repos/mt-flink-1-20/out/configs/1755951738896.yml

Running command: /sc/home/magnus.menger/repos/mt-flink-1-20/flink-1.20.2/bin/flink run /sc/home/magnus.menger/repos/mt-flink-1-20/target/mt-flink-1-20-1.0-SNAPSHOT-fat.jar /sc/home/magnus.menger/repos/mt-flink-1-20/out/configs/1755951738896.yml
STDOUT:
 Job has been submitted with JobID 747d07683aa4c4505feb35fcc3203d13
Program execution finished
Job with JobID 747d07683aa4c4505feb35fcc3203d13 has finished.
Job Runtime: 300487 ms


STDERR:
 

-------

Experiment #15/40
Configuration: {'query_generator.used_fields': 5, 'benchmark.operator': 'Optimized', 'query_generator.max_parallelism': 1000, 'query_generator.ending_per_batch': 100}
Configuration file: /sc/home/magnus.menger/repos/mt-flink-1-20/out/configs/1755952044677.yml

Running command: /sc/home/magnus.menger/repos/mt-flink-1-20/flink-1.20.2/bin/flink run /sc/home/magnus.menger/repos/mt-flink-1-20/target/mt-flink-1-20-1.0-SNAPSHOT-fat.jar /sc/home/magnus.menger/repos/mt-flink-1-20/out/configs/1755952044677.yml
STDOUT:
 Job has been submitted with JobID 879d3a9ce88b249504d4b62703b73223
Program execution finished
Job with JobID 879d3a9ce88b249504d4b62703b73223 has finished.
Job Runtime: 300533 ms


STDERR:
 

-------

Experiment #16/40
Configuration: {'query_generator.used_fields': 5, 'benchmark.operator': 'Baseline', 'query_generator.max_parallelism': 5000, 'query_generator.ending_per_batch': 500}
Configuration file: /sc/home/magnus.menger/repos/mt-flink-1-20/out/configs/1755952350306.yml

Running command: /sc/home/magnus.menger/repos/mt-flink-1-20/flink-1.20.2/bin/flink run /sc/home/magnus.menger/repos/mt-flink-1-20/target/mt-flink-1-20-1.0-SNAPSHOT-fat.jar /sc/home/magnus.menger/repos/mt-flink-1-20/out/configs/1755952350306.yml
STDOUT:
 Job has been submitted with JobID f35a0100147650662f11276d99c04807
Program execution finished
Job with JobID f35a0100147650662f11276d99c04807 has finished.
Job Runtime: 300534 ms


STDERR:
 

-------

Experiment #17/40
Configuration: {'query_generator.used_fields': 5, 'benchmark.operator': 'AStream', 'query_generator.max_parallelism': 5000, 'query_generator.ending_per_batch': 500}
Configuration file: /sc/home/magnus.menger/repos/mt-flink-1-20/out/configs/1755952655922.yml

Running command: /sc/home/magnus.menger/repos/mt-flink-1-20/flink-1.20.2/bin/flink run /sc/home/magnus.menger/repos/mt-flink-1-20/target/mt-flink-1-20-1.0-SNAPSHOT-fat.jar /sc/home/magnus.menger/repos/mt-flink-1-20/out/configs/1755952655922.yml
STDOUT:
 Job has been submitted with JobID 3586c70aed40ab00dc266d772633043b
Program execution finished
Job with JobID 3586c70aed40ab00dc266d772633043b has finished.
Job Runtime: 300539 ms


STDERR:
 

-------

Experiment #18/40
Configuration: {'query_generator.used_fields': 5, 'benchmark.operator': 'Optimized', 'query_generator.max_parallelism': 5000, 'query_generator.ending_per_batch': 500, 'query_generator.reuse_sum_and_count_for_avg': False}
Configuration file: /sc/home/magnus.menger/repos/mt-flink-1-20/out/configs/1755952961379.yml

Running command: /sc/home/magnus.menger/repos/mt-flink-1-20/flink-1.20.2/bin/flink run /sc/home/magnus.menger/repos/mt-flink-1-20/target/mt-flink-1-20-1.0-SNAPSHOT-fat.jar /sc/home/magnus.menger/repos/mt-flink-1-20/out/configs/1755952961379.yml
STDOUT:
 Job has been submitted with JobID c7a26e619642b90a0099a33bb1e8b835
Program execution finished
Job with JobID c7a26e619642b90a0099a33bb1e8b835 has finished.
Job Runtime: 300611 ms


STDERR:
 

-------

Experiment #19/40
Configuration: {'query_generator.used_fields': 5, 'benchmark.operator': 'Optimized', 'query_generator.max_parallelism': 5000, 'query_generator.ending_per_batch': 500}
Configuration file: /sc/home/magnus.menger/repos/mt-flink-1-20/out/configs/1755953266867.yml

Running command: /sc/home/magnus.menger/repos/mt-flink-1-20/flink-1.20.2/bin/flink run /sc/home/magnus.menger/repos/mt-flink-1-20/target/mt-flink-1-20-1.0-SNAPSHOT-fat.jar /sc/home/magnus.menger/repos/mt-flink-1-20/out/configs/1755953266867.yml
STDOUT:
 Job has been submitted with JobID 0e87084f210a3994b714ac7597dd29ea
Program execution finished
Job with JobID 0e87084f210a3994b714ac7597dd29ea has finished.
Job Runtime: 300643 ms


STDERR:
 

-------

Experiment #20/40
Configuration: {'query_generator.used_fields': 5, 'benchmark.operator': 'Baseline', 'query_generator.different_aggregations': 1}
Configuration file: /sc/home/magnus.menger/repos/mt-flink-1-20/out/configs/1755953572321.yml

Running command: /sc/home/magnus.menger/repos/mt-flink-1-20/flink-1.20.2/bin/flink run /sc/home/magnus.menger/repos/mt-flink-1-20/target/mt-flink-1-20-1.0-SNAPSHOT-fat.jar /sc/home/magnus.menger/repos/mt-flink-1-20/out/configs/1755953572321.yml
STDOUT:
 Job has been submitted with JobID 753892e16542b19e735e7993e2feaa32
Program execution finished
Job with JobID 753892e16542b19e735e7993e2feaa32 has finished.
Job Runtime: 300454 ms


STDERR:
 

-------

Experiment #21/40
Configuration: {'query_generator.used_fields': 5, 'benchmark.operator': 'AStream', 'query_generator.different_aggregations': 1}
Configuration file: /sc/home/magnus.menger/repos/mt-flink-1-20/out/configs/1755953877738.yml

Running command: /sc/home/magnus.menger/repos/mt-flink-1-20/flink-1.20.2/bin/flink run /sc/home/magnus.menger/repos/mt-flink-1-20/target/mt-flink-1-20-1.0-SNAPSHOT-fat.jar /sc/home/magnus.menger/repos/mt-flink-1-20/out/configs/1755953877738.yml
STDOUT:
 Job has been submitted with JobID fc3d28f882a38b9dbf33aa6c38b4e65c
Program execution finished
Job with JobID fc3d28f882a38b9dbf33aa6c38b4e65c has finished.
Job Runtime: 300449 ms


STDERR:
 

-------

Experiment #22/40
Configuration: {'query_generator.used_fields': 5, 'benchmark.operator': 'Optimized', 'query_generator.different_aggregations': 1, 'query_generator.reuse_sum_and_count_for_avg': False}
Configuration file: /sc/home/magnus.menger/repos/mt-flink-1-20/out/configs/1755954183391.yml

Running command: /sc/home/magnus.menger/repos/mt-flink-1-20/flink-1.20.2/bin/flink run /sc/home/magnus.menger/repos/mt-flink-1-20/target/mt-flink-1-20-1.0-SNAPSHOT-fat.jar /sc/home/magnus.menger/repos/mt-flink-1-20/out/configs/1755954183391.yml
STDOUT:
 Job has been submitted with JobID 29e200035641e5febbf9acf3d94cb636
Program execution finished
Job with JobID 29e200035641e5febbf9acf3d94cb636 has finished.
Job Runtime: 300443 ms


STDERR:
 

-------

Experiment #23/40
Configuration: {'query_generator.used_fields': 5, 'benchmark.operator': 'Optimized', 'query_generator.different_aggregations': 1}
Configuration file: /sc/home/magnus.menger/repos/mt-flink-1-20/out/configs/1755954488895.yml

Running command: /sc/home/magnus.menger/repos/mt-flink-1-20/flink-1.20.2/bin/flink run /sc/home/magnus.menger/repos/mt-flink-1-20/target/mt-flink-1-20-1.0-SNAPSHOT-fat.jar /sc/home/magnus.menger/repos/mt-flink-1-20/out/configs/1755954488895.yml
STDOUT:
 Job has been submitted with JobID 88ce362f2104063987de59803ebd6f4e
Program execution finished
Job with JobID 88ce362f2104063987de59803ebd6f4e has finished.
Job Runtime: 300434 ms


STDERR:
 

-------

Experiment #24/40
Configuration: {'query_generator.used_fields': 5, 'benchmark.operator': 'Baseline', 'query_generator.different_aggregations': 5}
Configuration file: /sc/home/magnus.menger/repos/mt-flink-1-20/out/configs/1755954794232.yml

Running command: /sc/home/magnus.menger/repos/mt-flink-1-20/flink-1.20.2/bin/flink run /sc/home/magnus.menger/repos/mt-flink-1-20/target/mt-flink-1-20-1.0-SNAPSHOT-fat.jar /sc/home/magnus.menger/repos/mt-flink-1-20/out/configs/1755954794232.yml
STDOUT:
 Job has been submitted with JobID 56dbebf491395ada14dd7e4f2bc87130
Program execution finished
Job with JobID 56dbebf491395ada14dd7e4f2bc87130 has finished.
Job Runtime: 300452 ms


STDERR:
 

-------

Experiment #25/40
Configuration: {'query_generator.used_fields': 5, 'benchmark.operator': 'AStream', 'query_generator.different_aggregations': 5}
Configuration file: /sc/home/magnus.menger/repos/mt-flink-1-20/out/configs/1755955099668.yml

Running command: /sc/home/magnus.menger/repos/mt-flink-1-20/flink-1.20.2/bin/flink run /sc/home/magnus.menger/repos/mt-flink-1-20/target/mt-flink-1-20-1.0-SNAPSHOT-fat.jar /sc/home/magnus.menger/repos/mt-flink-1-20/out/configs/1755955099668.yml
STDOUT:
 Job has been submitted with JobID 79d2892ee3d9f5174437a73624c6f251
Program execution finished
Job with JobID 79d2892ee3d9f5174437a73624c6f251 has finished.
Job Runtime: 300447 ms


STDERR:
 

-------

Experiment #26/40
Configuration: {'query_generator.used_fields': 5, 'benchmark.operator': 'Optimized', 'query_generator.different_aggregations': 5, 'query_generator.reuse_sum_and_count_for_avg': False}
Configuration file: /sc/home/magnus.menger/repos/mt-flink-1-20/out/configs/1755955405024.yml

Running command: /sc/home/magnus.menger/repos/mt-flink-1-20/flink-1.20.2/bin/flink run /sc/home/magnus.menger/repos/mt-flink-1-20/target/mt-flink-1-20-1.0-SNAPSHOT-fat.jar /sc/home/magnus.menger/repos/mt-flink-1-20/out/configs/1755955405024.yml
STDOUT:
 Job has been submitted with JobID 8a74cb6cd0d3722640f7c7ced9fd93f5
Program execution finished
Job with JobID 8a74cb6cd0d3722640f7c7ced9fd93f5 has finished.
Job Runtime: 300459 ms


STDERR:
 

-------

Experiment #27/40
Configuration: {'query_generator.used_fields': 5, 'benchmark.operator': 'Optimized', 'query_generator.different_aggregations': 5}
Configuration file: /sc/home/magnus.menger/repos/mt-flink-1-20/out/configs/1755955710397.yml

Running command: /sc/home/magnus.menger/repos/mt-flink-1-20/flink-1.20.2/bin/flink run /sc/home/magnus.menger/repos/mt-flink-1-20/target/mt-flink-1-20-1.0-SNAPSHOT-fat.jar /sc/home/magnus.menger/repos/mt-flink-1-20/out/configs/1755955710397.yml
STDOUT:
 Job has been submitted with JobID 12715794ed04ff81e35a387548bc7442
Program execution finished
Job with JobID 12715794ed04ff81e35a387548bc7442 has finished.
Job Runtime: 300624 ms


STDERR:
 

-------

Experiment #28/40
Configuration: {'query_generator.used_fields': 5, 'benchmark.operator': 'Baseline', 'query_generator.different_aggregations': 15}
Configuration file: /sc/home/magnus.menger/repos/mt-flink-1-20/out/configs/1755956016569.yml

Running command: /sc/home/magnus.menger/repos/mt-flink-1-20/flink-1.20.2/bin/flink run /sc/home/magnus.menger/repos/mt-flink-1-20/target/mt-flink-1-20-1.0-SNAPSHOT-fat.jar /sc/home/magnus.menger/repos/mt-flink-1-20/out/configs/1755956016569.yml
STDOUT:
 Job has been submitted with JobID 69257070de274708c8b62b14cedc1f90
Program execution finished
Job with JobID 69257070de274708c8b62b14cedc1f90 has finished.
Job Runtime: 300443 ms


STDERR:
 

-------

Experiment #29/40
Configuration: {'query_generator.used_fields': 5, 'benchmark.operator': 'AStream', 'query_generator.different_aggregations': 15}
Configuration file: /sc/home/magnus.menger/repos/mt-flink-1-20/out/configs/1755956321925.yml

Running command: /sc/home/magnus.menger/repos/mt-flink-1-20/flink-1.20.2/bin/flink run /sc/home/magnus.menger/repos/mt-flink-1-20/target/mt-flink-1-20-1.0-SNAPSHOT-fat.jar /sc/home/magnus.menger/repos/mt-flink-1-20/out/configs/1755956321925.yml
STDOUT:
 Job has been submitted with JobID 9c303687f9badd26d31fda505e08f1ff
Program execution finished
Job with JobID 9c303687f9badd26d31fda505e08f1ff has finished.
Job Runtime: 300423 ms


STDERR:
 

-------

Experiment #30/40
Configuration: {'query_generator.used_fields': 5, 'benchmark.operator': 'Optimized', 'query_generator.different_aggregations': 15, 'query_generator.reuse_sum_and_count_for_avg': False}
Configuration file: /sc/home/magnus.menger/repos/mt-flink-1-20/out/configs/1755956627352.yml

Running command: /sc/home/magnus.menger/repos/mt-flink-1-20/flink-1.20.2/bin/flink run /sc/home/magnus.menger/repos/mt-flink-1-20/target/mt-flink-1-20-1.0-SNAPSHOT-fat.jar /sc/home/magnus.menger/repos/mt-flink-1-20/out/configs/1755956627352.yml
STDOUT:
 Job has been submitted with JobID e86dc6959059273f719e61a120592277
Program execution finished
Job with JobID e86dc6959059273f719e61a120592277 has finished.
Job Runtime: 300425 ms


STDERR:
 

-------

Experiment #31/40
Configuration: {'query_generator.used_fields': 5, 'benchmark.operator': 'Optimized', 'query_generator.different_aggregations': 15}
Configuration file: /sc/home/magnus.menger/repos/mt-flink-1-20/out/configs/1755956932731.yml

Running command: /sc/home/magnus.menger/repos/mt-flink-1-20/flink-1.20.2/bin/flink run /sc/home/magnus.menger/repos/mt-flink-1-20/target/mt-flink-1-20-1.0-SNAPSHOT-fat.jar /sc/home/magnus.menger/repos/mt-flink-1-20/out/configs/1755956932731.yml
STDOUT:
 Job has been submitted with JobID 2a9a846246de6bc61bc16b87c54a8b84
Program execution finished
Job with JobID 2a9a846246de6bc61bc16b87c54a8b84 has finished.
Job Runtime: 300454 ms


STDERR:
 

-------

Experiment #32/40
Configuration: {'query_generator.used_fields': 5, 'benchmark.operator': 'Baseline', 'query_generator.different_filters': 50}
Configuration file: /sc/home/magnus.menger/repos/mt-flink-1-20/out/configs/1755957237992.yml

Running command: /sc/home/magnus.menger/repos/mt-flink-1-20/flink-1.20.2/bin/flink run /sc/home/magnus.menger/repos/mt-flink-1-20/target/mt-flink-1-20-1.0-SNAPSHOT-fat.jar /sc/home/magnus.menger/repos/mt-flink-1-20/out/configs/1755957237992.yml
STDOUT:
 Job has been submitted with JobID 538a67b7da1b60a9d79371ae7fa0e9c3
Program execution finished
Job with JobID 538a67b7da1b60a9d79371ae7fa0e9c3 has finished.
Job Runtime: 300432 ms


STDERR:
 

-------

Experiment #33/40
Configuration: {'query_generator.used_fields': 5, 'benchmark.operator': 'AStream', 'query_generator.different_filters': 50}
Configuration file: /sc/home/magnus.menger/repos/mt-flink-1-20/out/configs/1755957543335.yml

Running command: /sc/home/magnus.menger/repos/mt-flink-1-20/flink-1.20.2/bin/flink run /sc/home/magnus.menger/repos/mt-flink-1-20/target/mt-flink-1-20-1.0-SNAPSHOT-fat.jar /sc/home/magnus.menger/repos/mt-flink-1-20/out/configs/1755957543335.yml
STDOUT:
 Job has been submitted with JobID 81af97cfab616fbc3e1e916f5a825af1
Program execution finished
Job with JobID 81af97cfab616fbc3e1e916f5a825af1 has finished.
Job Runtime: 300504 ms


STDERR:
 

-------

Experiment #34/40
Configuration: {'query_generator.used_fields': 5, 'benchmark.operator': 'Optimized', 'query_generator.different_filters': 50, 'query_generator.reuse_sum_and_count_for_avg': False}
Configuration file: /sc/home/magnus.menger/repos/mt-flink-1-20/out/configs/1755957848769.yml

Running command: /sc/home/magnus.menger/repos/mt-flink-1-20/flink-1.20.2/bin/flink run /sc/home/magnus.menger/repos/mt-flink-1-20/target/mt-flink-1-20-1.0-SNAPSHOT-fat.jar /sc/home/magnus.menger/repos/mt-flink-1-20/out/configs/1755957848769.yml
STDOUT:
 Job has been submitted with JobID 5f9f9416851f06c1d3a3eb0c26e80c90
Program execution finished
Job with JobID 5f9f9416851f06c1d3a3eb0c26e80c90 has finished.
Job Runtime: 300502 ms


STDERR:
 

-------

Experiment #35/40
Configuration: {'query_generator.used_fields': 5, 'benchmark.operator': 'Optimized', 'query_generator.different_filters': 50}
Configuration file: /sc/home/magnus.menger/repos/mt-flink-1-20/out/configs/1755958154059.yml

Running command: /sc/home/magnus.menger/repos/mt-flink-1-20/flink-1.20.2/bin/flink run /sc/home/magnus.menger/repos/mt-flink-1-20/target/mt-flink-1-20-1.0-SNAPSHOT-fat.jar /sc/home/magnus.menger/repos/mt-flink-1-20/out/configs/1755958154059.yml
STDOUT:
 Job has been submitted with JobID 3f9a59ba17f424156a57857d5ed79505
Program execution finished
Job with JobID 3f9a59ba17f424156a57857d5ed79505 has finished.
Job Runtime: 300414 ms


STDERR:
 

-------

Experiment #36/40
Configuration: {'query_generator.used_fields': 5, 'benchmark.operator': 'Baseline', 'query_generator.different_filters': 200}
Configuration file: /sc/home/magnus.menger/repos/mt-flink-1-20/out/configs/1755958459209.yml

Running command: /sc/home/magnus.menger/repos/mt-flink-1-20/flink-1.20.2/bin/flink run /sc/home/magnus.menger/repos/mt-flink-1-20/target/mt-flink-1-20-1.0-SNAPSHOT-fat.jar /sc/home/magnus.menger/repos/mt-flink-1-20/out/configs/1755958459209.yml
STDOUT:
 Job has been submitted with JobID f4d01683ce27e1960675c9f99d7aeda4
Program execution finished
Job with JobID f4d01683ce27e1960675c9f99d7aeda4 has finished.
Job Runtime: 300440 ms


STDERR:
 

-------

Experiment #37/40
Configuration: {'query_generator.used_fields': 5, 'benchmark.operator': 'AStream', 'query_generator.different_filters': 200}
Configuration file: /sc/home/magnus.menger/repos/mt-flink-1-20/out/configs/1755958764456.yml

Running command: /sc/home/magnus.menger/repos/mt-flink-1-20/flink-1.20.2/bin/flink run /sc/home/magnus.menger/repos/mt-flink-1-20/target/mt-flink-1-20-1.0-SNAPSHOT-fat.jar /sc/home/magnus.menger/repos/mt-flink-1-20/out/configs/1755958764456.yml
STDOUT:
 Job has been submitted with JobID dc285623398280f3065ed9c2da8d4b8e
Program execution finished
Job with JobID dc285623398280f3065ed9c2da8d4b8e has finished.
Job Runtime: 300453 ms


STDERR:
 

-------

Experiment #38/40
Configuration: {'query_generator.used_fields': 5, 'benchmark.operator': 'Optimized', 'query_generator.different_filters': 200, 'query_generator.reuse_sum_and_count_for_avg': False}
Configuration file: /sc/home/magnus.menger/repos/mt-flink-1-20/out/configs/1755959069791.yml

Running command: /sc/home/magnus.menger/repos/mt-flink-1-20/flink-1.20.2/bin/flink run /sc/home/magnus.menger/repos/mt-flink-1-20/target/mt-flink-1-20-1.0-SNAPSHOT-fat.jar /sc/home/magnus.menger/repos/mt-flink-1-20/out/configs/1755959069791.yml
STDOUT:
 Job has been submitted with JobID e3196fd201edf40c82d82a6873ac2396
Program execution finished
Job with JobID e3196fd201edf40c82d82a6873ac2396 has finished.
Job Runtime: 300431 ms


STDERR:
 

-------

Experiment #39/40
Configuration: {'query_generator.used_fields': 5, 'benchmark.operator': 'Optimized', 'query_generator.different_filters': 200}
Configuration file: /sc/home/magnus.menger/repos/mt-flink-1-20/out/configs/1755959374953.yml

Running command: /sc/home/magnus.menger/repos/mt-flink-1-20/flink-1.20.2/bin/flink run /sc/home/magnus.menger/repos/mt-flink-1-20/target/mt-flink-1-20-1.0-SNAPSHOT-fat.jar /sc/home/magnus.menger/repos/mt-flink-1-20/out/configs/1755959374953.yml
STDOUT:
 Job has been submitted with JobID e2d89524889ddd664ec5c6c957e439f9
Program execution finished
Job with JobID e2d89524889ddd664ec5c6c957e439f9 has finished.
Job Runtime: 300462 ms


STDERR:
 

-------

+ /sc/home/magnus.menger/repos/mt-flink-1-20/flink-1.20.2/bin/stop-cluster.sh
Stopping taskexecutor daemon (pid: 1182246) on host cx01.
Stopping standalonesession daemon (pid: 1181681) on host cx01.
