Starting cluster.
Starting standalonesession daemon on host cx03.
Starting taskexecutor daemon on host cx03.
Script has working directory /sc/home/magnus.menger
Experiment #0/86
Configuration: {'benchmark.operator': 'Baseline', 'query_generator.max_parallelism': 1, 'query_generator.ending_per_batch': 0}
Configuration file: /sc/home/magnus.menger/repos/mt-flink-1-20/out/configs/1760604159805.yml

Running command: /sc/home/magnus.menger/repos/mt-flink-1-20/flink-1.20.2/bin/flink run /sc/home/magnus.menger/repos/mt-flink-1-20/target/mt-flink-1-20-1.0-SNAPSHOT-fat.jar /sc/home/magnus.menger/repos/mt-flink-1-20/out/configs/1760604159805.yml
STDOUT:
 Job has been submitted with JobID 840ed8c1a3182982a083afb0a8154b70
Program execution finished
Job with JobID 840ed8c1a3182982a083afb0a8154b70 has finished.
Job Runtime: 308657 ms


STDERR:
 

-------

Experiment #1/86
Configuration: {'benchmark.operator': 'AStream', 'query_generator.max_parallelism': 1, 'query_generator.ending_per_batch': 0}
Configuration file: /sc/home/magnus.menger/repos/mt-flink-1-20/out/configs/1760604474596.yml

Running command: /sc/home/magnus.menger/repos/mt-flink-1-20/flink-1.20.2/bin/flink run /sc/home/magnus.menger/repos/mt-flink-1-20/target/mt-flink-1-20-1.0-SNAPSHOT-fat.jar /sc/home/magnus.menger/repos/mt-flink-1-20/out/configs/1760604474596.yml
STDOUT:
 Job has been submitted with JobID 09d3d20c4acb00a771b2bdd69db1a2e0
Program execution finished
Job with JobID 09d3d20c4acb00a771b2bdd69db1a2e0 has finished.
Job Runtime: 383928 ms


STDERR:
 

-------

Experiment #2/86
Configuration: {'benchmark.operator': 'Optimized', 'query_generator.max_parallelism': 1, 'query_generator.ending_per_batch': 0}
Configuration file: /sc/home/magnus.menger/repos/mt-flink-1-20/out/configs/1760604864079.yml

Running command: /sc/home/magnus.menger/repos/mt-flink-1-20/flink-1.20.2/bin/flink run /sc/home/magnus.menger/repos/mt-flink-1-20/target/mt-flink-1-20-1.0-SNAPSHOT-fat.jar /sc/home/magnus.menger/repos/mt-flink-1-20/out/configs/1760604864079.yml
STDOUT:
 Job has been submitted with JobID 3089d3af879f6a4533074ed14a739488
Program execution finished
Job with JobID 3089d3af879f6a4533074ed14a739488 has finished.
Job Runtime: 308571 ms


STDERR:
 

-------

Experiment #3/86
Configuration: {'benchmark.operator': 'Optimized', 'query_generator.max_parallelism': 1, 'query_generator.ending_per_batch': 0, 'query_generator.aggregations': ['min', 'max', 'count', 'sum', 'avg_shared']}
Configuration file: /sc/home/magnus.menger/repos/mt-flink-1-20/out/configs/1760605177340.yml

Running command: /sc/home/magnus.menger/repos/mt-flink-1-20/flink-1.20.2/bin/flink run /sc/home/magnus.menger/repos/mt-flink-1-20/target/mt-flink-1-20-1.0-SNAPSHOT-fat.jar /sc/home/magnus.menger/repos/mt-flink-1-20/out/configs/1760605177340.yml
STDOUT:
 Job has been submitted with JobID 54855b11c7768b585e8ebcbe34df42a3
Program execution finished
Job with JobID 54855b11c7768b585e8ebcbe34df42a3 has finished.
Job Runtime: 425499 ms


STDERR:
 

-------

Experiment #4/86
Configuration: {'benchmark.operator': 'Baseline', 'query_generator.max_parallelism': 50, 'query_generator.ending_per_batch': 5}
Configuration file: /sc/home/magnus.menger/repos/mt-flink-1-20/out/configs/1760605606633.yml

Running command: /sc/home/magnus.menger/repos/mt-flink-1-20/flink-1.20.2/bin/flink run /sc/home/magnus.menger/repos/mt-flink-1-20/target/mt-flink-1-20-1.0-SNAPSHOT-fat.jar /sc/home/magnus.menger/repos/mt-flink-1-20/out/configs/1760605606633.yml
STDOUT:
 Job has been submitted with JobID 478b555f16b2e86156cf505f634117a5
Program execution finished
Job with JobID 478b555f16b2e86156cf505f634117a5 has finished.
Job Runtime: 370299 ms


STDERR:
 

-------

Experiment #5/86
Configuration: {'benchmark.operator': 'AStream', 'query_generator.max_parallelism': 50, 'query_generator.ending_per_batch': 5}
Configuration file: /sc/home/magnus.menger/repos/mt-flink-1-20/out/configs/1760605982048.yml

Running command: /sc/home/magnus.menger/repos/mt-flink-1-20/flink-1.20.2/bin/flink run /sc/home/magnus.menger/repos/mt-flink-1-20/target/mt-flink-1-20-1.0-SNAPSHOT-fat.jar /sc/home/magnus.menger/repos/mt-flink-1-20/out/configs/1760605982048.yml
STDOUT:
 Job has been submitted with JobID 8d8524ecfafd45aa2d584eae5a401c95
Program execution finished
Job with JobID 8d8524ecfafd45aa2d584eae5a401c95 has finished.
Job Runtime: 298542 ms


STDERR:
 

-------

Experiment #6/86
Configuration: {'benchmark.operator': 'Optimized', 'query_generator.max_parallelism': 50, 'query_generator.ending_per_batch': 5}
Configuration file: /sc/home/magnus.menger/repos/mt-flink-1-20/out/configs/1760606285197.yml

Running command: /sc/home/magnus.menger/repos/mt-flink-1-20/flink-1.20.2/bin/flink run /sc/home/magnus.menger/repos/mt-flink-1-20/target/mt-flink-1-20-1.0-SNAPSHOT-fat.jar /sc/home/magnus.menger/repos/mt-flink-1-20/out/configs/1760606285197.yml
STDOUT:
 Job has been submitted with JobID 3f1a0d4741fcab6a9c0c687b74156626
Program execution finished
Job with JobID 3f1a0d4741fcab6a9c0c687b74156626 has finished.
Job Runtime: 295562 ms


STDERR:
 

-------

Experiment #7/86
Configuration: {'benchmark.operator': 'Optimized', 'query_generator.max_parallelism': 50, 'query_generator.ending_per_batch': 5, 'query_generator.aggregations': ['min', 'max', 'count', 'sum', 'avg_shared']}
Configuration file: /sc/home/magnus.menger/repos/mt-flink-1-20/out/configs/1760606586276.yml

Running command: /sc/home/magnus.menger/repos/mt-flink-1-20/flink-1.20.2/bin/flink run /sc/home/magnus.menger/repos/mt-flink-1-20/target/mt-flink-1-20-1.0-SNAPSHOT-fat.jar /sc/home/magnus.menger/repos/mt-flink-1-20/out/configs/1760606586276.yml
STDOUT:
 Job has been submitted with JobID 74f78c2a0a68b20af18dfd416ed8365f
Program execution finished
Job with JobID 74f78c2a0a68b20af18dfd416ed8365f has finished.
Job Runtime: 291112 ms


STDERR:
 

-------

Experiment #8/86
Configuration: {'benchmark.operator': 'Baseline', 'query_generator.max_parallelism': 200, 'query_generator.ending_per_batch': 20}
Configuration file: /sc/home/magnus.menger/repos/mt-flink-1-20/out/configs/1760606881326.yml

Running command: /sc/home/magnus.menger/repos/mt-flink-1-20/flink-1.20.2/bin/flink run /sc/home/magnus.menger/repos/mt-flink-1-20/target/mt-flink-1-20-1.0-SNAPSHOT-fat.jar /sc/home/magnus.menger/repos/mt-flink-1-20/out/configs/1760606881326.yml
STDOUT:
 Job has been submitted with JobID 8785409bff98cd328f8a6f68c7560720
Program execution finished
Job with JobID 8785409bff98cd328f8a6f68c7560720 has finished.
Job Runtime: 490920 ms


STDERR:
 

-------

Experiment #9/86
Configuration: {'benchmark.operator': 'AStream', 'query_generator.max_parallelism': 200, 'query_generator.ending_per_batch': 20}
Configuration file: /sc/home/magnus.menger/repos/mt-flink-1-20/out/configs/1760607376933.yml

Running command: /sc/home/magnus.menger/repos/mt-flink-1-20/flink-1.20.2/bin/flink run /sc/home/magnus.menger/repos/mt-flink-1-20/target/mt-flink-1-20-1.0-SNAPSHOT-fat.jar /sc/home/magnus.menger/repos/mt-flink-1-20/out/configs/1760607376933.yml
STDOUT:
 Job has been submitted with JobID ac69ae053d7b0119df5355a9b91aa0eb
Program execution finished
Job with JobID ac69ae053d7b0119df5355a9b91aa0eb has finished.
Job Runtime: 317800 ms


STDERR:
 

-------

Experiment #10/86
Configuration: {'benchmark.operator': 'Optimized', 'query_generator.max_parallelism': 200, 'query_generator.ending_per_batch': 20}
Configuration file: /sc/home/magnus.menger/repos/mt-flink-1-20/out/configs/1760607700050.yml

Running command: /sc/home/magnus.menger/repos/mt-flink-1-20/flink-1.20.2/bin/flink run /sc/home/magnus.menger/repos/mt-flink-1-20/target/mt-flink-1-20-1.0-SNAPSHOT-fat.jar /sc/home/magnus.menger/repos/mt-flink-1-20/out/configs/1760607700050.yml
STDOUT:
 Job has been submitted with JobID be80a910b2f3c459a6bfa7aabadc3e8a
Program execution finished
Job with JobID be80a910b2f3c459a6bfa7aabadc3e8a has finished.
Job Runtime: 345150 ms


STDERR:
 

-------

Experiment #11/86
Configuration: {'benchmark.operator': 'Optimized', 'query_generator.max_parallelism': 200, 'query_generator.ending_per_batch': 20, 'query_generator.aggregations': ['min', 'max', 'count', 'sum', 'avg_shared']}
Configuration file: /sc/home/magnus.menger/repos/mt-flink-1-20/out/configs/1760608049389.yml

Running command: /sc/home/magnus.menger/repos/mt-flink-1-20/flink-1.20.2/bin/flink run /sc/home/magnus.menger/repos/mt-flink-1-20/target/mt-flink-1-20-1.0-SNAPSHOT-fat.jar /sc/home/magnus.menger/repos/mt-flink-1-20/out/configs/1760608049389.yml
STDOUT:
 Job has been submitted with JobID 20b2e82819c4d8f071c7d262cb3f4dae
Program execution finished
Job with JobID 20b2e82819c4d8f071c7d262cb3f4dae has finished.
Job Runtime: 367355 ms


STDERR:
 

-------

Experiment #12/86
Configuration: {'benchmark.operator': 'Baseline', 'query_generator.max_parallelism': 1000, 'query_generator.ending_per_batch': 100}
Configuration file: /sc/home/magnus.menger/repos/mt-flink-1-20/out/configs/1760608420625.yml

Running command: /sc/home/magnus.menger/repos/mt-flink-1-20/flink-1.20.2/bin/flink run /sc/home/magnus.menger/repos/mt-flink-1-20/target/mt-flink-1-20-1.0-SNAPSHOT-fat.jar /sc/home/magnus.menger/repos/mt-flink-1-20/out/configs/1760608420625.yml
STDOUT:
 Job has been submitted with JobID 9a5a5f04071aa118308e32812996cd47
Program execution finished
Job with JobID 9a5a5f04071aa118308e32812996cd47 has finished.
Job Runtime: 381704 ms


STDERR:
 

-------

Experiment #13/86
Configuration: {'benchmark.operator': 'AStream', 'query_generator.max_parallelism': 1000, 'query_generator.ending_per_batch': 100}
Configuration file: /sc/home/magnus.menger/repos/mt-flink-1-20/out/configs/1760608807883.yml

Running command: /sc/home/magnus.menger/repos/mt-flink-1-20/flink-1.20.2/bin/flink run /sc/home/magnus.menger/repos/mt-flink-1-20/target/mt-flink-1-20-1.0-SNAPSHOT-fat.jar /sc/home/magnus.menger/repos/mt-flink-1-20/out/configs/1760608807883.yml
STDOUT:
 Job has been submitted with JobID d8341d14af238beb513d2f411fb8045e
Program execution finished
Job with JobID d8341d14af238beb513d2f411fb8045e has finished.
Job Runtime: 466468 ms


STDERR:
 

-------

Experiment #14/86
Configuration: {'benchmark.operator': 'Optimized', 'query_generator.max_parallelism': 1000, 'query_generator.ending_per_batch': 100}
Configuration file: /sc/home/magnus.menger/repos/mt-flink-1-20/out/configs/1760609279405.yml

Running command: /sc/home/magnus.menger/repos/mt-flink-1-20/flink-1.20.2/bin/flink run /sc/home/magnus.menger/repos/mt-flink-1-20/target/mt-flink-1-20-1.0-SNAPSHOT-fat.jar /sc/home/magnus.menger/repos/mt-flink-1-20/out/configs/1760609279405.yml
STDOUT:
 Job has been submitted with JobID f9d8ccba5891bb86ebf4647e53e6e6eb
Program execution finished
Job with JobID f9d8ccba5891bb86ebf4647e53e6e6eb has finished.
Job Runtime: 320029 ms


STDERR:
 

-------

Experiment #15/86
Configuration: {'benchmark.operator': 'Optimized', 'query_generator.max_parallelism': 1000, 'query_generator.ending_per_batch': 100, 'query_generator.aggregations': ['min', 'max', 'count', 'sum', 'avg_shared']}
Configuration file: /sc/home/magnus.menger/repos/mt-flink-1-20/out/configs/1760609604542.yml

Running command: /sc/home/magnus.menger/repos/mt-flink-1-20/flink-1.20.2/bin/flink run /sc/home/magnus.menger/repos/mt-flink-1-20/target/mt-flink-1-20-1.0-SNAPSHOT-fat.jar /sc/home/magnus.menger/repos/mt-flink-1-20/out/configs/1760609604542.yml
STDOUT:
 Job has been submitted with JobID bde4657e988f719afe5f2554be660610
Program execution finished
Job with JobID bde4657e988f719afe5f2554be660610 has finished.
Job Runtime: 336469 ms


STDERR:
 

-------

Experiment #16/86
Configuration: {'benchmark.operator': 'Baseline', 'query_generator.max_parallelism': 5000, 'query_generator.ending_per_batch': 500}
Configuration file: /sc/home/magnus.menger/repos/mt-flink-1-20/out/configs/1760609945746.yml

Running command: /sc/home/magnus.menger/repos/mt-flink-1-20/flink-1.20.2/bin/flink run /sc/home/magnus.menger/repos/mt-flink-1-20/target/mt-flink-1-20-1.0-SNAPSHOT-fat.jar /sc/home/magnus.menger/repos/mt-flink-1-20/out/configs/1760609945746.yml
STDOUT:
 Job has been submitted with JobID 71cd91c891a4175f196b914bd4936f04
Program execution finished
Job with JobID 71cd91c891a4175f196b914bd4936f04 has finished.
Job Runtime: 387670 ms


STDERR:
 

-------

Experiment #17/86
Configuration: {'benchmark.operator': 'AStream', 'query_generator.max_parallelism': 5000, 'query_generator.ending_per_batch': 500}
Configuration file: /sc/home/magnus.menger/repos/mt-flink-1-20/out/configs/1760610339148.yml

Running command: /sc/home/magnus.menger/repos/mt-flink-1-20/flink-1.20.2/bin/flink run /sc/home/magnus.menger/repos/mt-flink-1-20/target/mt-flink-1-20-1.0-SNAPSHOT-fat.jar /sc/home/magnus.menger/repos/mt-flink-1-20/out/configs/1760610339148.yml
STDOUT:
 Job has been submitted with JobID 9ea47f72d2dad5c7f8459d9220cf93e1
Program execution finished
Job with JobID 9ea47f72d2dad5c7f8459d9220cf93e1 has finished.
Job Runtime: 389747 ms


STDERR:
 

-------

Experiment #18/86
Configuration: {'benchmark.operator': 'Optimized', 'query_generator.max_parallelism': 5000, 'query_generator.ending_per_batch': 500}
Configuration file: /sc/home/magnus.menger/repos/mt-flink-1-20/out/configs/1760610734440.yml

Running command: /sc/home/magnus.menger/repos/mt-flink-1-20/flink-1.20.2/bin/flink run /sc/home/magnus.menger/repos/mt-flink-1-20/target/mt-flink-1-20-1.0-SNAPSHOT-fat.jar /sc/home/magnus.menger/repos/mt-flink-1-20/out/configs/1760610734440.yml
STDOUT:
 Job has been submitted with JobID a6b828f0bd1c24f616832884bc545e5b
Program execution finished
Job with JobID a6b828f0bd1c24f616832884bc545e5b has finished.
Job Runtime: 631638 ms


STDERR:
 

-------

Experiment #19/86
Configuration: {'benchmark.operator': 'Optimized', 'query_generator.max_parallelism': 5000, 'query_generator.ending_per_batch': 500, 'query_generator.aggregations': ['min', 'max', 'count', 'sum', 'avg_shared']}
Configuration file: /sc/home/magnus.menger/repos/mt-flink-1-20/out/configs/1760611370275.yml

Running command: /sc/home/magnus.menger/repos/mt-flink-1-20/flink-1.20.2/bin/flink run /sc/home/magnus.menger/repos/mt-flink-1-20/target/mt-flink-1-20-1.0-SNAPSHOT-fat.jar /sc/home/magnus.menger/repos/mt-flink-1-20/out/configs/1760611370275.yml
STDOUT:
 Job has been submitted with JobID bdcb3064fad9ff42c6709d8e879368c4
Program execution finished
Job with JobID bdcb3064fad9ff42c6709d8e879368c4 has finished.
Job Runtime: 389124 ms


STDERR:
 

-------

Experiment #20/86
Configuration: {'benchmark.operator': 'Baseline', 'query_generator.filter_generation_mode': 'EquallySpacedOverlapping', 'query_generator.overlap_ratio': 0.0}
Configuration file: /sc/home/magnus.menger/repos/mt-flink-1-20/out/configs/1760611763563.yml

Running command: /sc/home/magnus.menger/repos/mt-flink-1-20/flink-1.20.2/bin/flink run /sc/home/magnus.menger/repos/mt-flink-1-20/target/mt-flink-1-20-1.0-SNAPSHOT-fat.jar /sc/home/magnus.menger/repos/mt-flink-1-20/out/configs/1760611763563.yml
STDOUT:
 Job has been submitted with JobID 9c09eace552dd36b7b732d286e2beec8
Program execution finished
Job with JobID 9c09eace552dd36b7b732d286e2beec8 has finished.
Job Runtime: 405563 ms


STDERR:
 

-------

Experiment #21/86
Configuration: {'benchmark.operator': 'AStream', 'query_generator.filter_generation_mode': 'EquallySpacedOverlapping', 'query_generator.overlap_ratio': 0.0}
Configuration file: /sc/home/magnus.menger/repos/mt-flink-1-20/out/configs/1760612173008.yml

Running command: /sc/home/magnus.menger/repos/mt-flink-1-20/flink-1.20.2/bin/flink run /sc/home/magnus.menger/repos/mt-flink-1-20/target/mt-flink-1-20-1.0-SNAPSHOT-fat.jar /sc/home/magnus.menger/repos/mt-flink-1-20/out/configs/1760612173008.yml
STDOUT:
 Job has been submitted with JobID ad7c9d12c81c05740a153b83ae712111
Program execution finished
Job with JobID ad7c9d12c81c05740a153b83ae712111 has finished.
Job Runtime: 333197 ms


STDERR:
 

-------

Experiment #22/86
Configuration: {'benchmark.operator': 'Optimized', 'query_generator.filter_generation_mode': 'EquallySpacedOverlapping', 'query_generator.overlap_ratio': 0.0, 'query_generator.aggregations': ['min', 'max', 'count', 'sum', 'avg_shared']}
Configuration file: /sc/home/magnus.menger/repos/mt-flink-1-20/out/configs/1760612510159.yml

Running command: /sc/home/magnus.menger/repos/mt-flink-1-20/flink-1.20.2/bin/flink run /sc/home/magnus.menger/repos/mt-flink-1-20/target/mt-flink-1-20-1.0-SNAPSHOT-fat.jar /sc/home/magnus.menger/repos/mt-flink-1-20/out/configs/1760612510159.yml
STDOUT:
 Job has been submitted with JobID 6c658b8013b4cd5c145a121bae7e51cf
Program execution finished
Job with JobID 6c658b8013b4cd5c145a121bae7e51cf has finished.
Job Runtime: 312055 ms


STDERR:
 

-------

Experiment #23/86
Configuration: {'benchmark.operator': 'Baseline', 'query_generator.filter_generation_mode': 'EquallySpacedOverlapping', 'query_generator.overlap_ratio': 0.1}
Configuration file: /sc/home/magnus.menger/repos/mt-flink-1-20/out/configs/1760612827348.yml

Running command: /sc/home/magnus.menger/repos/mt-flink-1-20/flink-1.20.2/bin/flink run /sc/home/magnus.menger/repos/mt-flink-1-20/target/mt-flink-1-20-1.0-SNAPSHOT-fat.jar /sc/home/magnus.menger/repos/mt-flink-1-20/out/configs/1760612827348.yml
STDOUT:
 Job has been submitted with JobID 48828edbbe18f5b839ef0a52ac4f82ac
Program execution finished
Job with JobID 48828edbbe18f5b839ef0a52ac4f82ac has finished.
Job Runtime: 488058 ms


STDERR:
 

-------

Experiment #24/86
Configuration: {'benchmark.operator': 'AStream', 'query_generator.filter_generation_mode': 'EquallySpacedOverlapping', 'query_generator.overlap_ratio': 0.1}
Configuration file: /sc/home/magnus.menger/repos/mt-flink-1-20/out/configs/1760613320903.yml

Running command: /sc/home/magnus.menger/repos/mt-flink-1-20/flink-1.20.2/bin/flink run /sc/home/magnus.menger/repos/mt-flink-1-20/target/mt-flink-1-20-1.0-SNAPSHOT-fat.jar /sc/home/magnus.menger/repos/mt-flink-1-20/out/configs/1760613320903.yml
STDOUT:
 Job has been submitted with JobID 5d21418129395a3345a76ef8bb8e3661
Program execution finished
Job with JobID 5d21418129395a3345a76ef8bb8e3661 has finished.
Job Runtime: 322732 ms


STDERR:
 

-------

Experiment #25/86
Configuration: {'benchmark.operator': 'Optimized', 'query_generator.filter_generation_mode': 'EquallySpacedOverlapping', 'query_generator.overlap_ratio': 0.1, 'query_generator.aggregations': ['min', 'max', 'count', 'sum', 'avg_shared']}
Configuration file: /sc/home/magnus.menger/repos/mt-flink-1-20/out/configs/1760613648188.yml

Running command: /sc/home/magnus.menger/repos/mt-flink-1-20/flink-1.20.2/bin/flink run /sc/home/magnus.menger/repos/mt-flink-1-20/target/mt-flink-1-20-1.0-SNAPSHOT-fat.jar /sc/home/magnus.menger/repos/mt-flink-1-20/out/configs/1760613648188.yml
STDOUT:
 Job has been submitted with JobID 61fd11219286d69b1a745e5a9233d671
Program execution finished
Job with JobID 61fd11219286d69b1a745e5a9233d671 has finished.
Job Runtime: 507271 ms


STDERR:
 

-------

Experiment #26/86
Configuration: {'benchmark.operator': 'Baseline', 'query_generator.filter_generation_mode': 'EquallySpacedOverlapping', 'query_generator.overlap_ratio': 0.25}
Configuration file: /sc/home/magnus.menger/repos/mt-flink-1-20/out/configs/1760614159772.yml

Running command: /sc/home/magnus.menger/repos/mt-flink-1-20/flink-1.20.2/bin/flink run /sc/home/magnus.menger/repos/mt-flink-1-20/target/mt-flink-1-20-1.0-SNAPSHOT-fat.jar /sc/home/magnus.menger/repos/mt-flink-1-20/out/configs/1760614159772.yml
STDOUT:
 Job has been submitted with JobID 4eaf9099d01d82694b1e516be98e8e86
Program execution finished
Job with JobID 4eaf9099d01d82694b1e516be98e8e86 has finished.
Job Runtime: 364879 ms


STDERR:
 

-------

Experiment #27/86
Configuration: {'benchmark.operator': 'AStream', 'query_generator.filter_generation_mode': 'EquallySpacedOverlapping', 'query_generator.overlap_ratio': 0.25}
Configuration file: /sc/home/magnus.menger/repos/mt-flink-1-20/out/configs/1760614528935.yml

Running command: /sc/home/magnus.menger/repos/mt-flink-1-20/flink-1.20.2/bin/flink run /sc/home/magnus.menger/repos/mt-flink-1-20/target/mt-flink-1-20-1.0-SNAPSHOT-fat.jar /sc/home/magnus.menger/repos/mt-flink-1-20/out/configs/1760614528935.yml
STDOUT:
 Job has been submitted with JobID bfbc36f5d780cd640b4768370ef99fa7
Program execution finished
Job with JobID bfbc36f5d780cd640b4768370ef99fa7 has finished.
Job Runtime: 351184 ms


STDERR:
 

-------

Experiment #28/86
Configuration: {'benchmark.operator': 'Optimized', 'query_generator.filter_generation_mode': 'EquallySpacedOverlapping', 'query_generator.overlap_ratio': 0.25, 'query_generator.aggregations': ['min', 'max', 'count', 'sum', 'avg_shared']}
Configuration file: /sc/home/magnus.menger/repos/mt-flink-1-20/out/configs/1760614884171.yml

Running command: /sc/home/magnus.menger/repos/mt-flink-1-20/flink-1.20.2/bin/flink run /sc/home/magnus.menger/repos/mt-flink-1-20/target/mt-flink-1-20-1.0-SNAPSHOT-fat.jar /sc/home/magnus.menger/repos/mt-flink-1-20/out/configs/1760614884171.yml
STDOUT:
 Job has been submitted with JobID 27fe3ddaa878e7fc163095ba32726ce8
Program execution finished
Job with JobID 27fe3ddaa878e7fc163095ba32726ce8 has finished.
Job Runtime: 467184 ms


STDERR:
 

-------

Experiment #29/86
Configuration: {'benchmark.operator': 'Baseline', 'query_generator.filter_generation_mode': 'EquallySpacedOverlapping', 'query_generator.overlap_ratio': 0.5}
Configuration file: /sc/home/magnus.menger/repos/mt-flink-1-20/out/configs/1760615355653.yml

Running command: /sc/home/magnus.menger/repos/mt-flink-1-20/flink-1.20.2/bin/flink run /sc/home/magnus.menger/repos/mt-flink-1-20/target/mt-flink-1-20-1.0-SNAPSHOT-fat.jar /sc/home/magnus.menger/repos/mt-flink-1-20/out/configs/1760615355653.yml
STDOUT:
 Job has been submitted with JobID bae28931687690368dfc47ce69c980b6
Program execution finished
Job with JobID bae28931687690368dfc47ce69c980b6 has finished.
Job Runtime: 525102 ms


STDERR:
 

-------

Experiment #30/86
Configuration: {'benchmark.operator': 'AStream', 'query_generator.filter_generation_mode': 'EquallySpacedOverlapping', 'query_generator.overlap_ratio': 0.5}
Configuration file: /sc/home/magnus.menger/repos/mt-flink-1-20/out/configs/1760615885159.yml

Running command: /sc/home/magnus.menger/repos/mt-flink-1-20/flink-1.20.2/bin/flink run /sc/home/magnus.menger/repos/mt-flink-1-20/target/mt-flink-1-20-1.0-SNAPSHOT-fat.jar /sc/home/magnus.menger/repos/mt-flink-1-20/out/configs/1760615885159.yml
STDOUT:
 Job has been submitted with JobID a6b70c42a728ad51ca41fa87e4ae9604
Program execution finished
Job with JobID a6b70c42a728ad51ca41fa87e4ae9604 has finished.
Job Runtime: 347937 ms


STDERR:
 

-------

Experiment #31/86
Configuration: {'benchmark.operator': 'Optimized', 'query_generator.filter_generation_mode': 'EquallySpacedOverlapping', 'query_generator.overlap_ratio': 0.5, 'query_generator.aggregations': ['min', 'max', 'count', 'sum', 'avg_shared']}
Configuration file: /sc/home/magnus.menger/repos/mt-flink-1-20/out/configs/1760616238478.yml

Running command: /sc/home/magnus.menger/repos/mt-flink-1-20/flink-1.20.2/bin/flink run /sc/home/magnus.menger/repos/mt-flink-1-20/target/mt-flink-1-20-1.0-SNAPSHOT-fat.jar /sc/home/magnus.menger/repos/mt-flink-1-20/out/configs/1760616238478.yml
STDOUT:
 Job has been submitted with JobID 9939db66e093b10390b6d7c641861ffd
Program execution finished
Job with JobID 9939db66e093b10390b6d7c641861ffd has finished.
Job Runtime: 323911 ms


STDERR:
 

-------

Experiment #32/86
Configuration: {'benchmark.operator': 'Baseline', 'query_generator.filter_generation_mode': 'EquallySpacedOverlapping', 'query_generator.overlap_ratio': 0.75}
Configuration file: /sc/home/magnus.menger/repos/mt-flink-1-20/out/configs/1760616567615.yml

Running command: /sc/home/magnus.menger/repos/mt-flink-1-20/flink-1.20.2/bin/flink run /sc/home/magnus.menger/repos/mt-flink-1-20/target/mt-flink-1-20-1.0-SNAPSHOT-fat.jar /sc/home/magnus.menger/repos/mt-flink-1-20/out/configs/1760616567615.yml
STDOUT:
 Job has been submitted with JobID 2ad8755a1f8e2ba3718359a552d16045
Program execution finished
Job with JobID 2ad8755a1f8e2ba3718359a552d16045 has finished.
Job Runtime: 385524 ms


STDERR:
 

-------

Experiment #33/86
Configuration: {'benchmark.operator': 'AStream', 'query_generator.filter_generation_mode': 'EquallySpacedOverlapping', 'query_generator.overlap_ratio': 0.75}
Configuration file: /sc/home/magnus.menger/repos/mt-flink-1-20/out/configs/1760616956917.yml

Running command: /sc/home/magnus.menger/repos/mt-flink-1-20/flink-1.20.2/bin/flink run /sc/home/magnus.menger/repos/mt-flink-1-20/target/mt-flink-1-20-1.0-SNAPSHOT-fat.jar /sc/home/magnus.menger/repos/mt-flink-1-20/out/configs/1760616956917.yml
STDOUT:
 Job has been submitted with JobID d04d06f7ed7515fd79ddf262a8dc3997
Program execution finished
Job with JobID d04d06f7ed7515fd79ddf262a8dc3997 has finished.
Job Runtime: 379637 ms


STDERR:
 

-------

Experiment #34/86
Configuration: {'benchmark.operator': 'Optimized', 'query_generator.filter_generation_mode': 'EquallySpacedOverlapping', 'query_generator.overlap_ratio': 0.75, 'query_generator.aggregations': ['min', 'max', 'count', 'sum', 'avg_shared']}
Configuration file: /sc/home/magnus.menger/repos/mt-flink-1-20/out/configs/1760617342044.yml

Running command: /sc/home/magnus.menger/repos/mt-flink-1-20/flink-1.20.2/bin/flink run /sc/home/magnus.menger/repos/mt-flink-1-20/target/mt-flink-1-20-1.0-SNAPSHOT-fat.jar /sc/home/magnus.menger/repos/mt-flink-1-20/out/configs/1760617342044.yml
STDOUT:
 Job has been submitted with JobID d3000d09e022a3d31f38ff400ec81fcb
Program execution finished
Job with JobID d3000d09e022a3d31f38ff400ec81fcb has finished.
Job Runtime: 304747 ms


STDERR:
 

-------

Experiment #35/86
Configuration: {'benchmark.operator': 'Baseline', 'query_generator.filter_generation_mode': 'EquallySpacedOverlapping', 'query_generator.overlap_ratio': 1.0}
Configuration file: /sc/home/magnus.menger/repos/mt-flink-1-20/out/configs/1760617650985.yml

Running command: /sc/home/magnus.menger/repos/mt-flink-1-20/flink-1.20.2/bin/flink run /sc/home/magnus.menger/repos/mt-flink-1-20/target/mt-flink-1-20-1.0-SNAPSHOT-fat.jar /sc/home/magnus.menger/repos/mt-flink-1-20/out/configs/1760617650985.yml
STDOUT:
 Job has been submitted with JobID 959bb7b2aa28f1311ea64c35b546e0c6
Program execution finished
Job with JobID 959bb7b2aa28f1311ea64c35b546e0c6 has finished.
Job Runtime: 377919 ms


STDERR:
 

-------

Experiment #36/86
Configuration: {'benchmark.operator': 'AStream', 'query_generator.filter_generation_mode': 'EquallySpacedOverlapping', 'query_generator.overlap_ratio': 1.0}
Configuration file: /sc/home/magnus.menger/repos/mt-flink-1-20/out/configs/1760618034254.yml

Running command: /sc/home/magnus.menger/repos/mt-flink-1-20/flink-1.20.2/bin/flink run /sc/home/magnus.menger/repos/mt-flink-1-20/target/mt-flink-1-20-1.0-SNAPSHOT-fat.jar /sc/home/magnus.menger/repos/mt-flink-1-20/out/configs/1760618034254.yml
STDOUT:
 Job has been submitted with JobID ae4971dc843eaa6ec7aa21d366d75f71
Program execution finished
Job with JobID ae4971dc843eaa6ec7aa21d366d75f71 has finished.
Job Runtime: 356980 ms


STDERR:
 

-------

Experiment #37/86
Configuration: {'benchmark.operator': 'Optimized', 'query_generator.filter_generation_mode': 'EquallySpacedOverlapping', 'query_generator.overlap_ratio': 1.0, 'query_generator.aggregations': ['min', 'max', 'count', 'sum', 'avg_shared']}
Configuration file: /sc/home/magnus.menger/repos/mt-flink-1-20/out/configs/1760618395533.yml

Running command: /sc/home/magnus.menger/repos/mt-flink-1-20/flink-1.20.2/bin/flink run /sc/home/magnus.menger/repos/mt-flink-1-20/target/mt-flink-1-20-1.0-SNAPSHOT-fat.jar /sc/home/magnus.menger/repos/mt-flink-1-20/out/configs/1760618395533.yml
STDOUT:
 Job has been submitted with JobID bce21977fb69034bcf22dd60e3745023
Program execution finished
Job with JobID bce21977fb69034bcf22dd60e3745023 has finished.
Job Runtime: 416073 ms


STDERR:
 

-------

Experiment #38/86
Configuration: {'benchmark.operator': 'Baseline', 'query_generator.different_filters': 50}
Configuration file: /sc/home/magnus.menger/repos/mt-flink-1-20/out/configs/1760618816787.yml

Running command: /sc/home/magnus.menger/repos/mt-flink-1-20/flink-1.20.2/bin/flink run /sc/home/magnus.menger/repos/mt-flink-1-20/target/mt-flink-1-20-1.0-SNAPSHOT-fat.jar /sc/home/magnus.menger/repos/mt-flink-1-20/out/configs/1760618816787.yml
STDOUT:
 Job has been submitted with JobID 676fb23e7dc680a3381f97c26f8b1855
Program execution finished
Job with JobID 676fb23e7dc680a3381f97c26f8b1855 has finished.
Job Runtime: 361839 ms


STDERR:
 

-------

Experiment #39/86
Configuration: {'benchmark.operator': 'AStream', 'query_generator.different_filters': 50}
Configuration file: /sc/home/magnus.menger/repos/mt-flink-1-20/out/configs/1760619183987.yml

Running command: /sc/home/magnus.menger/repos/mt-flink-1-20/flink-1.20.2/bin/flink run /sc/home/magnus.menger/repos/mt-flink-1-20/target/mt-flink-1-20-1.0-SNAPSHOT-fat.jar /sc/home/magnus.menger/repos/mt-flink-1-20/out/configs/1760619183987.yml
STDOUT:
 Job has been submitted with JobID 87c87cf05b18ecc213be446f524e456d
Program execution finished
Job with JobID 87c87cf05b18ecc213be446f524e456d has finished.
Job Runtime: 364332 ms


STDERR:
 

-------

Experiment #40/86
Configuration: {'benchmark.operator': 'Optimized', 'query_generator.different_filters': 50, 'query_generator.aggregations': ['min', 'max', 'count', 'sum', 'avg_shared']}
Configuration file: /sc/home/magnus.menger/repos/mt-flink-1-20/out/configs/1760619553181.yml

Running command: /sc/home/magnus.menger/repos/mt-flink-1-20/flink-1.20.2/bin/flink run /sc/home/magnus.menger/repos/mt-flink-1-20/target/mt-flink-1-20-1.0-SNAPSHOT-fat.jar /sc/home/magnus.menger/repos/mt-flink-1-20/out/configs/1760619553181.yml
STDOUT:
 Job has been submitted with JobID 6b6954fcbd1ea75c7449ba1292ae2fa3
Program execution finished
Job with JobID 6b6954fcbd1ea75c7449ba1292ae2fa3 has finished.
Job Runtime: 508742 ms


STDERR:
 

-------

Experiment #41/86
Configuration: {'benchmark.operator': 'Baseline', 'query_generator.different_filters': 200}
Configuration file: /sc/home/magnus.menger/repos/mt-flink-1-20/out/configs/1760620066609.yml

Running command: /sc/home/magnus.menger/repos/mt-flink-1-20/flink-1.20.2/bin/flink run /sc/home/magnus.menger/repos/mt-flink-1-20/target/mt-flink-1-20-1.0-SNAPSHOT-fat.jar /sc/home/magnus.menger/repos/mt-flink-1-20/out/configs/1760620066609.yml
STDOUT:
 Job has been submitted with JobID a2ac3651b5ea41524997ec83e48763c2
Program execution finished
Job with JobID a2ac3651b5ea41524997ec83e48763c2 has finished.
Job Runtime: 396388 ms


STDERR:
 

-------

Experiment #42/86
Configuration: {'benchmark.operator': 'AStream', 'query_generator.different_filters': 200}
Configuration file: /sc/home/magnus.menger/repos/mt-flink-1-20/out/configs/1760620467965.yml

Running command: /sc/home/magnus.menger/repos/mt-flink-1-20/flink-1.20.2/bin/flink run /sc/home/magnus.menger/repos/mt-flink-1-20/target/mt-flink-1-20-1.0-SNAPSHOT-fat.jar /sc/home/magnus.menger/repos/mt-flink-1-20/out/configs/1760620467965.yml
STDOUT:
 Job has been submitted with JobID 81f4695a309f97f05cda3264db6ee783
Program execution finished
Job with JobID 81f4695a309f97f05cda3264db6ee783 has finished.
Job Runtime: 351944 ms


STDERR:
 

-------

Experiment #43/86
Configuration: {'benchmark.operator': 'Optimized', 'query_generator.different_filters': 200, 'query_generator.aggregations': ['min', 'max', 'count', 'sum', 'avg_shared']}
Configuration file: /sc/home/magnus.menger/repos/mt-flink-1-20/out/configs/1760620825067.yml

Running command: /sc/home/magnus.menger/repos/mt-flink-1-20/flink-1.20.2/bin/flink run /sc/home/magnus.menger/repos/mt-flink-1-20/target/mt-flink-1-20-1.0-SNAPSHOT-fat.jar /sc/home/magnus.menger/repos/mt-flink-1-20/out/configs/1760620825067.yml
STDOUT:
 Job has been submitted with JobID 8b930e3254d893a86869939a3cab2ccb
Program execution finished
Job with JobID 8b930e3254d893a86869939a3cab2ccb has finished.
Job Runtime: 298496 ms


STDERR:
 

-------

Experiment #44/86
Configuration: {'benchmark.operator': 'Baseline', 'query_generator.different_aggregations': 1}
Configuration file: /sc/home/magnus.menger/repos/mt-flink-1-20/out/configs/1760621128201.yml

Running command: /sc/home/magnus.menger/repos/mt-flink-1-20/flink-1.20.2/bin/flink run /sc/home/magnus.menger/repos/mt-flink-1-20/target/mt-flink-1-20-1.0-SNAPSHOT-fat.jar /sc/home/magnus.menger/repos/mt-flink-1-20/out/configs/1760621128201.yml
STDOUT:
 Job has been submitted with JobID 40fa281b896e111c0fc067e377948b48
Program execution finished
Job with JobID 40fa281b896e111c0fc067e377948b48 has finished.
Job Runtime: 379054 ms


STDERR:
 

-------

Experiment #45/86
Configuration: {'benchmark.operator': 'AStream', 'query_generator.different_aggregations': 1}
Configuration file: /sc/home/magnus.menger/repos/mt-flink-1-20/out/configs/1760621511617.yml

Running command: /sc/home/magnus.menger/repos/mt-flink-1-20/flink-1.20.2/bin/flink run /sc/home/magnus.menger/repos/mt-flink-1-20/target/mt-flink-1-20-1.0-SNAPSHOT-fat.jar /sc/home/magnus.menger/repos/mt-flink-1-20/out/configs/1760621511617.yml
STDOUT:
 Job has been submitted with JobID 2e5214b3bb7fcd6fa42a89d9b3097da2
Program execution finished
Job with JobID 2e5214b3bb7fcd6fa42a89d9b3097da2 has finished.
Job Runtime: 365315 ms


STDERR:
 

-------

Experiment #46/86
Configuration: {'benchmark.operator': 'Optimized', 'query_generator.different_aggregations': 1, 'query_generator.aggregations': ['min', 'max', 'count', 'sum', 'avg_shared']}
Configuration file: /sc/home/magnus.menger/repos/mt-flink-1-20/out/configs/1760621880881.yml

Running command: /sc/home/magnus.menger/repos/mt-flink-1-20/flink-1.20.2/bin/flink run /sc/home/magnus.menger/repos/mt-flink-1-20/target/mt-flink-1-20-1.0-SNAPSHOT-fat.jar /sc/home/magnus.menger/repos/mt-flink-1-20/out/configs/1760621880881.yml
STDOUT:
 Job has been submitted with JobID 5f29aac8229d9d2f8ae1dd406ca0dee5
Program execution finished
Job with JobID 5f29aac8229d9d2f8ae1dd406ca0dee5 has finished.
Job Runtime: 307039 ms


STDERR:
 

-------

Experiment #47/86
Configuration: {'benchmark.operator': 'Baseline', 'query_generator.different_aggregations': 5}
Configuration file: /sc/home/magnus.menger/repos/mt-flink-1-20/out/configs/1760622191938.yml

Running command: /sc/home/magnus.menger/repos/mt-flink-1-20/flink-1.20.2/bin/flink run /sc/home/magnus.menger/repos/mt-flink-1-20/target/mt-flink-1-20-1.0-SNAPSHOT-fat.jar /sc/home/magnus.menger/repos/mt-flink-1-20/out/configs/1760622191938.yml
STDOUT:
 Job has been submitted with JobID bd8c3a449c63d6033a703558367b743f
Program execution finished
Job with JobID bd8c3a449c63d6033a703558367b743f has finished.
Job Runtime: 390391 ms


STDERR:
 

-------

Experiment #48/86
Configuration: {'benchmark.operator': 'AStream', 'query_generator.different_aggregations': 5}
Configuration file: /sc/home/magnus.menger/repos/mt-flink-1-20/out/configs/1760622587257.yml

Running command: /sc/home/magnus.menger/repos/mt-flink-1-20/flink-1.20.2/bin/flink run /sc/home/magnus.menger/repos/mt-flink-1-20/target/mt-flink-1-20-1.0-SNAPSHOT-fat.jar /sc/home/magnus.menger/repos/mt-flink-1-20/out/configs/1760622587257.yml
STDOUT:
 Job has been submitted with JobID 4e102c3777d394501bb0433685fb3cfa
Program execution finished
Job with JobID 4e102c3777d394501bb0433685fb3cfa has finished.
Job Runtime: 366307 ms


STDERR:
 

-------

Experiment #49/86
Configuration: {'benchmark.operator': 'Optimized', 'query_generator.different_aggregations': 5, 'query_generator.aggregations': ['min', 'max', 'count', 'sum', 'avg_shared']}
Configuration file: /sc/home/magnus.menger/repos/mt-flink-1-20/out/configs/1760622958463.yml

Running command: /sc/home/magnus.menger/repos/mt-flink-1-20/flink-1.20.2/bin/flink run /sc/home/magnus.menger/repos/mt-flink-1-20/target/mt-flink-1-20-1.0-SNAPSHOT-fat.jar /sc/home/magnus.menger/repos/mt-flink-1-20/out/configs/1760622958463.yml
STDOUT:
 Job has been submitted with JobID cc9fc9ac2464e9f911e620806135fe08
Program execution finished
Job with JobID cc9fc9ac2464e9f911e620806135fe08 has finished.
Job Runtime: 289531 ms


STDERR:
 

-------

Experiment #50/86
Configuration: {'benchmark.operator': 'Baseline', 'query_generator.different_aggregations': 15}
Configuration file: /sc/home/magnus.menger/repos/mt-flink-1-20/out/configs/1760623253545.yml

Running command: /sc/home/magnus.menger/repos/mt-flink-1-20/flink-1.20.2/bin/flink run /sc/home/magnus.menger/repos/mt-flink-1-20/target/mt-flink-1-20-1.0-SNAPSHOT-fat.jar /sc/home/magnus.menger/repos/mt-flink-1-20/out/configs/1760623253545.yml
STDOUT:
 Job has been submitted with JobID d288bebd6a0783d5fa94a921d322327f
Program execution finished
Job with JobID d288bebd6a0783d5fa94a921d322327f has finished.
Job Runtime: 384395 ms


STDERR:
 

-------

Experiment #51/86
Configuration: {'benchmark.operator': 'AStream', 'query_generator.different_aggregations': 15}
Configuration file: /sc/home/magnus.menger/repos/mt-flink-1-20/out/configs/1760623642756.yml

Running command: /sc/home/magnus.menger/repos/mt-flink-1-20/flink-1.20.2/bin/flink run /sc/home/magnus.menger/repos/mt-flink-1-20/target/mt-flink-1-20-1.0-SNAPSHOT-fat.jar /sc/home/magnus.menger/repos/mt-flink-1-20/out/configs/1760623642756.yml
STDOUT:
 Job has been submitted with JobID ed0a6c9351fb40116bdd2fe5b09d0989
Program execution finished
Job with JobID ed0a6c9351fb40116bdd2fe5b09d0989 has finished.
Job Runtime: 484428 ms


STDERR:
 

-------

Experiment #52/86
Configuration: {'benchmark.operator': 'Optimized', 'query_generator.different_aggregations': 15, 'query_generator.aggregations': ['min', 'max', 'count', 'sum', 'avg_shared']}
Configuration file: /sc/home/magnus.menger/repos/mt-flink-1-20/out/configs/1760624132288.yml

Running command: /sc/home/magnus.menger/repos/mt-flink-1-20/flink-1.20.2/bin/flink run /sc/home/magnus.menger/repos/mt-flink-1-20/target/mt-flink-1-20-1.0-SNAPSHOT-fat.jar /sc/home/magnus.menger/repos/mt-flink-1-20/out/configs/1760624132288.yml
STDOUT:
 Job has been submitted with JobID 882d1824f2555985f7578408e3d14b68
Program execution finished
Job with JobID 882d1824f2555985f7578408e3d14b68 has finished.
Job Runtime: 310205 ms


STDERR:
 

-------

Experiment #53/86
Configuration: {'benchmark.operator': 'Baseline', 'data_generator.synthetic_field_count': 10}
Configuration file: /sc/home/magnus.menger/repos/mt-flink-1-20/out/configs/1760624447511.yml

Running command: /sc/home/magnus.menger/repos/mt-flink-1-20/flink-1.20.2/bin/flink run /sc/home/magnus.menger/repos/mt-flink-1-20/target/mt-flink-1-20-1.0-SNAPSHOT-fat.jar /sc/home/magnus.menger/repos/mt-flink-1-20/out/configs/1760624447511.yml
STDOUT:
 Job has been submitted with JobID 5bac7796e2f536fd0ac9aa3086a8e85b
Program execution finished
Job with JobID 5bac7796e2f536fd0ac9aa3086a8e85b has finished.
Job Runtime: 392620 ms


STDERR:
 

-------

Experiment #54/86
Configuration: {'benchmark.operator': 'AStream', 'data_generator.synthetic_field_count': 10}
Configuration file: /sc/home/magnus.menger/repos/mt-flink-1-20/out/configs/1760624844841.yml

Running command: /sc/home/magnus.menger/repos/mt-flink-1-20/flink-1.20.2/bin/flink run /sc/home/magnus.menger/repos/mt-flink-1-20/target/mt-flink-1-20-1.0-SNAPSHOT-fat.jar /sc/home/magnus.menger/repos/mt-flink-1-20/out/configs/1760624844841.yml
STDOUT:
 Job has been submitted with JobID 356ce4e53286652d5d42b021a465464a
Program execution finished
Job with JobID 356ce4e53286652d5d42b021a465464a has finished.
Job Runtime: 354532 ms


STDERR:
 

-------

Experiment #55/86
Configuration: {'benchmark.operator': 'Optimized', 'data_generator.synthetic_field_count': 10, 'query_generator.aggregations': ['min', 'max', 'count', 'sum', 'avg_shared']}
Configuration file: /sc/home/magnus.menger/repos/mt-flink-1-20/out/configs/1760625204105.yml

Running command: /sc/home/magnus.menger/repos/mt-flink-1-20/flink-1.20.2/bin/flink run /sc/home/magnus.menger/repos/mt-flink-1-20/target/mt-flink-1-20-1.0-SNAPSHOT-fat.jar /sc/home/magnus.menger/repos/mt-flink-1-20/out/configs/1760625204105.yml
STDOUT:
 Job has been submitted with JobID 78670a9cbe86882d45c9839d2d9cf196
Program execution finished
Job with JobID 78670a9cbe86882d45c9839d2d9cf196 has finished.
Job Runtime: 407208 ms


STDERR:
 

-------

Experiment #56/86
Configuration: {'benchmark.operator': 'Baseline', 'data_generator.synthetic_field_count': 20}
Configuration file: /sc/home/magnus.menger/repos/mt-flink-1-20/out/configs/1760625615752.yml

Running command: /sc/home/magnus.menger/repos/mt-flink-1-20/flink-1.20.2/bin/flink run /sc/home/magnus.menger/repos/mt-flink-1-20/target/mt-flink-1-20-1.0-SNAPSHOT-fat.jar /sc/home/magnus.menger/repos/mt-flink-1-20/out/configs/1760625615752.yml
STDOUT:
 Job has been submitted with JobID 01b6cd66e46071e443fcccefde48b24b
Program execution finished
Job with JobID 01b6cd66e46071e443fcccefde48b24b has finished.
Job Runtime: 400235 ms


STDERR:
 

-------

Experiment #57/86
Configuration: {'benchmark.operator': 'AStream', 'data_generator.synthetic_field_count': 20}
Configuration file: /sc/home/magnus.menger/repos/mt-flink-1-20/out/configs/1760626021010.yml

Running command: /sc/home/magnus.menger/repos/mt-flink-1-20/flink-1.20.2/bin/flink run /sc/home/magnus.menger/repos/mt-flink-1-20/target/mt-flink-1-20-1.0-SNAPSHOT-fat.jar /sc/home/magnus.menger/repos/mt-flink-1-20/out/configs/1760626021010.yml
STDOUT:
 Job has been submitted with JobID 84fcdd3480006262b2774aab1f3a32aa
Program execution finished
Job with JobID 84fcdd3480006262b2774aab1f3a32aa has finished.
Job Runtime: 499135 ms


STDERR:
 

-------

Experiment #58/86
Configuration: {'benchmark.operator': 'Optimized', 'data_generator.synthetic_field_count': 20, 'query_generator.aggregations': ['min', 'max', 'count', 'sum', 'avg_shared']}
Configuration file: /sc/home/magnus.menger/repos/mt-flink-1-20/out/configs/1760626524930.yml

Running command: /sc/home/magnus.menger/repos/mt-flink-1-20/flink-1.20.2/bin/flink run /sc/home/magnus.menger/repos/mt-flink-1-20/target/mt-flink-1-20-1.0-SNAPSHOT-fat.jar /sc/home/magnus.menger/repos/mt-flink-1-20/out/configs/1760626524930.yml
STDOUT:
 Job has been submitted with JobID aa67735c019894fac41670d32f063f41
Program execution finished
Job with JobID aa67735c019894fac41670d32f063f41 has finished.
Job Runtime: 438169 ms


STDERR:
 

-------

Experiment #59/86
Configuration: {'benchmark.operator': 'Baseline', 'data_generator.synthetic_field_count': 50}
Configuration file: /sc/home/magnus.menger/repos/mt-flink-1-20/out/configs/1760626968672.yml

Running command: /sc/home/magnus.menger/repos/mt-flink-1-20/flink-1.20.2/bin/flink run /sc/home/magnus.menger/repos/mt-flink-1-20/target/mt-flink-1-20-1.0-SNAPSHOT-fat.jar /sc/home/magnus.menger/repos/mt-flink-1-20/out/configs/1760626968672.yml
STDOUT:
 Job has been submitted with JobID 7354539928ac08343e6f13b1ef08c4b0
Program execution finished
Job with JobID 7354539928ac08343e6f13b1ef08c4b0 has finished.
Job Runtime: 406114 ms


STDERR:
 

-------

Experiment #60/86
Configuration: {'benchmark.operator': 'AStream', 'data_generator.synthetic_field_count': 50}
Configuration file: /sc/home/magnus.menger/repos/mt-flink-1-20/out/configs/1760627380308.yml

Running command: /sc/home/magnus.menger/repos/mt-flink-1-20/flink-1.20.2/bin/flink run /sc/home/magnus.menger/repos/mt-flink-1-20/target/mt-flink-1-20-1.0-SNAPSHOT-fat.jar /sc/home/magnus.menger/repos/mt-flink-1-20/out/configs/1760627380308.yml
STDOUT:
 Job has been submitted with JobID 42232a06491c2fea94053054e8d265ce
Program execution finished
Job with JobID 42232a06491c2fea94053054e8d265ce has finished.
Job Runtime: 469941 ms


STDERR:
 

-------

Experiment #61/86
Configuration: {'benchmark.operator': 'Optimized', 'data_generator.synthetic_field_count': 50, 'query_generator.aggregations': ['min', 'max', 'count', 'sum', 'avg_shared']}
Configuration file: /sc/home/magnus.menger/repos/mt-flink-1-20/out/configs/1760627854112.yml

Running command: /sc/home/magnus.menger/repos/mt-flink-1-20/flink-1.20.2/bin/flink run /sc/home/magnus.menger/repos/mt-flink-1-20/target/mt-flink-1-20-1.0-SNAPSHOT-fat.jar /sc/home/magnus.menger/repos/mt-flink-1-20/out/configs/1760627854112.yml
STDOUT:
 Job has been submitted with JobID 5b830e623e818faf7819c0090810cab2
Program execution finished
Job with JobID 5b830e623e818faf7819c0090810cab2 has finished.
Job Runtime: 383108 ms


STDERR:
 

-------

Experiment #62/86
Configuration: {'benchmark.operator': 'Baseline', 'benchmark.parallelism': 2}
Configuration file: /sc/home/magnus.menger/repos/mt-flink-1-20/out/configs/1760628241623.yml

Running command: /sc/home/magnus.menger/repos/mt-flink-1-20/flink-1.20.2/bin/flink run /sc/home/magnus.menger/repos/mt-flink-1-20/target/mt-flink-1-20-1.0-SNAPSHOT-fat.jar /sc/home/magnus.menger/repos/mt-flink-1-20/out/configs/1760628241623.yml
STDOUT:
 Job has been submitted with JobID 33d91cbdf9e043b86a84adf8a7e0655b
Program execution finished
Job with JobID 33d91cbdf9e043b86a84adf8a7e0655b has finished.
Job Runtime: 370018 ms


STDERR:
 

-------

Experiment #63/86
Configuration: {'benchmark.operator': 'AStream', 'benchmark.parallelism': 2}
Configuration file: /sc/home/magnus.menger/repos/mt-flink-1-20/out/configs/1760628617222.yml

Running command: /sc/home/magnus.menger/repos/mt-flink-1-20/flink-1.20.2/bin/flink run /sc/home/magnus.menger/repos/mt-flink-1-20/target/mt-flink-1-20-1.0-SNAPSHOT-fat.jar /sc/home/magnus.menger/repos/mt-flink-1-20/out/configs/1760628617222.yml
STDOUT:
 Job has been submitted with JobID a7b35a5ff5a1a5326a3fe0e288a0a7c6
Program execution finished
Job with JobID a7b35a5ff5a1a5326a3fe0e288a0a7c6 has finished.
Job Runtime: 440437 ms


STDERR:
 

-------

Experiment #64/86
Configuration: {'benchmark.operator': 'Optimized', 'benchmark.parallelism': 2, 'query_generator.aggregations': ['min', 'max', 'count', 'sum', 'avg_shared']}
Configuration file: /sc/home/magnus.menger/repos/mt-flink-1-20/out/configs/1760629062831.yml

Running command: /sc/home/magnus.menger/repos/mt-flink-1-20/flink-1.20.2/bin/flink run /sc/home/magnus.menger/repos/mt-flink-1-20/target/mt-flink-1-20-1.0-SNAPSHOT-fat.jar /sc/home/magnus.menger/repos/mt-flink-1-20/out/configs/1760629062831.yml
STDOUT:
 Job has been submitted with JobID 14535d48d8ed08f2ec6f496d48031287
Program execution finished
Job with JobID 14535d48d8ed08f2ec6f496d48031287 has finished.
Job Runtime: 392634 ms


STDERR:
 

-------

Experiment #65/86
Configuration: {'benchmark.operator': 'Baseline', 'benchmark.parallelism': 4}
Configuration file: /sc/home/magnus.menger/repos/mt-flink-1-20/out/configs/1760629460300.yml

Running command: /sc/home/magnus.menger/repos/mt-flink-1-20/flink-1.20.2/bin/flink run /sc/home/magnus.menger/repos/mt-flink-1-20/target/mt-flink-1-20-1.0-SNAPSHOT-fat.jar /sc/home/magnus.menger/repos/mt-flink-1-20/out/configs/1760629460300.yml
STDOUT:
 Job has been submitted with JobID 2d4c9044c35a0f915f9dd5440d81137a
Program execution finished
Job with JobID 2d4c9044c35a0f915f9dd5440d81137a has finished.
Job Runtime: 374626 ms


STDERR:
 

-------

Experiment #66/86
Configuration: {'benchmark.operator': 'AStream', 'benchmark.parallelism': 4}
Configuration file: /sc/home/magnus.menger/repos/mt-flink-1-20/out/configs/1760629839758.yml

Running command: /sc/home/magnus.menger/repos/mt-flink-1-20/flink-1.20.2/bin/flink run /sc/home/magnus.menger/repos/mt-flink-1-20/target/mt-flink-1-20-1.0-SNAPSHOT-fat.jar /sc/home/magnus.menger/repos/mt-flink-1-20/out/configs/1760629839758.yml
STDOUT:
 Job has been submitted with JobID c4af8d2a6e671cdb8f02ad1e2e602cc6
Program execution finished
Job with JobID c4af8d2a6e671cdb8f02ad1e2e602cc6 has finished.
Job Runtime: 498117 ms


STDERR:
 

-------

Experiment #67/86
Configuration: {'benchmark.operator': 'Optimized', 'benchmark.parallelism': 4, 'query_generator.aggregations': ['min', 'max', 'count', 'sum', 'avg_shared']}
Configuration file: /sc/home/magnus.menger/repos/mt-flink-1-20/out/configs/1760630343484.yml

Running command: /sc/home/magnus.menger/repos/mt-flink-1-20/flink-1.20.2/bin/flink run /sc/home/magnus.menger/repos/mt-flink-1-20/target/mt-flink-1-20-1.0-SNAPSHOT-fat.jar /sc/home/magnus.menger/repos/mt-flink-1-20/out/configs/1760630343484.yml
STDOUT:
 Job has been submitted with JobID e239e116f960052c6463a7a28ef285c9
Program execution finished
Job with JobID e239e116f960052c6463a7a28ef285c9 has finished.
Job Runtime: 373852 ms


STDERR:
 

-------

Experiment #68/86
Configuration: {'benchmark.operator': 'Baseline', 'benchmark.parallelism': 8}
Configuration file: /sc/home/magnus.menger/repos/mt-flink-1-20/out/configs/1760630722707.yml

Running command: /sc/home/magnus.menger/repos/mt-flink-1-20/flink-1.20.2/bin/flink run /sc/home/magnus.menger/repos/mt-flink-1-20/target/mt-flink-1-20-1.0-SNAPSHOT-fat.jar /sc/home/magnus.menger/repos/mt-flink-1-20/out/configs/1760630722707.yml
STDOUT:
 Job has been submitted with JobID 82decade2c294a0c04d14c21ca085ad2
Program execution finished
Job with JobID 82decade2c294a0c04d14c21ca085ad2 has finished.
Job Runtime: 404084 ms


STDERR:
 

-------

Experiment #69/86
Configuration: {'benchmark.operator': 'AStream', 'benchmark.parallelism': 8}
Configuration file: /sc/home/magnus.menger/repos/mt-flink-1-20/out/configs/1760631132481.yml

Running command: /sc/home/magnus.menger/repos/mt-flink-1-20/flink-1.20.2/bin/flink run /sc/home/magnus.menger/repos/mt-flink-1-20/target/mt-flink-1-20-1.0-SNAPSHOT-fat.jar /sc/home/magnus.menger/repos/mt-flink-1-20/out/configs/1760631132481.yml
STDOUT:
 Job has been submitted with JobID 65ac62a2aee75c1e84960df02ad529b8
Program execution finished
Job with JobID 65ac62a2aee75c1e84960df02ad529b8 has finished.
Job Runtime: 408570 ms


STDERR:
 

-------

Experiment #70/86
Configuration: {'benchmark.operator': 'Optimized', 'benchmark.parallelism': 8, 'query_generator.aggregations': ['min', 'max', 'count', 'sum', 'avg_shared']}
Configuration file: /sc/home/magnus.menger/repos/mt-flink-1-20/out/configs/1760631545727.yml

Running command: /sc/home/magnus.menger/repos/mt-flink-1-20/flink-1.20.2/bin/flink run /sc/home/magnus.menger/repos/mt-flink-1-20/target/mt-flink-1-20-1.0-SNAPSHOT-fat.jar /sc/home/magnus.menger/repos/mt-flink-1-20/out/configs/1760631545727.yml
STDOUT:
 Job has been submitted with JobID 4956ad2750705beb26e8f1f6022f225f
Program execution finished
Job with JobID 4956ad2750705beb26e8f1f6022f225f has finished.
Job Runtime: 293311 ms


STDERR:
 

-------

Experiment #71/86
Configuration: {'data_generator.data_source': 'Debs2013', 'benchmark.operator': 'Baseline', 'query_generator.max_parallelism': 1, 'query_generator.ending_per_batch': 0}
Configuration file: /sc/home/magnus.menger/repos/mt-flink-1-20/out/configs/1760631842675.yml

Running command: /sc/home/magnus.menger/repos/mt-flink-1-20/flink-1.20.2/bin/flink run /sc/home/magnus.menger/repos/mt-flink-1-20/target/mt-flink-1-20-1.0-SNAPSHOT-fat.jar /sc/home/magnus.menger/repos/mt-flink-1-20/out/configs/1760631842675.yml
STDOUT:
 Job has been submitted with JobID d0cc7a6e2e4febbf147b3116bde6b759
Program execution finished
Job with JobID d0cc7a6e2e4febbf147b3116bde6b759 has finished.
Job Runtime: 202504 ms


STDERR:
 

-------

Experiment #72/86
Configuration: {'data_generator.data_source': 'Debs2013', 'benchmark.operator': 'AStream', 'query_generator.max_parallelism': 1, 'query_generator.ending_per_batch': 0}
Configuration file: /sc/home/magnus.menger/repos/mt-flink-1-20/out/configs/1760632049447.yml

Running command: /sc/home/magnus.menger/repos/mt-flink-1-20/flink-1.20.2/bin/flink run /sc/home/magnus.menger/repos/mt-flink-1-20/target/mt-flink-1-20-1.0-SNAPSHOT-fat.jar /sc/home/magnus.menger/repos/mt-flink-1-20/out/configs/1760632049447.yml
STDOUT:
 Job has been submitted with JobID af26011b412f1acbe1b74d5a9775686d
Program execution finished
Job with JobID af26011b412f1acbe1b74d5a9775686d has finished.
Job Runtime: 202515 ms


STDERR:
 

-------

Experiment #73/86
Configuration: {'data_generator.data_source': 'Debs2013', 'benchmark.operator': 'Optimized', 'query_generator.max_parallelism': 1, 'query_generator.ending_per_batch': 0, 'query_generator.aggregations': ['min', 'max', 'count', 'sum', 'avg_shared']}
Configuration file: /sc/home/magnus.menger/repos/mt-flink-1-20/out/configs/1760632256306.yml

Running command: /sc/home/magnus.menger/repos/mt-flink-1-20/flink-1.20.2/bin/flink run /sc/home/magnus.menger/repos/mt-flink-1-20/target/mt-flink-1-20-1.0-SNAPSHOT-fat.jar /sc/home/magnus.menger/repos/mt-flink-1-20/out/configs/1760632256306.yml
STDOUT:
 Job has been submitted with JobID a3b1deece7c7b73155fad7a9a51e25cc
Program execution finished
Job with JobID a3b1deece7c7b73155fad7a9a51e25cc has finished.
Job Runtime: 200505 ms


STDERR:
 

-------

Experiment #74/86
Configuration: {'data_generator.data_source': 'Debs2013', 'benchmark.operator': 'Baseline', 'query_generator.max_parallelism': 50, 'query_generator.ending_per_batch': 5}
Configuration file: /sc/home/magnus.menger/repos/mt-flink-1-20/out/configs/1760632461114.yml

Running command: /sc/home/magnus.menger/repos/mt-flink-1-20/flink-1.20.2/bin/flink run /sc/home/magnus.menger/repos/mt-flink-1-20/target/mt-flink-1-20-1.0-SNAPSHOT-fat.jar /sc/home/magnus.menger/repos/mt-flink-1-20/out/configs/1760632461114.yml
STDOUT:
 Job has been submitted with JobID 862dc57d28dce92bddbb2ae444b3a2a6
Program execution finished
Job with JobID 862dc57d28dce92bddbb2ae444b3a2a6 has finished.
Job Runtime: 749472 ms


STDERR:
 

-------

Experiment #75/86
Configuration: {'data_generator.data_source': 'Debs2013', 'benchmark.operator': 'AStream', 'query_generator.max_parallelism': 50, 'query_generator.ending_per_batch': 5}
Configuration file: /sc/home/magnus.menger/repos/mt-flink-1-20/out/configs/1760633215010.yml

Running command: /sc/home/magnus.menger/repos/mt-flink-1-20/flink-1.20.2/bin/flink run /sc/home/magnus.menger/repos/mt-flink-1-20/target/mt-flink-1-20-1.0-SNAPSHOT-fat.jar /sc/home/magnus.menger/repos/mt-flink-1-20/out/configs/1760633215010.yml
STDOUT:
 Job has been submitted with JobID ba6cd41f0c5a11c740235f235909f05c
Program execution finished
Job with JobID ba6cd41f0c5a11c740235f235909f05c has finished.
Job Runtime: 700573 ms


STDERR:
 

-------

Experiment #76/86
Configuration: {'data_generator.data_source': 'Debs2013', 'benchmark.operator': 'Optimized', 'query_generator.max_parallelism': 50, 'query_generator.ending_per_batch': 5, 'query_generator.aggregations': ['min', 'max', 'count', 'sum', 'avg_shared']}
Configuration file: /sc/home/magnus.menger/repos/mt-flink-1-20/out/configs/1760633920697.yml

Running command: /sc/home/magnus.menger/repos/mt-flink-1-20/flink-1.20.2/bin/flink run /sc/home/magnus.menger/repos/mt-flink-1-20/target/mt-flink-1-20-1.0-SNAPSHOT-fat.jar /sc/home/magnus.menger/repos/mt-flink-1-20/out/configs/1760633920697.yml
STDOUT:
 Job has been submitted with JobID 44261e0e0612f627beb5aab625e5b76b
Program execution finished
Job with JobID 44261e0e0612f627beb5aab625e5b76b has finished.
Job Runtime: 955466 ms


STDERR:
 

-------

Experiment #77/86
Configuration: {'data_generator.data_source': 'Debs2013', 'benchmark.operator': 'Baseline', 'query_generator.max_parallelism': 200, 'query_generator.ending_per_batch': 20}
Configuration file: /sc/home/magnus.menger/repos/mt-flink-1-20/out/configs/1760634880758.yml

Running command: /sc/home/magnus.menger/repos/mt-flink-1-20/flink-1.20.2/bin/flink run /sc/home/magnus.menger/repos/mt-flink-1-20/target/mt-flink-1-20-1.0-SNAPSHOT-fat.jar /sc/home/magnus.menger/repos/mt-flink-1-20/out/configs/1760634880758.yml
STDOUT:
 Job has been submitted with JobID 001bd9e1b2d81c3632715bdb197043d1
Program execution finished
Job with JobID 001bd9e1b2d81c3632715bdb197043d1 has finished.
Job Runtime: 437454 ms


STDERR:
 

-------

Experiment #78/86
Configuration: {'data_generator.data_source': 'Debs2013', 'benchmark.operator': 'AStream', 'query_generator.max_parallelism': 200, 'query_generator.ending_per_batch': 20}
Configuration file: /sc/home/magnus.menger/repos/mt-flink-1-20/out/configs/1760635322110.yml

Running command: /sc/home/magnus.menger/repos/mt-flink-1-20/flink-1.20.2/bin/flink run /sc/home/magnus.menger/repos/mt-flink-1-20/target/mt-flink-1-20-1.0-SNAPSHOT-fat.jar /sc/home/magnus.menger/repos/mt-flink-1-20/out/configs/1760635322110.yml
STDOUT:
 Job has been submitted with JobID 065c74c0e61ff7f1e990376d1439a329
Program execution finished
Job with JobID 065c74c0e61ff7f1e990376d1439a329 has finished.
Job Runtime: 464882 ms


STDERR:
 

-------

Experiment #79/86
Configuration: {'data_generator.data_source': 'Debs2013', 'benchmark.operator': 'Optimized', 'query_generator.max_parallelism': 200, 'query_generator.ending_per_batch': 20, 'query_generator.aggregations': ['min', 'max', 'count', 'sum', 'avg_shared']}
Configuration file: /sc/home/magnus.menger/repos/mt-flink-1-20/out/configs/1760635791609.yml

Running command: /sc/home/magnus.menger/repos/mt-flink-1-20/flink-1.20.2/bin/flink run /sc/home/magnus.menger/repos/mt-flink-1-20/target/mt-flink-1-20-1.0-SNAPSHOT-fat.jar /sc/home/magnus.menger/repos/mt-flink-1-20/out/configs/1760635791609.yml
STDOUT:
 Job has been submitted with JobID 773fe2639c5e3a5bc6d7f9b6e88bfc39
Program execution finished
Job with JobID 773fe2639c5e3a5bc6d7f9b6e88bfc39 has finished.
Job Runtime: 575136 ms


STDERR:
 

-------

Experiment #80/86
Configuration: {'data_generator.data_source': 'Debs2013', 'benchmark.operator': 'Baseline', 'query_generator.max_parallelism': 1000, 'query_generator.ending_per_batch': 100}
Configuration file: /sc/home/magnus.menger/repos/mt-flink-1-20/out/configs/1760636371165.yml

Running command: /sc/home/magnus.menger/repos/mt-flink-1-20/flink-1.20.2/bin/flink run /sc/home/magnus.menger/repos/mt-flink-1-20/target/mt-flink-1-20-1.0-SNAPSHOT-fat.jar /sc/home/magnus.menger/repos/mt-flink-1-20/out/configs/1760636371165.yml
STDOUT:
 Job has been submitted with JobID 052feef8124bd8521d41d488e1fb0a18
Program execution finished
Job with JobID 052feef8124bd8521d41d488e1fb0a18 has finished.
Job Runtime: 453354 ms


STDERR:
 

-------

Experiment #81/86
Configuration: {'data_generator.data_source': 'Debs2013', 'benchmark.operator': 'AStream', 'query_generator.max_parallelism': 1000, 'query_generator.ending_per_batch': 100}
Configuration file: /sc/home/magnus.menger/repos/mt-flink-1-20/out/configs/1760636828547.yml

Running command: /sc/home/magnus.menger/repos/mt-flink-1-20/flink-1.20.2/bin/flink run /sc/home/magnus.menger/repos/mt-flink-1-20/target/mt-flink-1-20-1.0-SNAPSHOT-fat.jar /sc/home/magnus.menger/repos/mt-flink-1-20/out/configs/1760636828547.yml
STDOUT:
 Job has been submitted with JobID d421f7ae6568feed62cd9942163be9ea
Program execution finished
Job with JobID d421f7ae6568feed62cd9942163be9ea has finished.
Job Runtime: 423797 ms


STDERR:
 

-------

Experiment #82/86
Configuration: {'data_generator.data_source': 'Debs2013', 'benchmark.operator': 'Optimized', 'query_generator.max_parallelism': 1000, 'query_generator.ending_per_batch': 100, 'query_generator.aggregations': ['min', 'max', 'count', 'sum', 'avg_shared']}
Configuration file: /sc/home/magnus.menger/repos/mt-flink-1-20/out/configs/1760637257963.yml

Running command: /sc/home/magnus.menger/repos/mt-flink-1-20/flink-1.20.2/bin/flink run /sc/home/magnus.menger/repos/mt-flink-1-20/target/mt-flink-1-20-1.0-SNAPSHOT-fat.jar /sc/home/magnus.menger/repos/mt-flink-1-20/out/configs/1760637257963.yml
STDOUT:
 Job has been submitted with JobID de2256b8c304dc275b001a9ee9f6218a
Program execution finished
Job with JobID de2256b8c304dc275b001a9ee9f6218a has finished.
Job Runtime: 420143 ms


STDERR:
 

-------

Experiment #83/86
Configuration: {'data_generator.data_source': 'Debs2013', 'benchmark.operator': 'Baseline', 'query_generator.max_parallelism': 5000, 'query_generator.ending_per_batch': 500}
Configuration file: /sc/home/magnus.menger/repos/mt-flink-1-20/out/configs/1760637683278.yml

Running command: /sc/home/magnus.menger/repos/mt-flink-1-20/flink-1.20.2/bin/flink run /sc/home/magnus.menger/repos/mt-flink-1-20/target/mt-flink-1-20-1.0-SNAPSHOT-fat.jar /sc/home/magnus.menger/repos/mt-flink-1-20/out/configs/1760637683278.yml
STDOUT:
 Job has been submitted with JobID 7a6a026e668469935894e0f4d4d44624
Program execution finished
Job with JobID 7a6a026e668469935894e0f4d4d44624 has finished.
Job Runtime: 493186 ms


STDERR:
 

-------

Experiment #84/86
Configuration: {'data_generator.data_source': 'Debs2013', 'benchmark.operator': 'AStream', 'query_generator.max_parallelism': 5000, 'query_generator.ending_per_batch': 500}
Configuration file: /sc/home/magnus.menger/repos/mt-flink-1-20/out/configs/1760638180761.yml

Running command: /sc/home/magnus.menger/repos/mt-flink-1-20/flink-1.20.2/bin/flink run /sc/home/magnus.menger/repos/mt-flink-1-20/target/mt-flink-1-20-1.0-SNAPSHOT-fat.jar /sc/home/magnus.menger/repos/mt-flink-1-20/out/configs/1760638180761.yml
STDOUT:
 Job has been submitted with JobID 84aa68a7e6e7596414596136714b2b94
Program execution finished
Job with JobID 84aa68a7e6e7596414596136714b2b94 has finished.
Job Runtime: 467189 ms


STDERR:
 

-------

Experiment #85/86
Configuration: {'data_generator.data_source': 'Debs2013', 'benchmark.operator': 'Optimized', 'query_generator.max_parallelism': 5000, 'query_generator.ending_per_batch': 500, 'query_generator.aggregations': ['min', 'max', 'count', 'sum', 'avg_shared']}
Configuration file: /sc/home/magnus.menger/repos/mt-flink-1-20/out/configs/1760638652093.yml

Running command: /sc/home/magnus.menger/repos/mt-flink-1-20/flink-1.20.2/bin/flink run /sc/home/magnus.menger/repos/mt-flink-1-20/target/mt-flink-1-20-1.0-SNAPSHOT-fat.jar /sc/home/magnus.menger/repos/mt-flink-1-20/out/configs/1760638652093.yml
STDOUT:
 Job has been submitted with JobID e10c186e92b5d5e6784bbd89663a1d8d
Program execution finished
Job with JobID e10c186e92b5d5e6784bbd89663a1d8d has finished.
Job Runtime: 472012 ms


STDERR:
 

-------

Stopping taskexecutor daemon (pid: 918240) on host cx03.
Stopping standalonesession daemon (pid: 917696) on host cx03.
