+ JAVA=/sc/home/magnus.menger/java/jdk-11.0.28+6
+ FLINK_DIR=/sc/home/magnus.menger/repos/mt-flink-1-20/flink-1.20.2/bin
+ EXPERIMENT_SCRIPT=/sc/home/magnus.menger/repos/mt-plots/experiment_runner.py
+ export JAVA_HOME=/sc/home/magnus.menger/java/jdk-11.0.28+6
+ JAVA_HOME=/sc/home/magnus.menger/java/jdk-11.0.28+6
+ /sc/home/magnus.menger/repos/mt-flink-1-20/flink-1.20.2/bin/start-cluster.sh
Starting cluster.
Starting standalonesession daemon on host cx01.
Starting taskexecutor daemon on host cx01.
+ python /sc/home/magnus.menger/repos/mt-plots/experiment_runner.py
Script has working directory /sc/home/magnus.menger
Experiment #0/40
Configuration: {'benchmark.operator': 'Baseline', 'query_generator.max_parallelism': 1, 'query_generator.ending_per_batch': 0}
Configuration file: /sc/home/magnus.menger/repos/mt-flink-1-20/out/configs/1755859860297.yml

Running command: /sc/home/magnus.menger/repos/mt-flink-1-20/flink-1.20.2/bin/flink run /sc/home/magnus.menger/repos/mt-flink-1-20/target/mt-flink-1-20-1.0-SNAPSHOT-fat.jar /sc/home/magnus.menger/repos/mt-flink-1-20/out/configs/1755859860297.yml
STDOUT:
 Job has been submitted with JobID d80978cd37de8dece1a470ea9ef28ac7
Program execution finished
Job with JobID d80978cd37de8dece1a470ea9ef28ac7 has finished.
Job Runtime: 61177 ms


STDERR:
 

-------

Experiment #1/40
Configuration: {'benchmark.operator': 'AStream', 'query_generator.max_parallelism': 1, 'query_generator.ending_per_batch': 0}
Configuration file: /sc/home/magnus.menger/repos/mt-flink-1-20/out/configs/1755859926514.yml

Running command: /sc/home/magnus.menger/repos/mt-flink-1-20/flink-1.20.2/bin/flink run /sc/home/magnus.menger/repos/mt-flink-1-20/target/mt-flink-1-20-1.0-SNAPSHOT-fat.jar /sc/home/magnus.menger/repos/mt-flink-1-20/out/configs/1755859926514.yml
STDOUT:
 Job has been submitted with JobID e149a342304f124869f6a6d8c0ee02df
Program execution finished
Job with JobID e149a342304f124869f6a6d8c0ee02df has finished.
Job Runtime: 60478 ms


STDERR:
 

-------

Experiment #2/40
Configuration: {'benchmark.operator': 'Optimized', 'query_generator.max_parallelism': 1, 'query_generator.ending_per_batch': 0}
Configuration file: /sc/home/magnus.menger/repos/mt-flink-1-20/out/configs/1755859991325.yml

Running command: /sc/home/magnus.menger/repos/mt-flink-1-20/flink-1.20.2/bin/flink run /sc/home/magnus.menger/repos/mt-flink-1-20/target/mt-flink-1-20-1.0-SNAPSHOT-fat.jar /sc/home/magnus.menger/repos/mt-flink-1-20/out/configs/1755859991325.yml
STDOUT:
 Job has been submitted with JobID 87b4856a111ebc705626504e50acd862
Program execution finished
Job with JobID 87b4856a111ebc705626504e50acd862 has finished.
Job Runtime: 60537 ms


STDERR:
 

-------

Experiment #3/40
Configuration: {'benchmark.operator': 'Optimized', 'query_generator.max_parallelism': 1, 'query_generator.ending_per_batch': 0, 'query_generator.reuse_sum_and_count_for_avg': False}
Configuration file: /sc/home/magnus.menger/repos/mt-flink-1-20/out/configs/1755860055937.yml

Running command: /sc/home/magnus.menger/repos/mt-flink-1-20/flink-1.20.2/bin/flink run /sc/home/magnus.menger/repos/mt-flink-1-20/target/mt-flink-1-20-1.0-SNAPSHOT-fat.jar /sc/home/magnus.menger/repos/mt-flink-1-20/out/configs/1755860055937.yml
STDOUT:
 Job has been submitted with JobID 5bd54b56621277a99b7e9c19ce303768
Program execution finished
Job with JobID 5bd54b56621277a99b7e9c19ce303768 has finished.
Job Runtime: 60467 ms


STDERR:
 

-------

Experiment #4/40
Configuration: {'benchmark.operator': 'Baseline', 'query_generator.max_parallelism': 50, 'query_generator.ending_per_batch': 5}
Configuration file: /sc/home/magnus.menger/repos/mt-flink-1-20/out/configs/1755860120655.yml

Running command: /sc/home/magnus.menger/repos/mt-flink-1-20/flink-1.20.2/bin/flink run /sc/home/magnus.menger/repos/mt-flink-1-20/target/mt-flink-1-20-1.0-SNAPSHOT-fat.jar /sc/home/magnus.menger/repos/mt-flink-1-20/out/configs/1755860120655.yml
STDOUT:
 Job has been submitted with JobID bb787c46901527a5c0944e5edb8e2c82
Program execution finished
Job with JobID bb787c46901527a5c0944e5edb8e2c82 has finished.
Job Runtime: 60493 ms


STDERR:
 

-------

Experiment #5/40
Configuration: {'benchmark.operator': 'AStream', 'query_generator.max_parallelism': 50, 'query_generator.ending_per_batch': 5}
Configuration file: /sc/home/magnus.menger/repos/mt-flink-1-20/out/configs/1755860185193.yml

Running command: /sc/home/magnus.menger/repos/mt-flink-1-20/flink-1.20.2/bin/flink run /sc/home/magnus.menger/repos/mt-flink-1-20/target/mt-flink-1-20-1.0-SNAPSHOT-fat.jar /sc/home/magnus.menger/repos/mt-flink-1-20/out/configs/1755860185193.yml
STDOUT:
 Job has been submitted with JobID 23143e9b454c55395f6bd207a7177a39
Program execution finished
Job with JobID 23143e9b454c55395f6bd207a7177a39 has finished.
Job Runtime: 60460 ms


STDERR:
 

-------

Experiment #6/40
Configuration: {'benchmark.operator': 'Optimized', 'query_generator.max_parallelism': 50, 'query_generator.ending_per_batch': 5}
Configuration file: /sc/home/magnus.menger/repos/mt-flink-1-20/out/configs/1755860249787.yml

Running command: /sc/home/magnus.menger/repos/mt-flink-1-20/flink-1.20.2/bin/flink run /sc/home/magnus.menger/repos/mt-flink-1-20/target/mt-flink-1-20-1.0-SNAPSHOT-fat.jar /sc/home/magnus.menger/repos/mt-flink-1-20/out/configs/1755860249787.yml
STDOUT:
 Job has been submitted with JobID 2cc00618077b3193c58ed3fc23cab6a0
Program execution finished
Job with JobID 2cc00618077b3193c58ed3fc23cab6a0 has finished.
Job Runtime: 60448 ms


STDERR:
 

-------

Experiment #7/40
Configuration: {'benchmark.operator': 'Optimized', 'query_generator.max_parallelism': 50, 'query_generator.ending_per_batch': 5, 'query_generator.reuse_sum_and_count_for_avg': False}
Configuration file: /sc/home/magnus.menger/repos/mt-flink-1-20/out/configs/1755860314416.yml

Running command: /sc/home/magnus.menger/repos/mt-flink-1-20/flink-1.20.2/bin/flink run /sc/home/magnus.menger/repos/mt-flink-1-20/target/mt-flink-1-20-1.0-SNAPSHOT-fat.jar /sc/home/magnus.menger/repos/mt-flink-1-20/out/configs/1755860314416.yml
STDOUT:
 Job has been submitted with JobID 09222bd15ef17fbacca92dd53ce8c9b8
Program execution finished
Job with JobID 09222bd15ef17fbacca92dd53ce8c9b8 has finished.
Job Runtime: 60438 ms


STDERR:
 

-------

Experiment #8/40
Configuration: {'benchmark.operator': 'Baseline', 'query_generator.max_parallelism': 200, 'query_generator.ending_per_batch': 20}
Configuration file: /sc/home/magnus.menger/repos/mt-flink-1-20/out/configs/1755860379059.yml

Running command: /sc/home/magnus.menger/repos/mt-flink-1-20/flink-1.20.2/bin/flink run /sc/home/magnus.menger/repos/mt-flink-1-20/target/mt-flink-1-20-1.0-SNAPSHOT-fat.jar /sc/home/magnus.menger/repos/mt-flink-1-20/out/configs/1755860379059.yml
STDOUT:
 Job has been submitted with JobID 65d2b2a5730207e4134e60ca790b5df5
Program execution finished
Job with JobID 65d2b2a5730207e4134e60ca790b5df5 has finished.
Job Runtime: 60462 ms


STDERR:
 

-------

Experiment #9/40
Configuration: {'benchmark.operator': 'AStream', 'query_generator.max_parallelism': 200, 'query_generator.ending_per_batch': 20}
Configuration file: /sc/home/magnus.menger/repos/mt-flink-1-20/out/configs/1755860443725.yml

Running command: /sc/home/magnus.menger/repos/mt-flink-1-20/flink-1.20.2/bin/flink run /sc/home/magnus.menger/repos/mt-flink-1-20/target/mt-flink-1-20-1.0-SNAPSHOT-fat.jar /sc/home/magnus.menger/repos/mt-flink-1-20/out/configs/1755860443725.yml
STDOUT:
 Job has been submitted with JobID 9638ac49b08aad29b8aa7b28c62f1abc
Program execution finished
Job with JobID 9638ac49b08aad29b8aa7b28c62f1abc has finished.
Job Runtime: 60448 ms


STDERR:
 

-------

Experiment #10/40
Configuration: {'benchmark.operator': 'Optimized', 'query_generator.max_parallelism': 200, 'query_generator.ending_per_batch': 20}
Configuration file: /sc/home/magnus.menger/repos/mt-flink-1-20/out/configs/1755860508248.yml

Running command: /sc/home/magnus.menger/repos/mt-flink-1-20/flink-1.20.2/bin/flink run /sc/home/magnus.menger/repos/mt-flink-1-20/target/mt-flink-1-20-1.0-SNAPSHOT-fat.jar /sc/home/magnus.menger/repos/mt-flink-1-20/out/configs/1755860508248.yml
STDOUT:
 Job has been submitted with JobID e150ffdbaef5f579cd4107a2197eb943
Program execution finished
Job with JobID e150ffdbaef5f579cd4107a2197eb943 has finished.
Job Runtime: 60448 ms


STDERR:
 

-------

Experiment #11/40
Configuration: {'benchmark.operator': 'Optimized', 'query_generator.max_parallelism': 200, 'query_generator.ending_per_batch': 20, 'query_generator.reuse_sum_and_count_for_avg': False}
Configuration file: /sc/home/magnus.menger/repos/mt-flink-1-20/out/configs/1755860572819.yml

Running command: /sc/home/magnus.menger/repos/mt-flink-1-20/flink-1.20.2/bin/flink run /sc/home/magnus.menger/repos/mt-flink-1-20/target/mt-flink-1-20-1.0-SNAPSHOT-fat.jar /sc/home/magnus.menger/repos/mt-flink-1-20/out/configs/1755860572819.yml
STDOUT:
 Job has been submitted with JobID 594509259ddd285874593df3a0832889
Program execution finished
Job with JobID 594509259ddd285874593df3a0832889 has finished.
Job Runtime: 60450 ms


STDERR:
 

-------

Experiment #12/40
Configuration: {'benchmark.operator': 'Baseline', 'query_generator.max_parallelism': 1000, 'query_generator.ending_per_batch': 100}
Configuration file: /sc/home/magnus.menger/repos/mt-flink-1-20/out/configs/1755860637560.yml

Running command: /sc/home/magnus.menger/repos/mt-flink-1-20/flink-1.20.2/bin/flink run /sc/home/magnus.menger/repos/mt-flink-1-20/target/mt-flink-1-20-1.0-SNAPSHOT-fat.jar /sc/home/magnus.menger/repos/mt-flink-1-20/out/configs/1755860637560.yml
STDOUT:
 Job has been submitted with JobID 8a923e6723b67676b9269bd0a24dbee9
Program execution finished
Job with JobID 8a923e6723b67676b9269bd0a24dbee9 has finished.
Job Runtime: 60458 ms


STDERR:
 

-------

Experiment #13/40
Configuration: {'benchmark.operator': 'AStream', 'query_generator.max_parallelism': 1000, 'query_generator.ending_per_batch': 100}
Configuration file: /sc/home/magnus.menger/repos/mt-flink-1-20/out/configs/1755860702193.yml

Running command: /sc/home/magnus.menger/repos/mt-flink-1-20/flink-1.20.2/bin/flink run /sc/home/magnus.menger/repos/mt-flink-1-20/target/mt-flink-1-20-1.0-SNAPSHOT-fat.jar /sc/home/magnus.menger/repos/mt-flink-1-20/out/configs/1755860702193.yml
STDOUT:
 Job has been submitted with JobID 0a018c679c71d9f1baa91d6b59e259f5
Program execution finished
Job with JobID 0a018c679c71d9f1baa91d6b59e259f5 has finished.
Job Runtime: 60470 ms


STDERR:
 

-------

Experiment #14/40
Configuration: {'benchmark.operator': 'Optimized', 'query_generator.max_parallelism': 1000, 'query_generator.ending_per_batch': 100}
Configuration file: /sc/home/magnus.menger/repos/mt-flink-1-20/out/configs/1755860766993.yml

Running command: /sc/home/magnus.menger/repos/mt-flink-1-20/flink-1.20.2/bin/flink run /sc/home/magnus.menger/repos/mt-flink-1-20/target/mt-flink-1-20-1.0-SNAPSHOT-fat.jar /sc/home/magnus.menger/repos/mt-flink-1-20/out/configs/1755860766993.yml
STDOUT:
 Job has been submitted with JobID b54265d744f233f0763e60c0068fa651
Program execution finished
Job with JobID b54265d744f233f0763e60c0068fa651 has finished.
Job Runtime: 60479 ms


STDERR:
 

-------

Experiment #15/40
Configuration: {'benchmark.operator': 'Optimized', 'query_generator.max_parallelism': 1000, 'query_generator.ending_per_batch': 100, 'query_generator.reuse_sum_and_count_for_avg': False}
Configuration file: /sc/home/magnus.menger/repos/mt-flink-1-20/out/configs/1755860831541.yml

Running command: /sc/home/magnus.menger/repos/mt-flink-1-20/flink-1.20.2/bin/flink run /sc/home/magnus.menger/repos/mt-flink-1-20/target/mt-flink-1-20-1.0-SNAPSHOT-fat.jar /sc/home/magnus.menger/repos/mt-flink-1-20/out/configs/1755860831541.yml
STDOUT:
 Job has been submitted with JobID ec059d6a7aac23b52f77397949b1a574
Program execution finished
Job with JobID ec059d6a7aac23b52f77397949b1a574 has finished.
Job Runtime: 60464 ms


STDERR:
 

-------

Experiment #16/40
Configuration: {'benchmark.operator': 'Baseline', 'query_generator.max_parallelism': 5000, 'query_generator.ending_per_batch': 500}
Configuration file: /sc/home/magnus.menger/repos/mt-flink-1-20/out/configs/1755860896169.yml

Running command: /sc/home/magnus.menger/repos/mt-flink-1-20/flink-1.20.2/bin/flink run /sc/home/magnus.menger/repos/mt-flink-1-20/target/mt-flink-1-20-1.0-SNAPSHOT-fat.jar /sc/home/magnus.menger/repos/mt-flink-1-20/out/configs/1755860896169.yml
STDOUT:
 Job has been submitted with JobID 4bbb70bdcee6b04bea41229262e400fd
Program execution finished
Job with JobID 4bbb70bdcee6b04bea41229262e400fd has finished.
Job Runtime: 60459 ms


STDERR:
 

-------

Experiment #17/40
Configuration: {'benchmark.operator': 'AStream', 'query_generator.max_parallelism': 5000, 'query_generator.ending_per_batch': 500}
Configuration file: /sc/home/magnus.menger/repos/mt-flink-1-20/out/configs/1755860960705.yml

Running command: /sc/home/magnus.menger/repos/mt-flink-1-20/flink-1.20.2/bin/flink run /sc/home/magnus.menger/repos/mt-flink-1-20/target/mt-flink-1-20-1.0-SNAPSHOT-fat.jar /sc/home/magnus.menger/repos/mt-flink-1-20/out/configs/1755860960705.yml
STDOUT:
 Job has been submitted with JobID 7c388bd234a14bc2b3475d1acf241195
Program execution finished
Job with JobID 7c388bd234a14bc2b3475d1acf241195 has finished.
Job Runtime: 60462 ms


STDERR:
 

-------

Experiment #18/40
Configuration: {'benchmark.operator': 'Optimized', 'query_generator.max_parallelism': 5000, 'query_generator.ending_per_batch': 500}
Configuration file: /sc/home/magnus.menger/repos/mt-flink-1-20/out/configs/1755861025311.yml

Running command: /sc/home/magnus.menger/repos/mt-flink-1-20/flink-1.20.2/bin/flink run /sc/home/magnus.menger/repos/mt-flink-1-20/target/mt-flink-1-20-1.0-SNAPSHOT-fat.jar /sc/home/magnus.menger/repos/mt-flink-1-20/out/configs/1755861025311.yml
STDOUT:
 Job has been submitted with JobID 68da2c0d46f0179a9986debccc593f57
Program execution finished
Job with JobID 68da2c0d46f0179a9986debccc593f57 has finished.
Job Runtime: 60660 ms


STDERR:
 

-------

Experiment #19/40
Configuration: {'benchmark.operator': 'Optimized', 'query_generator.max_parallelism': 5000, 'query_generator.ending_per_batch': 500, 'query_generator.reuse_sum_and_count_for_avg': False}
Configuration file: /sc/home/magnus.menger/repos/mt-flink-1-20/out/configs/1755861089981.yml

Running command: /sc/home/magnus.menger/repos/mt-flink-1-20/flink-1.20.2/bin/flink run /sc/home/magnus.menger/repos/mt-flink-1-20/target/mt-flink-1-20-1.0-SNAPSHOT-fat.jar /sc/home/magnus.menger/repos/mt-flink-1-20/out/configs/1755861089981.yml
STDOUT:
 Job has been submitted with JobID b1ed92c1471c1403b64ff06c021f6b9c
Program execution finished
Job with JobID b1ed92c1471c1403b64ff06c021f6b9c has finished.
Job Runtime: 60985 ms


STDERR:
 

-------

Experiment #20/40
Configuration: {'benchmark.operator': 'Baseline', 'query_generator.different_aggregations': 1}
Configuration file: /sc/home/magnus.menger/repos/mt-flink-1-20/out/configs/1755861154690.yml

Running command: /sc/home/magnus.menger/repos/mt-flink-1-20/flink-1.20.2/bin/flink run /sc/home/magnus.menger/repos/mt-flink-1-20/target/mt-flink-1-20-1.0-SNAPSHOT-fat.jar /sc/home/magnus.menger/repos/mt-flink-1-20/out/configs/1755861154690.yml
STDOUT:
 Job has been submitted with JobID 3609f77d5ee8389ffb66443c8cf3a715
Program execution finished
Job with JobID 3609f77d5ee8389ffb66443c8cf3a715 has finished.
Job Runtime: 60464 ms


STDERR:
 

-------

Experiment #21/40
Configuration: {'benchmark.operator': 'AStream', 'query_generator.different_aggregations': 1}
Configuration file: /sc/home/magnus.menger/repos/mt-flink-1-20/out/configs/1755861219444.yml

Running command: /sc/home/magnus.menger/repos/mt-flink-1-20/flink-1.20.2/bin/flink run /sc/home/magnus.menger/repos/mt-flink-1-20/target/mt-flink-1-20-1.0-SNAPSHOT-fat.jar /sc/home/magnus.menger/repos/mt-flink-1-20/out/configs/1755861219444.yml
STDOUT:
 Job has been submitted with JobID c425c366c8919fa894dec83c9f38fca1
Program execution finished
Job with JobID c425c366c8919fa894dec83c9f38fca1 has finished.
Job Runtime: 60550 ms


STDERR:
 

-------

Experiment #22/40
Configuration: {'benchmark.operator': 'Optimized', 'query_generator.different_aggregations': 1}
Configuration file: /sc/home/magnus.menger/repos/mt-flink-1-20/out/configs/1755861284262.yml

Running command: /sc/home/magnus.menger/repos/mt-flink-1-20/flink-1.20.2/bin/flink run /sc/home/magnus.menger/repos/mt-flink-1-20/target/mt-flink-1-20-1.0-SNAPSHOT-fat.jar /sc/home/magnus.menger/repos/mt-flink-1-20/out/configs/1755861284262.yml
STDOUT:
 Job has been submitted with JobID 0df9246c15fcef732f60f00f69663667
Program execution finished
Job with JobID 0df9246c15fcef732f60f00f69663667 has finished.
Job Runtime: 60440 ms


STDERR:
 

-------

Experiment #23/40
Configuration: {'benchmark.operator': 'Optimized', 'query_generator.different_aggregations': 1, 'query_generator.reuse_sum_and_count_for_avg': False}
Configuration file: /sc/home/magnus.menger/repos/mt-flink-1-20/out/configs/1755861348882.yml

Running command: /sc/home/magnus.menger/repos/mt-flink-1-20/flink-1.20.2/bin/flink run /sc/home/magnus.menger/repos/mt-flink-1-20/target/mt-flink-1-20-1.0-SNAPSHOT-fat.jar /sc/home/magnus.menger/repos/mt-flink-1-20/out/configs/1755861348882.yml
STDOUT:
 Job has been submitted with JobID db28386ba7b81ed94a0e72cb33e9cc63
Program execution finished
Job with JobID db28386ba7b81ed94a0e72cb33e9cc63 has finished.
Job Runtime: 60454 ms


STDERR:
 

-------

Experiment #24/40
Configuration: {'benchmark.operator': 'Baseline', 'query_generator.different_aggregations': 5}
Configuration file: /sc/home/magnus.menger/repos/mt-flink-1-20/out/configs/1755861413369.yml

Running command: /sc/home/magnus.menger/repos/mt-flink-1-20/flink-1.20.2/bin/flink run /sc/home/magnus.menger/repos/mt-flink-1-20/target/mt-flink-1-20-1.0-SNAPSHOT-fat.jar /sc/home/magnus.menger/repos/mt-flink-1-20/out/configs/1755861413369.yml
STDOUT:
 Job has been submitted with JobID 056a6bbf9915564bda126f006059bfb4
Program execution finished
Job with JobID 056a6bbf9915564bda126f006059bfb4 has finished.
Job Runtime: 60444 ms


STDERR:
 

-------

Experiment #25/40
Configuration: {'benchmark.operator': 'AStream', 'query_generator.different_aggregations': 5}
Configuration file: /sc/home/magnus.menger/repos/mt-flink-1-20/out/configs/1755861478186.yml

Running command: /sc/home/magnus.menger/repos/mt-flink-1-20/flink-1.20.2/bin/flink run /sc/home/magnus.menger/repos/mt-flink-1-20/target/mt-flink-1-20-1.0-SNAPSHOT-fat.jar /sc/home/magnus.menger/repos/mt-flink-1-20/out/configs/1755861478186.yml
STDOUT:
 Job has been submitted with JobID ed2178396e2f07d9d4d9539d15a4b457
Program execution finished
Job with JobID ed2178396e2f07d9d4d9539d15a4b457 has finished.
Job Runtime: 60437 ms


STDERR:
 

-------

Experiment #26/40
Configuration: {'benchmark.operator': 'Optimized', 'query_generator.different_aggregations': 5}
Configuration file: /sc/home/magnus.menger/repos/mt-flink-1-20/out/configs/1755861542722.yml

Running command: /sc/home/magnus.menger/repos/mt-flink-1-20/flink-1.20.2/bin/flink run /sc/home/magnus.menger/repos/mt-flink-1-20/target/mt-flink-1-20-1.0-SNAPSHOT-fat.jar /sc/home/magnus.menger/repos/mt-flink-1-20/out/configs/1755861542722.yml
STDOUT:
 Job has been submitted with JobID 6a431831d302e9efb1da6c6d0a775fbc
Program execution finished
Job with JobID 6a431831d302e9efb1da6c6d0a775fbc has finished.
Job Runtime: 60421 ms


STDERR:
 

-------

Experiment #27/40
Configuration: {'benchmark.operator': 'Optimized', 'query_generator.different_aggregations': 5, 'query_generator.reuse_sum_and_count_for_avg': False}
Configuration file: /sc/home/magnus.menger/repos/mt-flink-1-20/out/configs/1755861607280.yml

Running command: /sc/home/magnus.menger/repos/mt-flink-1-20/flink-1.20.2/bin/flink run /sc/home/magnus.menger/repos/mt-flink-1-20/target/mt-flink-1-20-1.0-SNAPSHOT-fat.jar /sc/home/magnus.menger/repos/mt-flink-1-20/out/configs/1755861607280.yml
STDOUT:
 Job has been submitted with JobID b51663af465c884adbedec891b1803aa
Program execution finished
Job with JobID b51663af465c884adbedec891b1803aa has finished.
Job Runtime: 60460 ms


STDERR:
 

-------

Experiment #28/40
Configuration: {'benchmark.operator': 'Baseline', 'query_generator.different_aggregations': 20}
Configuration file: /sc/home/magnus.menger/repos/mt-flink-1-20/out/configs/1755861671980.yml

Running command: /sc/home/magnus.menger/repos/mt-flink-1-20/flink-1.20.2/bin/flink run /sc/home/magnus.menger/repos/mt-flink-1-20/target/mt-flink-1-20-1.0-SNAPSHOT-fat.jar /sc/home/magnus.menger/repos/mt-flink-1-20/out/configs/1755861671980.yml
STDOUT:
 Job has been submitted with JobID ded5accc3902754827711a76d0393796
Program execution finished
Job with JobID ded5accc3902754827711a76d0393796 has finished.
Job Runtime: 60503 ms


STDERR:
 

-------

Experiment #29/40
Configuration: {'benchmark.operator': 'AStream', 'query_generator.different_aggregations': 20}
Configuration file: /sc/home/magnus.menger/repos/mt-flink-1-20/out/configs/1755861736717.yml

Running command: /sc/home/magnus.menger/repos/mt-flink-1-20/flink-1.20.2/bin/flink run /sc/home/magnus.menger/repos/mt-flink-1-20/target/mt-flink-1-20-1.0-SNAPSHOT-fat.jar /sc/home/magnus.menger/repos/mt-flink-1-20/out/configs/1755861736717.yml
STDOUT:
 Job has been submitted with JobID 42e0388be6b71abebc88bc6255b65f41
Program execution finished
Job with JobID 42e0388be6b71abebc88bc6255b65f41 has finished.
Job Runtime: 60475 ms


STDERR:
 

-------

Experiment #30/40
Configuration: {'benchmark.operator': 'Optimized', 'query_generator.different_aggregations': 20}
Configuration file: /sc/home/magnus.menger/repos/mt-flink-1-20/out/configs/1755861801579.yml

Running command: /sc/home/magnus.menger/repos/mt-flink-1-20/flink-1.20.2/bin/flink run /sc/home/magnus.menger/repos/mt-flink-1-20/target/mt-flink-1-20-1.0-SNAPSHOT-fat.jar /sc/home/magnus.menger/repos/mt-flink-1-20/out/configs/1755861801579.yml
STDOUT:
 Job has been submitted with JobID 7acfb258fc388f112015ba8fe5d1531b
Program execution finished
Job with JobID 7acfb258fc388f112015ba8fe5d1531b has finished.
Job Runtime: 60434 ms


STDERR:
 

-------

Experiment #31/40
Configuration: {'benchmark.operator': 'Optimized', 'query_generator.different_aggregations': 20, 'query_generator.reuse_sum_and_count_for_avg': False}
Configuration file: /sc/home/magnus.menger/repos/mt-flink-1-20/out/configs/1755861866272.yml

Running command: /sc/home/magnus.menger/repos/mt-flink-1-20/flink-1.20.2/bin/flink run /sc/home/magnus.menger/repos/mt-flink-1-20/target/mt-flink-1-20-1.0-SNAPSHOT-fat.jar /sc/home/magnus.menger/repos/mt-flink-1-20/out/configs/1755861866272.yml
STDOUT:
 Job has been submitted with JobID 116a522cc5f66961120bd1dbe297e37f
Program execution finished
Job with JobID 116a522cc5f66961120bd1dbe297e37f has finished.
Job Runtime: 60494 ms


STDERR:
 

-------

Experiment #32/40
Configuration: {'benchmark.operator': 'Baseline', 'query_generator.different_filters': 50}
Configuration file: /sc/home/magnus.menger/repos/mt-flink-1-20/out/configs/1755861930802.yml

Running command: /sc/home/magnus.menger/repos/mt-flink-1-20/flink-1.20.2/bin/flink run /sc/home/magnus.menger/repos/mt-flink-1-20/target/mt-flink-1-20-1.0-SNAPSHOT-fat.jar /sc/home/magnus.menger/repos/mt-flink-1-20/out/configs/1755861930802.yml
STDOUT:
 Job has been submitted with JobID 650b54de91cfb692485c4041001dcbe3
Program execution finished
Job with JobID 650b54de91cfb692485c4041001dcbe3 has finished.
Job Runtime: 60460 ms


STDERR:
 

-------

Experiment #33/40
Configuration: {'benchmark.operator': 'AStream', 'query_generator.different_filters': 50}
Configuration file: /sc/home/magnus.menger/repos/mt-flink-1-20/out/configs/1755861995606.yml

Running command: /sc/home/magnus.menger/repos/mt-flink-1-20/flink-1.20.2/bin/flink run /sc/home/magnus.menger/repos/mt-flink-1-20/target/mt-flink-1-20-1.0-SNAPSHOT-fat.jar /sc/home/magnus.menger/repos/mt-flink-1-20/out/configs/1755861995606.yml
STDOUT:
 Job has been submitted with JobID 0f922a26cb00376cda54c6230d8124ef
Program execution finished
Job with JobID 0f922a26cb00376cda54c6230d8124ef has finished.
Job Runtime: 60452 ms


STDERR:
 

-------

Experiment #34/40
Configuration: {'benchmark.operator': 'Optimized', 'query_generator.different_filters': 50}
Configuration file: /sc/home/magnus.menger/repos/mt-flink-1-20/out/configs/1755862060295.yml

Running command: /sc/home/magnus.menger/repos/mt-flink-1-20/flink-1.20.2/bin/flink run /sc/home/magnus.menger/repos/mt-flink-1-20/target/mt-flink-1-20-1.0-SNAPSHOT-fat.jar /sc/home/magnus.menger/repos/mt-flink-1-20/out/configs/1755862060295.yml
STDOUT:
 Job has been submitted with JobID 0ac97f7edb45fe9cf04a1a3aa2500c35
Program execution finished
Job with JobID 0ac97f7edb45fe9cf04a1a3aa2500c35 has finished.
Job Runtime: 60435 ms


STDERR:
 

-------

Experiment #35/40
Configuration: {'benchmark.operator': 'Optimized', 'query_generator.different_filters': 50, 'query_generator.reuse_sum_and_count_for_avg': False}
Configuration file: /sc/home/magnus.menger/repos/mt-flink-1-20/out/configs/1755862124936.yml

Running command: /sc/home/magnus.menger/repos/mt-flink-1-20/flink-1.20.2/bin/flink run /sc/home/magnus.menger/repos/mt-flink-1-20/target/mt-flink-1-20-1.0-SNAPSHOT-fat.jar /sc/home/magnus.menger/repos/mt-flink-1-20/out/configs/1755862124936.yml
STDOUT:
 Job has been submitted with JobID 12aba5d557cfe8563a6642dc9aeb6720
Program execution finished
Job with JobID 12aba5d557cfe8563a6642dc9aeb6720 has finished.
Job Runtime: 60489 ms


STDERR:
 

-------

Experiment #36/40
Configuration: {'benchmark.operator': 'Baseline', 'query_generator.different_filters': 200}
Configuration file: /sc/home/magnus.menger/repos/mt-flink-1-20/out/configs/1755862189546.yml

Running command: /sc/home/magnus.menger/repos/mt-flink-1-20/flink-1.20.2/bin/flink run /sc/home/magnus.menger/repos/mt-flink-1-20/target/mt-flink-1-20-1.0-SNAPSHOT-fat.jar /sc/home/magnus.menger/repos/mt-flink-1-20/out/configs/1755862189546.yml
STDOUT:
 Job has been submitted with JobID 9169afaddf55e7ce44f11686658bdb63
Program execution finished
Job with JobID 9169afaddf55e7ce44f11686658bdb63 has finished.
Job Runtime: 60430 ms


STDERR:
 

-------

Experiment #37/40
Configuration: {'benchmark.operator': 'AStream', 'query_generator.different_filters': 200}
Configuration file: /sc/home/magnus.menger/repos/mt-flink-1-20/out/configs/1755862254078.yml

Running command: /sc/home/magnus.menger/repos/mt-flink-1-20/flink-1.20.2/bin/flink run /sc/home/magnus.menger/repos/mt-flink-1-20/target/mt-flink-1-20-1.0-SNAPSHOT-fat.jar /sc/home/magnus.menger/repos/mt-flink-1-20/out/configs/1755862254078.yml
STDOUT:
 Job has been submitted with JobID 5669cec5987e266e6254af9f2c25799f
Program execution finished
Job with JobID 5669cec5987e266e6254af9f2c25799f has finished.
Job Runtime: 60463 ms


STDERR:
 

-------

Experiment #38/40
Configuration: {'benchmark.operator': 'Optimized', 'query_generator.different_filters': 200}
Configuration file: /sc/home/magnus.menger/repos/mt-flink-1-20/out/configs/1755862318591.yml

Running command: /sc/home/magnus.menger/repos/mt-flink-1-20/flink-1.20.2/bin/flink run /sc/home/magnus.menger/repos/mt-flink-1-20/target/mt-flink-1-20-1.0-SNAPSHOT-fat.jar /sc/home/magnus.menger/repos/mt-flink-1-20/out/configs/1755862318591.yml
STDOUT:
 Job has been submitted with JobID f4f45adee4d62bb0fecadbe4d1c1674c
Program execution finished
Job with JobID f4f45adee4d62bb0fecadbe4d1c1674c has finished.
Job Runtime: 60454 ms


STDERR:
 

-------

Experiment #39/40
Configuration: {'benchmark.operator': 'Optimized', 'query_generator.different_filters': 200, 'query_generator.reuse_sum_and_count_for_avg': False}
Configuration file: /sc/home/magnus.menger/repos/mt-flink-1-20/out/configs/1755862383136.yml

Running command: /sc/home/magnus.menger/repos/mt-flink-1-20/flink-1.20.2/bin/flink run /sc/home/magnus.menger/repos/mt-flink-1-20/target/mt-flink-1-20-1.0-SNAPSHOT-fat.jar /sc/home/magnus.menger/repos/mt-flink-1-20/out/configs/1755862383136.yml
STDOUT:
 Job has been submitted with JobID 5bc310e0b90a4991780b9e9a9cfbb56d
Program execution finished
Job with JobID 5bc310e0b90a4991780b9e9a9cfbb56d has finished.
Job Runtime: 60466 ms


STDERR:
 

-------

+ /sc/home/magnus.menger/repos/mt-flink-1-20/flink-1.20.2/bin/stop-cluster.sh
Stopping taskexecutor daemon (pid: 1023856) on host cx01.
Stopping standalonesession daemon (pid: 1023305) on host cx01.
