+ JAVA=/sc/home/magnus.menger/java/jdk-11.0.28+6
+ FLINK_DIR=/sc/home/magnus.menger/repos/mt-flink-1-20/flink-1.20.2/bin
+ EXPERIMENT_SCRIPT=/sc/home/magnus.menger/repos/mt-plots/experiment_runner.py
+ export JAVA_HOME=/sc/home/magnus.menger/java/jdk-11.0.28+6
+ JAVA_HOME=/sc/home/magnus.menger/java/jdk-11.0.28+6
+ /sc/home/magnus.menger/repos/mt-flink-1-20/flink-1.20.2/bin/start-cluster.sh
Starting cluster.
Starting standalonesession daemon on host cx03.
Starting taskexecutor daemon on host cx03.
+ python /sc/home/magnus.menger/repos/mt-plots/experiment_runner.py
Script has working directory /sc/home/magnus.menger
Experiment #0/40
Configuration: {'query_generator.used_fields': 5, 'benchmark.operator': 'Baseline', 'query_generator.max_parallelism': 1, 'query_generator.ending_per_batch': 0}
Configuration file: /sc/home/magnus.menger/repos/mt-flink-1-20/out/configs/1756129204870.yml

Running command: /sc/home/magnus.menger/repos/mt-flink-1-20/flink-1.20.2/bin/flink run /sc/home/magnus.menger/repos/mt-flink-1-20/target/mt-flink-1-20-1.0-SNAPSHOT-fat.jar /sc/home/magnus.menger/repos/mt-flink-1-20/out/configs/1756129204870.yml
STDOUT:
 Job has been submitted with JobID d3198e9dfb67437e3e1e59f2e9a9aeb1
Program execution finished
Job with JobID d3198e9dfb67437e3e1e59f2e9a9aeb1 has finished.
Job Runtime: 501511 ms


STDERR:
 

-------

Experiment #1/40
Configuration: {'query_generator.used_fields': 5, 'benchmark.operator': 'AStream', 'query_generator.max_parallelism': 1, 'query_generator.ending_per_batch': 0}
Configuration file: /sc/home/magnus.menger/repos/mt-flink-1-20/out/configs/1756129713659.yml

Running command: /sc/home/magnus.menger/repos/mt-flink-1-20/flink-1.20.2/bin/flink run /sc/home/magnus.menger/repos/mt-flink-1-20/target/mt-flink-1-20-1.0-SNAPSHOT-fat.jar /sc/home/magnus.menger/repos/mt-flink-1-20/out/configs/1756129713659.yml
STDOUT:
 Job has been submitted with JobID 70ca936a5b43a11ddb4c4acd5c719f12
Program execution finished
Job with JobID 70ca936a5b43a11ddb4c4acd5c719f12 has finished.
Job Runtime: 500547 ms


STDERR:
 

-------

Experiment #2/40
Configuration: {'query_generator.used_fields': 5, 'benchmark.operator': 'Optimized', 'query_generator.max_parallelism': 1, 'query_generator.ending_per_batch': 0, 'query_generator.reuse_sum_and_count_for_avg': False}
Configuration file: /sc/home/magnus.menger/repos/mt-flink-1-20/out/configs/1756130219842.yml

Running command: /sc/home/magnus.menger/repos/mt-flink-1-20/flink-1.20.2/bin/flink run /sc/home/magnus.menger/repos/mt-flink-1-20/target/mt-flink-1-20-1.0-SNAPSHOT-fat.jar /sc/home/magnus.menger/repos/mt-flink-1-20/out/configs/1756130219842.yml
STDOUT:
 Job has been submitted with JobID 055f02a567ffffda53c86e6576e38421
Program execution finished
Job with JobID 055f02a567ffffda53c86e6576e38421 has finished.
Job Runtime: 500529 ms


STDERR:
 

-------

Experiment #3/40
Configuration: {'query_generator.used_fields': 5, 'benchmark.operator': 'Optimized', 'query_generator.max_parallelism': 1, 'query_generator.ending_per_batch': 0}
Configuration file: /sc/home/magnus.menger/repos/mt-flink-1-20/out/configs/1756130725768.yml

Running command: /sc/home/magnus.menger/repos/mt-flink-1-20/flink-1.20.2/bin/flink run /sc/home/magnus.menger/repos/mt-flink-1-20/target/mt-flink-1-20-1.0-SNAPSHOT-fat.jar /sc/home/magnus.menger/repos/mt-flink-1-20/out/configs/1756130725768.yml
STDOUT:
 Job has been submitted with JobID 0e777f6564725eaec1b657eb7e05f399
Program execution finished
Job with JobID 0e777f6564725eaec1b657eb7e05f399 has finished.
Job Runtime: 500445 ms


STDERR:
 

-------

Experiment #4/40
Configuration: {'query_generator.used_fields': 5, 'benchmark.operator': 'Baseline', 'query_generator.max_parallelism': 50, 'query_generator.ending_per_batch': 5}
Configuration file: /sc/home/magnus.menger/repos/mt-flink-1-20/out/configs/1756131231516.yml

Running command: /sc/home/magnus.menger/repos/mt-flink-1-20/flink-1.20.2/bin/flink run /sc/home/magnus.menger/repos/mt-flink-1-20/target/mt-flink-1-20-1.0-SNAPSHOT-fat.jar /sc/home/magnus.menger/repos/mt-flink-1-20/out/configs/1756131231516.yml
STDOUT:
 Job has been submitted with JobID 8fa6849c01f983946783f2db83ed9281
Program execution finished
Job with JobID 8fa6849c01f983946783f2db83ed9281 has finished.
Job Runtime: 500473 ms


STDERR:
 

-------

Experiment #5/40
Configuration: {'query_generator.used_fields': 5, 'benchmark.operator': 'AStream', 'query_generator.max_parallelism': 50, 'query_generator.ending_per_batch': 5}
Configuration file: /sc/home/magnus.menger/repos/mt-flink-1-20/out/configs/1756131737150.yml

Running command: /sc/home/magnus.menger/repos/mt-flink-1-20/flink-1.20.2/bin/flink run /sc/home/magnus.menger/repos/mt-flink-1-20/target/mt-flink-1-20-1.0-SNAPSHOT-fat.jar /sc/home/magnus.menger/repos/mt-flink-1-20/out/configs/1756131737150.yml
STDOUT:
 Job has been submitted with JobID a9902b5596054965b8b30768d1bfdc9a
Program execution finished
Job with JobID a9902b5596054965b8b30768d1bfdc9a has finished.
Job Runtime: 500453 ms


STDERR:
 

-------

Experiment #6/40
Configuration: {'query_generator.used_fields': 5, 'benchmark.operator': 'Optimized', 'query_generator.max_parallelism': 50, 'query_generator.ending_per_batch': 5, 'query_generator.reuse_sum_and_count_for_avg': False}
Configuration file: /sc/home/magnus.menger/repos/mt-flink-1-20/out/configs/1756132242819.yml

Running command: /sc/home/magnus.menger/repos/mt-flink-1-20/flink-1.20.2/bin/flink run /sc/home/magnus.menger/repos/mt-flink-1-20/target/mt-flink-1-20-1.0-SNAPSHOT-fat.jar /sc/home/magnus.menger/repos/mt-flink-1-20/out/configs/1756132242819.yml
STDOUT:
 Job has been submitted with JobID 97dd2865c182f02b45f132b3d336964e
Program execution finished
Job with JobID 97dd2865c182f02b45f132b3d336964e has finished.
Job Runtime: 500491 ms


STDERR:
 

-------

Experiment #7/40
Configuration: {'query_generator.used_fields': 5, 'benchmark.operator': 'Optimized', 'query_generator.max_parallelism': 50, 'query_generator.ending_per_batch': 5}
Configuration file: /sc/home/magnus.menger/repos/mt-flink-1-20/out/configs/1756132748392.yml

Running command: /sc/home/magnus.menger/repos/mt-flink-1-20/flink-1.20.2/bin/flink run /sc/home/magnus.menger/repos/mt-flink-1-20/target/mt-flink-1-20-1.0-SNAPSHOT-fat.jar /sc/home/magnus.menger/repos/mt-flink-1-20/out/configs/1756132748392.yml
STDOUT:
 Job has been submitted with JobID 7c06a6b95ee206cdc99ed9bea5c24a05
Program execution finished
Job with JobID 7c06a6b95ee206cdc99ed9bea5c24a05 has finished.
Job Runtime: 500483 ms


STDERR:
 

-------

Experiment #8/40
Configuration: {'query_generator.used_fields': 5, 'benchmark.operator': 'Baseline', 'query_generator.max_parallelism': 200, 'query_generator.ending_per_batch': 20}
Configuration file: /sc/home/magnus.menger/repos/mt-flink-1-20/out/configs/1756133253961.yml

Running command: /sc/home/magnus.menger/repos/mt-flink-1-20/flink-1.20.2/bin/flink run /sc/home/magnus.menger/repos/mt-flink-1-20/target/mt-flink-1-20-1.0-SNAPSHOT-fat.jar /sc/home/magnus.menger/repos/mt-flink-1-20/out/configs/1756133253961.yml
STDOUT:
 Job has been submitted with JobID 430b8c5c9258edf004b91d10484c2bbc
Program execution finished
Job with JobID 430b8c5c9258edf004b91d10484c2bbc has finished.
Job Runtime: 500499 ms


STDERR:
 

-------

Experiment #9/40
Configuration: {'query_generator.used_fields': 5, 'benchmark.operator': 'AStream', 'query_generator.max_parallelism': 200, 'query_generator.ending_per_batch': 20}
Configuration file: /sc/home/magnus.menger/repos/mt-flink-1-20/out/configs/1756133759572.yml

Running command: /sc/home/magnus.menger/repos/mt-flink-1-20/flink-1.20.2/bin/flink run /sc/home/magnus.menger/repos/mt-flink-1-20/target/mt-flink-1-20-1.0-SNAPSHOT-fat.jar /sc/home/magnus.menger/repos/mt-flink-1-20/out/configs/1756133759572.yml
STDOUT:
 Job has been submitted with JobID 6d750c7949ce96bb200777f8d3bc9646
Program execution finished
Job with JobID 6d750c7949ce96bb200777f8d3bc9646 has finished.
Job Runtime: 500434 ms


STDERR:
 

-------

Experiment #10/40
Configuration: {'query_generator.used_fields': 5, 'benchmark.operator': 'Optimized', 'query_generator.max_parallelism': 200, 'query_generator.ending_per_batch': 20, 'query_generator.reuse_sum_and_count_for_avg': False}
Configuration file: /sc/home/magnus.menger/repos/mt-flink-1-20/out/configs/1756134265110.yml

Running command: /sc/home/magnus.menger/repos/mt-flink-1-20/flink-1.20.2/bin/flink run /sc/home/magnus.menger/repos/mt-flink-1-20/target/mt-flink-1-20-1.0-SNAPSHOT-fat.jar /sc/home/magnus.menger/repos/mt-flink-1-20/out/configs/1756134265110.yml
STDOUT:
 Job has been submitted with JobID d5b766804f7d53fef67a5bba861f6aa2
Program execution finished
Job with JobID d5b766804f7d53fef67a5bba861f6aa2 has finished.
Job Runtime: 500427 ms


STDERR:
 

-------

Experiment #11/40
Configuration: {'query_generator.used_fields': 5, 'benchmark.operator': 'Optimized', 'query_generator.max_parallelism': 200, 'query_generator.ending_per_batch': 20}
Configuration file: /sc/home/magnus.menger/repos/mt-flink-1-20/out/configs/1756134770721.yml

Running command: /sc/home/magnus.menger/repos/mt-flink-1-20/flink-1.20.2/bin/flink run /sc/home/magnus.menger/repos/mt-flink-1-20/target/mt-flink-1-20-1.0-SNAPSHOT-fat.jar /sc/home/magnus.menger/repos/mt-flink-1-20/out/configs/1756134770721.yml
STDOUT:
 Job has been submitted with JobID 478f584878da585437608fa62db9c184
Program execution finished
Job with JobID 478f584878da585437608fa62db9c184 has finished.
Job Runtime: 500460 ms


STDERR:
 

-------

Experiment #12/40
Configuration: {'query_generator.used_fields': 5, 'benchmark.operator': 'Baseline', 'query_generator.max_parallelism': 1000, 'query_generator.ending_per_batch': 100}
Configuration file: /sc/home/magnus.menger/repos/mt-flink-1-20/out/configs/1756135276383.yml

Running command: /sc/home/magnus.menger/repos/mt-flink-1-20/flink-1.20.2/bin/flink run /sc/home/magnus.menger/repos/mt-flink-1-20/target/mt-flink-1-20-1.0-SNAPSHOT-fat.jar /sc/home/magnus.menger/repos/mt-flink-1-20/out/configs/1756135276383.yml
STDOUT:
 Job has been submitted with JobID e87c465c826d4ff794577fd37123672b
Program execution finished
Job with JobID e87c465c826d4ff794577fd37123672b has finished.
Job Runtime: 500461 ms


STDERR:
 

-------

Experiment #13/40
Configuration: {'query_generator.used_fields': 5, 'benchmark.operator': 'AStream', 'query_generator.max_parallelism': 1000, 'query_generator.ending_per_batch': 100}
Configuration file: /sc/home/magnus.menger/repos/mt-flink-1-20/out/configs/1756135782109.yml

Running command: /sc/home/magnus.menger/repos/mt-flink-1-20/flink-1.20.2/bin/flink run /sc/home/magnus.menger/repos/mt-flink-1-20/target/mt-flink-1-20-1.0-SNAPSHOT-fat.jar /sc/home/magnus.menger/repos/mt-flink-1-20/out/configs/1756135782109.yml
STDOUT:
 Job has been submitted with JobID 53a8d2910f54b18a7476f42d3ec651c0
Program execution finished
Job with JobID 53a8d2910f54b18a7476f42d3ec651c0 has finished.
Job Runtime: 500450 ms


STDERR:
 

-------

Experiment #14/40
Configuration: {'query_generator.used_fields': 5, 'benchmark.operator': 'Optimized', 'query_generator.max_parallelism': 1000, 'query_generator.ending_per_batch': 100, 'query_generator.reuse_sum_and_count_for_avg': False}
Configuration file: /sc/home/magnus.menger/repos/mt-flink-1-20/out/configs/1756136287850.yml

Running command: /sc/home/magnus.menger/repos/mt-flink-1-20/flink-1.20.2/bin/flink run /sc/home/magnus.menger/repos/mt-flink-1-20/target/mt-flink-1-20-1.0-SNAPSHOT-fat.jar /sc/home/magnus.menger/repos/mt-flink-1-20/out/configs/1756136287850.yml
STDOUT:
 Job has been submitted with JobID f5afdfa56fd044102684c5f567775fde
Program execution finished
Job with JobID f5afdfa56fd044102684c5f567775fde has finished.
Job Runtime: 500461 ms


STDERR:
 

-------

Experiment #15/40
Configuration: {'query_generator.used_fields': 5, 'benchmark.operator': 'Optimized', 'query_generator.max_parallelism': 1000, 'query_generator.ending_per_batch': 100}
Configuration file: /sc/home/magnus.menger/repos/mt-flink-1-20/out/configs/1756136793627.yml

Running command: /sc/home/magnus.menger/repos/mt-flink-1-20/flink-1.20.2/bin/flink run /sc/home/magnus.menger/repos/mt-flink-1-20/target/mt-flink-1-20-1.0-SNAPSHOT-fat.jar /sc/home/magnus.menger/repos/mt-flink-1-20/out/configs/1756136793627.yml
STDOUT:
 Job has been submitted with JobID 8bcb5da0e50851a0c6fa06a7b1386485
Program execution finished
Job with JobID 8bcb5da0e50851a0c6fa06a7b1386485 has finished.
Job Runtime: 500446 ms


STDERR:
 

-------

Experiment #16/40
Configuration: {'query_generator.used_fields': 5, 'benchmark.operator': 'Baseline', 'query_generator.max_parallelism': 5000, 'query_generator.ending_per_batch': 500}
Configuration file: /sc/home/magnus.menger/repos/mt-flink-1-20/out/configs/1756137299231.yml

Running command: /sc/home/magnus.menger/repos/mt-flink-1-20/flink-1.20.2/bin/flink run /sc/home/magnus.menger/repos/mt-flink-1-20/target/mt-flink-1-20-1.0-SNAPSHOT-fat.jar /sc/home/magnus.menger/repos/mt-flink-1-20/out/configs/1756137299231.yml
STDOUT:
 Job has been submitted with JobID 4fb5a00f90c2c1c3c4fc4dbc5f009df8
Program execution finished
Job with JobID 4fb5a00f90c2c1c3c4fc4dbc5f009df8 has finished.
Job Runtime: 500456 ms


STDERR:
 

-------

Experiment #17/40
Configuration: {'query_generator.used_fields': 5, 'benchmark.operator': 'AStream', 'query_generator.max_parallelism': 5000, 'query_generator.ending_per_batch': 500}
Configuration file: /sc/home/magnus.menger/repos/mt-flink-1-20/out/configs/1756137804927.yml

Running command: /sc/home/magnus.menger/repos/mt-flink-1-20/flink-1.20.2/bin/flink run /sc/home/magnus.menger/repos/mt-flink-1-20/target/mt-flink-1-20-1.0-SNAPSHOT-fat.jar /sc/home/magnus.menger/repos/mt-flink-1-20/out/configs/1756137804927.yml
STDOUT:
 Job has been submitted with JobID efb48066da5f00084bfd31191815799c
Program execution finished
Job with JobID efb48066da5f00084bfd31191815799c has finished.
Job Runtime: 500544 ms


STDERR:
 

-------

Experiment #18/40
Configuration: {'query_generator.used_fields': 5, 'benchmark.operator': 'Optimized', 'query_generator.max_parallelism': 5000, 'query_generator.ending_per_batch': 500, 'query_generator.reuse_sum_and_count_for_avg': False}
Configuration file: /sc/home/magnus.menger/repos/mt-flink-1-20/out/configs/1756138310671.yml

Running command: /sc/home/magnus.menger/repos/mt-flink-1-20/flink-1.20.2/bin/flink run /sc/home/magnus.menger/repos/mt-flink-1-20/target/mt-flink-1-20-1.0-SNAPSHOT-fat.jar /sc/home/magnus.menger/repos/mt-flink-1-20/out/configs/1756138310671.yml
STDOUT:
 Job has been submitted with JobID f7664fe762b49acedb6ce7b4ce895acc
Program execution finished
Job with JobID f7664fe762b49acedb6ce7b4ce895acc has finished.
Job Runtime: 500461 ms


STDERR:
 

-------

Experiment #19/40
Configuration: {'query_generator.used_fields': 5, 'benchmark.operator': 'Optimized', 'query_generator.max_parallelism': 5000, 'query_generator.ending_per_batch': 500}
Configuration file: /sc/home/magnus.menger/repos/mt-flink-1-20/out/configs/1756138816334.yml

Running command: /sc/home/magnus.menger/repos/mt-flink-1-20/flink-1.20.2/bin/flink run /sc/home/magnus.menger/repos/mt-flink-1-20/target/mt-flink-1-20-1.0-SNAPSHOT-fat.jar /sc/home/magnus.menger/repos/mt-flink-1-20/out/configs/1756138816334.yml
STDOUT:
 Job has been submitted with JobID fe2c337d446ec9d75dbb4138f11437b2
Program execution finished
Job with JobID fe2c337d446ec9d75dbb4138f11437b2 has finished.
Job Runtime: 500432 ms


STDERR:
 

-------

Experiment #20/40
Configuration: {'query_generator.used_fields': 5, 'benchmark.operator': 'Baseline', 'query_generator.different_aggregations': 1}
Configuration file: /sc/home/magnus.menger/repos/mt-flink-1-20/out/configs/1756139321798.yml

Running command: /sc/home/magnus.menger/repos/mt-flink-1-20/flink-1.20.2/bin/flink run /sc/home/magnus.menger/repos/mt-flink-1-20/target/mt-flink-1-20-1.0-SNAPSHOT-fat.jar /sc/home/magnus.menger/repos/mt-flink-1-20/out/configs/1756139321798.yml
STDOUT:
 Job has been submitted with JobID d6ecf3a7ea3811e1e3a7abab955e918c
Program execution finished
Job with JobID d6ecf3a7ea3811e1e3a7abab955e918c has finished.
Job Runtime: 500435 ms


STDERR:
 

-------

Experiment #21/40
Configuration: {'query_generator.used_fields': 5, 'benchmark.operator': 'AStream', 'query_generator.different_aggregations': 1}
Configuration file: /sc/home/magnus.menger/repos/mt-flink-1-20/out/configs/1756139827482.yml

Running command: /sc/home/magnus.menger/repos/mt-flink-1-20/flink-1.20.2/bin/flink run /sc/home/magnus.menger/repos/mt-flink-1-20/target/mt-flink-1-20-1.0-SNAPSHOT-fat.jar /sc/home/magnus.menger/repos/mt-flink-1-20/out/configs/1756139827482.yml
STDOUT:
 Job has been submitted with JobID bcb6d7d20518085c02467f15e0fa4f15
Program execution finished
Job with JobID bcb6d7d20518085c02467f15e0fa4f15 has finished.
Job Runtime: 500569 ms


STDERR:
 

-------

Experiment #22/40
Configuration: {'query_generator.used_fields': 5, 'benchmark.operator': 'Optimized', 'query_generator.different_aggregations': 1, 'query_generator.reuse_sum_and_count_for_avg': False}
Configuration file: /sc/home/magnus.menger/repos/mt-flink-1-20/out/configs/1756140333290.yml

Running command: /sc/home/magnus.menger/repos/mt-flink-1-20/flink-1.20.2/bin/flink run /sc/home/magnus.menger/repos/mt-flink-1-20/target/mt-flink-1-20-1.0-SNAPSHOT-fat.jar /sc/home/magnus.menger/repos/mt-flink-1-20/out/configs/1756140333290.yml
STDOUT:
 Job has been submitted with JobID 6160436e8dba9de9abdd58c6f702e5ae
Program execution finished
Job with JobID 6160436e8dba9de9abdd58c6f702e5ae has finished.
Job Runtime: 500445 ms


STDERR:
 

-------

Experiment #23/40
Configuration: {'query_generator.used_fields': 5, 'benchmark.operator': 'Optimized', 'query_generator.different_aggregations': 1}
Configuration file: /sc/home/magnus.menger/repos/mt-flink-1-20/out/configs/1756140838916.yml

Running command: /sc/home/magnus.menger/repos/mt-flink-1-20/flink-1.20.2/bin/flink run /sc/home/magnus.menger/repos/mt-flink-1-20/target/mt-flink-1-20-1.0-SNAPSHOT-fat.jar /sc/home/magnus.menger/repos/mt-flink-1-20/out/configs/1756140838916.yml
STDOUT:
 Job has been submitted with JobID e5c313e0b83d673958ab68aa04b5c568
Program execution finished
Job with JobID e5c313e0b83d673958ab68aa04b5c568 has finished.
Job Runtime: 500465 ms


STDERR:
 

-------

Experiment #24/40
Configuration: {'query_generator.used_fields': 5, 'benchmark.operator': 'Baseline', 'query_generator.different_aggregations': 5}
Configuration file: /sc/home/magnus.menger/repos/mt-flink-1-20/out/configs/1756141344346.yml

Running command: /sc/home/magnus.menger/repos/mt-flink-1-20/flink-1.20.2/bin/flink run /sc/home/magnus.menger/repos/mt-flink-1-20/target/mt-flink-1-20-1.0-SNAPSHOT-fat.jar /sc/home/magnus.menger/repos/mt-flink-1-20/out/configs/1756141344346.yml
STDOUT:
 Job has been submitted with JobID ce06ea42651840af90e5cb1169805f7d
Program execution finished
Job with JobID ce06ea42651840af90e5cb1169805f7d has finished.
Job Runtime: 500465 ms


STDERR:
 

-------

Experiment #25/40
Configuration: {'query_generator.used_fields': 5, 'benchmark.operator': 'AStream', 'query_generator.different_aggregations': 5}
Configuration file: /sc/home/magnus.menger/repos/mt-flink-1-20/out/configs/1756141849933.yml

Running command: /sc/home/magnus.menger/repos/mt-flink-1-20/flink-1.20.2/bin/flink run /sc/home/magnus.menger/repos/mt-flink-1-20/target/mt-flink-1-20-1.0-SNAPSHOT-fat.jar /sc/home/magnus.menger/repos/mt-flink-1-20/out/configs/1756141849933.yml
STDOUT:
 Job has been submitted with JobID fb31bd91d3f5ebc32a79c9e8160c2c36
Program execution finished
Job with JobID fb31bd91d3f5ebc32a79c9e8160c2c36 has finished.
Job Runtime: 500505 ms


STDERR:
 

-------

Experiment #26/40
Configuration: {'query_generator.used_fields': 5, 'benchmark.operator': 'Optimized', 'query_generator.different_aggregations': 5, 'query_generator.reuse_sum_and_count_for_avg': False}
Configuration file: /sc/home/magnus.menger/repos/mt-flink-1-20/out/configs/1756142355527.yml

Running command: /sc/home/magnus.menger/repos/mt-flink-1-20/flink-1.20.2/bin/flink run /sc/home/magnus.menger/repos/mt-flink-1-20/target/mt-flink-1-20-1.0-SNAPSHOT-fat.jar /sc/home/magnus.menger/repos/mt-flink-1-20/out/configs/1756142355527.yml
STDOUT:
 Job has been submitted with JobID d2500ec5e8530a59b8b9702e0f0f1cb3
Program execution finished
Job with JobID d2500ec5e8530a59b8b9702e0f0f1cb3 has finished.
Job Runtime: 500446 ms


STDERR:
 

-------

Experiment #27/40
Configuration: {'query_generator.used_fields': 5, 'benchmark.operator': 'Optimized', 'query_generator.different_aggregations': 5}
Configuration file: /sc/home/magnus.menger/repos/mt-flink-1-20/out/configs/1756142861163.yml

Running command: /sc/home/magnus.menger/repos/mt-flink-1-20/flink-1.20.2/bin/flink run /sc/home/magnus.menger/repos/mt-flink-1-20/target/mt-flink-1-20-1.0-SNAPSHOT-fat.jar /sc/home/magnus.menger/repos/mt-flink-1-20/out/configs/1756142861163.yml
STDOUT:
 Job has been submitted with JobID 161444319bcecc2149445480626a762e
Program execution finished
Job with JobID 161444319bcecc2149445480626a762e has finished.
Job Runtime: 500432 ms


STDERR:
 

-------

Experiment #28/40
Configuration: {'query_generator.used_fields': 5, 'benchmark.operator': 'Baseline', 'query_generator.different_aggregations': 15}
Configuration file: /sc/home/magnus.menger/repos/mt-flink-1-20/out/configs/1756143366866.yml

Running command: /sc/home/magnus.menger/repos/mt-flink-1-20/flink-1.20.2/bin/flink run /sc/home/magnus.menger/repos/mt-flink-1-20/target/mt-flink-1-20-1.0-SNAPSHOT-fat.jar /sc/home/magnus.menger/repos/mt-flink-1-20/out/configs/1756143366866.yml
STDOUT:
 Job has been submitted with JobID 2a7d6a2ec8e876a7487709fc395a6263
Program execution finished
Job with JobID 2a7d6a2ec8e876a7487709fc395a6263 has finished.
Job Runtime: 500451 ms


STDERR:
 

-------

Experiment #29/40
Configuration: {'query_generator.used_fields': 5, 'benchmark.operator': 'AStream', 'query_generator.different_aggregations': 15}
Configuration file: /sc/home/magnus.menger/repos/mt-flink-1-20/out/configs/1756143872402.yml

Running command: /sc/home/magnus.menger/repos/mt-flink-1-20/flink-1.20.2/bin/flink run /sc/home/magnus.menger/repos/mt-flink-1-20/target/mt-flink-1-20-1.0-SNAPSHOT-fat.jar /sc/home/magnus.menger/repos/mt-flink-1-20/out/configs/1756143872402.yml
STDOUT:
 Job has been submitted with JobID 4632598d02125e21898da5069f1b3b27
Program execution finished
Job with JobID 4632598d02125e21898da5069f1b3b27 has finished.
Job Runtime: 500545 ms


STDERR:
 

-------

Experiment #30/40
Configuration: {'query_generator.used_fields': 5, 'benchmark.operator': 'Optimized', 'query_generator.different_aggregations': 15, 'query_generator.reuse_sum_and_count_for_avg': False}
Configuration file: /sc/home/magnus.menger/repos/mt-flink-1-20/out/configs/1756144378172.yml

Running command: /sc/home/magnus.menger/repos/mt-flink-1-20/flink-1.20.2/bin/flink run /sc/home/magnus.menger/repos/mt-flink-1-20/target/mt-flink-1-20-1.0-SNAPSHOT-fat.jar /sc/home/magnus.menger/repos/mt-flink-1-20/out/configs/1756144378172.yml
STDOUT:
 Job has been submitted with JobID 01ea0278445083ad371828684a1c7f20
Program execution finished
Job with JobID 01ea0278445083ad371828684a1c7f20 has finished.
Job Runtime: 500442 ms


STDERR:
 

-------

Experiment #31/40
Configuration: {'query_generator.used_fields': 5, 'benchmark.operator': 'Optimized', 'query_generator.different_aggregations': 15}
Configuration file: /sc/home/magnus.menger/repos/mt-flink-1-20/out/configs/1756144883841.yml

Running command: /sc/home/magnus.menger/repos/mt-flink-1-20/flink-1.20.2/bin/flink run /sc/home/magnus.menger/repos/mt-flink-1-20/target/mt-flink-1-20-1.0-SNAPSHOT-fat.jar /sc/home/magnus.menger/repos/mt-flink-1-20/out/configs/1756144883841.yml
STDOUT:
 Job has been submitted with JobID 5a91ddaf004cfd67a296a2527ed935c5
Program execution finished
Job with JobID 5a91ddaf004cfd67a296a2527ed935c5 has finished.
Job Runtime: 500442 ms


STDERR:
 

-------

Experiment #32/40
Configuration: {'query_generator.used_fields': 5, 'benchmark.operator': 'Baseline', 'query_generator.different_filters': 50}
Configuration file: /sc/home/magnus.menger/repos/mt-flink-1-20/out/configs/1756145389275.yml

Running command: /sc/home/magnus.menger/repos/mt-flink-1-20/flink-1.20.2/bin/flink run /sc/home/magnus.menger/repos/mt-flink-1-20/target/mt-flink-1-20-1.0-SNAPSHOT-fat.jar /sc/home/magnus.menger/repos/mt-flink-1-20/out/configs/1756145389275.yml
STDOUT:
 Job has been submitted with JobID 0c820a16ad246d36e7389a4f6f8c5f4e
Program execution finished
Job with JobID 0c820a16ad246d36e7389a4f6f8c5f4e has finished.
Job Runtime: 500443 ms


STDERR:
 

-------

Experiment #33/40
Configuration: {'query_generator.used_fields': 5, 'benchmark.operator': 'AStream', 'query_generator.different_filters': 50}
Configuration file: /sc/home/magnus.menger/repos/mt-flink-1-20/out/configs/1756145895150.yml

Running command: /sc/home/magnus.menger/repos/mt-flink-1-20/flink-1.20.2/bin/flink run /sc/home/magnus.menger/repos/mt-flink-1-20/target/mt-flink-1-20-1.0-SNAPSHOT-fat.jar /sc/home/magnus.menger/repos/mt-flink-1-20/out/configs/1756145895150.yml
STDOUT:
 Job has been submitted with JobID 4c28cd65fd1e4d1159edd287ccc787da
Program execution finished
Job with JobID 4c28cd65fd1e4d1159edd287ccc787da has finished.
Job Runtime: 500486 ms


STDERR:
 

-------

Experiment #34/40
Configuration: {'query_generator.used_fields': 5, 'benchmark.operator': 'Optimized', 'query_generator.different_filters': 50, 'query_generator.reuse_sum_and_count_for_avg': False}
Configuration file: /sc/home/magnus.menger/repos/mt-flink-1-20/out/configs/1756146400779.yml

Running command: /sc/home/magnus.menger/repos/mt-flink-1-20/flink-1.20.2/bin/flink run /sc/home/magnus.menger/repos/mt-flink-1-20/target/mt-flink-1-20-1.0-SNAPSHOT-fat.jar /sc/home/magnus.menger/repos/mt-flink-1-20/out/configs/1756146400779.yml
STDOUT:
 Job has been submitted with JobID 4ab8358808fce9a324d43a1f818699c7
Program execution finished
Job with JobID 4ab8358808fce9a324d43a1f818699c7 has finished.
Job Runtime: 500415 ms


STDERR:
 

-------

Experiment #35/40
Configuration: {'query_generator.used_fields': 5, 'benchmark.operator': 'Optimized', 'query_generator.different_filters': 50}
Configuration file: /sc/home/magnus.menger/repos/mt-flink-1-20/out/configs/1756146906288.yml

Running command: /sc/home/magnus.menger/repos/mt-flink-1-20/flink-1.20.2/bin/flink run /sc/home/magnus.menger/repos/mt-flink-1-20/target/mt-flink-1-20-1.0-SNAPSHOT-fat.jar /sc/home/magnus.menger/repos/mt-flink-1-20/out/configs/1756146906288.yml
STDOUT:
 Job has been submitted with JobID 67b430a48185e061a4e6922324b71aa5
Program execution finished
Job with JobID 67b430a48185e061a4e6922324b71aa5 has finished.
Job Runtime: 500428 ms


STDERR:
 

-------

Experiment #36/40
Configuration: {'query_generator.used_fields': 5, 'benchmark.operator': 'Baseline', 'query_generator.different_filters': 200}
Configuration file: /sc/home/magnus.menger/repos/mt-flink-1-20/out/configs/1756147411656.yml

Running command: /sc/home/magnus.menger/repos/mt-flink-1-20/flink-1.20.2/bin/flink run /sc/home/magnus.menger/repos/mt-flink-1-20/target/mt-flink-1-20-1.0-SNAPSHOT-fat.jar /sc/home/magnus.menger/repos/mt-flink-1-20/out/configs/1756147411656.yml
STDOUT:
 Job has been submitted with JobID 92a59ab11732a9f6796e47e33d40b1f0
Program execution finished
Job with JobID 92a59ab11732a9f6796e47e33d40b1f0 has finished.
Job Runtime: 500455 ms


STDERR:
 

-------

Experiment #37/40
Configuration: {'query_generator.used_fields': 5, 'benchmark.operator': 'AStream', 'query_generator.different_filters': 200}
Configuration file: /sc/home/magnus.menger/repos/mt-flink-1-20/out/configs/1756147917276.yml

Running command: /sc/home/magnus.menger/repos/mt-flink-1-20/flink-1.20.2/bin/flink run /sc/home/magnus.menger/repos/mt-flink-1-20/target/mt-flink-1-20-1.0-SNAPSHOT-fat.jar /sc/home/magnus.menger/repos/mt-flink-1-20/out/configs/1756147917276.yml
STDOUT:
 Job has been submitted with JobID cdd27820eda235557307871088fb7533
Program execution finished
Job with JobID cdd27820eda235557307871088fb7533 has finished.
Job Runtime: 500420 ms


STDERR:
 

-------

Experiment #38/40
Configuration: {'query_generator.used_fields': 5, 'benchmark.operator': 'Optimized', 'query_generator.different_filters': 200, 'query_generator.reuse_sum_and_count_for_avg': False}
Configuration file: /sc/home/magnus.menger/repos/mt-flink-1-20/out/configs/1756148422967.yml

Running command: /sc/home/magnus.menger/repos/mt-flink-1-20/flink-1.20.2/bin/flink run /sc/home/magnus.menger/repos/mt-flink-1-20/target/mt-flink-1-20-1.0-SNAPSHOT-fat.jar /sc/home/magnus.menger/repos/mt-flink-1-20/out/configs/1756148422967.yml
STDOUT:
 Job has been submitted with JobID b7e6cbad032e4fc5d926132ff2da8b83
Program execution finished
Job with JobID b7e6cbad032e4fc5d926132ff2da8b83 has finished.
Job Runtime: 500439 ms


STDERR:
 

-------

Experiment #39/40
Configuration: {'query_generator.used_fields': 5, 'benchmark.operator': 'Optimized', 'query_generator.different_filters': 200}
Configuration file: /sc/home/magnus.menger/repos/mt-flink-1-20/out/configs/1756148928302.yml

Running command: /sc/home/magnus.menger/repos/mt-flink-1-20/flink-1.20.2/bin/flink run /sc/home/magnus.menger/repos/mt-flink-1-20/target/mt-flink-1-20-1.0-SNAPSHOT-fat.jar /sc/home/magnus.menger/repos/mt-flink-1-20/out/configs/1756148928302.yml
STDOUT:
 Job has been submitted with JobID e0d367f548e163da01141916248bda22
Program execution finished
Job with JobID e0d367f548e163da01141916248bda22 has finished.
Job Runtime: 500455 ms


STDERR:
 

-------

+ /sc/home/magnus.menger/repos/mt-flink-1-20/flink-1.20.2/bin/stop-cluster.sh
Stopping taskexecutor daemon (pid: 2435757) on host cx03.
Stopping standalonesession daemon (pid: 2435223) on host cx03.
